<html>
<body>
<pre>
<h1>µVision Build Log</h1>
<h2>Tool Versions:</h2>
IDE-Version: ¦ÌVision V5.15
Copyright (C) 2015 ARM Ltd and ARM Germany GmbH. All rights reserved.
License Information: an puqiang, hit, LIC=PE7Z9-4K4CA-1P1Z5-GEMYL-NB0KZ-C1EWV
 
Tool Versions:
Toolchain:       MDK-ARM Standard  Version: 5.15.0
Toolchain Path:  C:\Keil_v5\ARM\ARMCC\Bin
C Compiler:      Armcc.exe V5.05 update 2 (build 169)
Assembler:       Armasm.exe V5.05 update 2 (build 169)
Linker/Locator:  ArmLink.exe V5.05 update 2 (build 169)
Library Manager: ArmAr.exe V5.05 update 2 (build 169)
Hex Converter:   FromElf.exe V5.05 update 2 (build 169)
CPU DLL:         SARMCM3.DLL V5.15.0
Dialog DLL:      DCM.DLL V1.13.2.0
Target DLL:      Segger\JL2CM3.dll V2.99.15.0
Dialog DLL:      TCM.DLL V1.14.5.0
 
<h2>Project:</h2>
D:\git\git_repository\gpcs_project\USER\Template.uvprojx
Project File Date:  03/23/2017

<h2>Output:</h2>
*** Using Compiler 'V5.05 update 2 (build 169)', folder: 'C:\Keil_v5\ARM\ARMCC\Bin'
Build target 'Target 1'
compiling main.c...
main.c(244): warning:  #177-D: variable "buffa" was declared but never referenced
        char *buffa;                // Device header
main.c(245): warning:  #177-D: variable "mpua" was declared but never referenced
        char *mpua;
main.c(246): warning:  #177-D: variable "mpuaInit" was declared but never referenced
        char *mpuaInit; //Î´Ð£?ýµ??ý¾?
main.c(329): warning:  #177-D: variable "err" was declared but never referenced
        OS_ERR err;
main.c: 4 warnings, 0 errors
linking...
Program Size: Code=76114 RO-data=180390 RW-data=756 ZI-data=39444  
FromELF: creating hex file...
"..\OBJ\MALLOC.axf" - 0 Error(s), 4 Warning(s).

<h2>Collection of Component include folders:</h2>
  D:\git\git_repository\gpcs_project\USER\RTE
  C:\Keil_v5\ARM\PACK\Keil\STM32F1xx_DFP\2.1.0\Device\Include

<h2>Collection of Component Files used:</h2>
</pre>
</body>
</html>
