<html>
<body>
<pre>
<h1>µVision Build Log</h1>
<h2>Tool Versions:</h2>
IDE-Version: ¦ÌVision V5.15
Copyright (C) 2015 ARM Ltd and ARM Germany GmbH. All rights reserved.
License Information: an puqiang, hit, LIC=PE7Z9-4K4CA-1P1Z5-GEMYL-NB0KZ-C1EWV
 
Tool Versions:
Toolchain:       MDK-ARM Standard  Version: 5.15.0
Toolchain Path:  C:\Keil_v5\ARM\ARMCC\Bin
C Compiler:      Armcc.exe V5.05 update 2 (build 169)
Assembler:       Armasm.exe V5.05 update 2 (build 169)
Linker/Locator:  ArmLink.exe V5.05 update 2 (build 169)
Library Manager: ArmAr.exe V5.05 update 2 (build 169)
Hex Converter:   FromElf.exe V5.05 update 2 (build 169)
CPU DLL:         SARMCM3.DLL V5.15.0
Dialog DLL:      DCM.DLL V1.13.2.0
Target DLL:      Segger\JL2CM3.dll V2.99.15.0
Dialog DLL:      TCM.DLL V1.14.5.0
 
<h2>Project:</h2>
D:\git\git_repository\gpcs_project\USER\Template.uvprojx
Project File Date:  03/06/2017

<h2>Output:</h2>
*** Using Compiler 'V5.05 update 2 (build 169)', folder: 'C:\Keil_v5\ARM\ARMCC\Bin'
Rebuild target 'Target 1'
compiling main.c...
main.c(213): warning:  #177-D: variable "gps_number" was declared but never referenced
        u8 gps_number=0;
main.c(215): warning:  #177-D: variable "file_size" was declared but never referenced
        u32 file_size;
main.c(217): warning:  #177-D: variable "name" was declared but never referenced
        unsigned int name=0;
main.c(218): warning:  #177-D: variable "buf" was declared but never referenced
        char buf[100];
main.c(268): warning:  #177-D: variable "err" was declared but never referenced
        OS_ERR err;
main.c: 5 warnings, 0 errors
compiling stm32f10x_it.c...
compiling system_stm32f10x.c...
compiling led.c...
compiling key.c...
compiling MMC_SD.C...
compiling spi.c...
compiling flash.c...
compiling sim808.c...
compiling timer.c...
..\HARDWARE\TIMER\timer.c(43): warning:  #177-D: variable "flag" was declared but never referenced
        static u8 flag =1;
..\HARDWARE\TIMER\timer.c: 1 warning, 0 errors
compiling delay.c...
compiling sys.c...
compiling usart.c...
compiling usart2.c...
compiling core_cm3.c...
assembling startup_stm32f10x_hd.s...
compiling misc.c...
compiling stm32f10x_gpio.c...
compiling stm32f10x_usart.c...
compiling stm32f10x_rcc.c...
compiling stm32f10x_spi.c...
compiling stm32f10x_tim.c...
compiling stm32f10x_dma.c...
compiling bsp.c...
compiling cpu_core.c...
compiling cpu_c.c...
assembling cpu_a.asm...
compiling lib_ascii.c...
compiling lib_math.c...
compiling lib_mem.c...
compiling lib_str.c...
assembling lib_mem_a.asm...
compiling os_cfg_app.c...
compiling os_core.c...
compiling os_dbg.c...
compiling os_flag.c...
compiling os_int.c...
compiling os_mem.c...
compiling os_msg.c...
compiling os_mutex.c...
compiling os_pend_multi.c...
compiling os_prio.c...
compiling os_q.c...
compiling os_sem.c...
compiling os_stat.c...
compiling os_task.c...
compiling os_tick.c...
compiling os_time.c...
compiling os_tmr.c...
compiling os_var.c...
assembling os_cpu_a.s...
compiling os_cpu_c.c...
compiling os_app_hooks.c...
compiling diskio.c...
compiling ff.c...
compiling cc936.c...
compiling exfuns.c...
compiling malloc.c...
linking...
Program Size: Code=54712 RO-data=176592 RW-data=660 ZI-data=43556  
FromELF: creating hex file...
"..\OBJ\MALLOC.axf" - 0 Error(s), 6 Warning(s).

<h2>Collection of Component include folders:</h2>
  D:\git\git_repository\gpcs_project\USER\RTE
  C:\Keil_v5\ARM\PACK\Keil\STM32F1xx_DFP\2.1.0\Device\Include

<h2>Collection of Component Files used:</h2>
</pre>
</body>
</html>
