Component: ARM Compiler 5.05 update 2 (build 169) Tool: armlink [4d0f33]

==============================================================================

Section Cross References

    main.o(.text) refers to _printf_percent.o(.ARM.Collect$$_printf_percent$$00000000) for _printf_percent
    main.o(.text) refers to _printf_s.o(.ARM.Collect$$_printf_percent$$00000014) for _printf_s
    main.o(.text) refers to _printf_str.o(.text) for _printf_str
    main.o(.text) refers to _printf_d.o(.ARM.Collect$$_printf_percent$$00000009) for _printf_d
    main.o(.text) refers to _printf_dec.o(.text) for _printf_int_dec
    main.o(.text) refers to mmc_sd.o(.text) for SD_Initialize
    main.o(.text) refers to __2printf.o(.text) for __2printf
    main.o(.text) refers to ff.o(.text) for f_open
    main.o(.text) refers to strlen.o(.text) for strlen
    main.o(.text) refers to usart2.o(.text) for CLR_Buf2
    main.o(.text) refers to os_sem.o(.text) for OSSemPend
    main.o(.text) refers to sim808.o(.text) for sim808_send_cmd
    main.o(.text) refers to delay.o(.text) for delay_ms
    main.o(.text) refers to os_time.o(.text) for OSTimeDlyHMSM
    main.o(.text) refers to cpu_core.o(.text) for CPU_Init
    main.o(.text) refers to os_stat.o(.text) for OSStatTaskCPUUsageInit
    main.o(.text) refers to os_core.o(.text) for OSSchedRoundRobinCfg
    main.o(.text) refers to cpu_a.o(.text) for CPU_SR_Save
    main.o(.text) refers to os_task.o(.text) for OSTaskCreate
    main.o(.text) refers to misc.o(.text) for NVIC_PriorityGroupConfig
    main.o(.text) refers to usart.o(.text) for uart_init
    main.o(.text) refers to timer.o(.text) for Timer2_Init_Config
    main.o(.text) refers to led.o(.text) for LED_Init
    main.o(.text) refers to key.o(.text) for KEY_Init
    main.o(.text) refers to malloc.o(.text) for mem_init
    main.o(.text) refers to exfuns.o(.text) for exfuns_init
    main.o(.text) refers to main.o(.bss) for .bss
    main.o(.text) refers to exfuns.o(.data) for file
    main.o(.text) refers to main.o(.data) for .data
    main.o(.text) refers to exfuns.o(.data) for br
    main.o(.text) refers to usart2.o(.bss) for USART2_RX_BUF
    main.o(.text) refers to os_var.o(.data) for OSSchedLockNestingCtr
    main.o(.text) refers to os_var.o(.data) for OSIntQNbrEntries
    main.o(.data) refers to main.o(.conststring) for .conststring
    system_stm32f10x.o(.text) refers to system_stm32f10x.o(.data) for .data
    led.o(.text) refers to stm32f10x_rcc.o(.text) for RCC_APB2PeriphClockCmd
    led.o(.text) refers to stm32f10x_gpio.o(.text) for GPIO_Init
    key.o(.text) refers to stm32f10x_rcc.o(.text) for RCC_APB2PeriphClockCmd
    key.o(.text) refers to stm32f10x_gpio.o(.text) for GPIO_PinRemapConfig
    key.o(.text) refers to delay.o(.text) for delay_ms
    key.o(.text) refers to key.o(.data) for .data
    mmc_sd.o(.text) refers to spi.o(.text) for SPI1_ReadWriteByte
    mmc_sd.o(.text) refers to stm32f10x_rcc.o(.text) for RCC_APB2PeriphClockCmd
    mmc_sd.o(.text) refers to stm32f10x_gpio.o(.text) for GPIO_Init
    mmc_sd.o(.text) refers to mmc_sd.o(.data) for .data
    spi.o(.text) refers to stm32f10x_spi.o(.text) for SPI_I2S_GetFlagStatus
    spi.o(.text) refers to stm32f10x_rcc.o(.text) for RCC_APB2PeriphClockCmd
    spi.o(.text) refers to stm32f10x_gpio.o(.text) for GPIO_Init
    spi.o(.text) refers to spi.o(.bss) for .bss
    flash.o(.text) refers to spi.o(.text) for SPI1_ReadWriteByte
    flash.o(.text) refers to stm32f10x_rcc.o(.text) for RCC_APB2PeriphClockCmd
    flash.o(.text) refers to stm32f10x_gpio.o(.text) for GPIO_Init
    flash.o(.text) refers to delay.o(.text) for delay_us
    flash.o(.text) refers to flash.o(.data) for .data
    flash.o(.text) refers to flash.o(.bss) for .bss
    sim808.o(.text) refers to strstr.o(.text) for strstr
    sim808.o(.text) refers to usart2.o(.text) for u2_printf
    sim808.o(.text) refers to delay.o(.text) for delay_ms
    sim808.o(.text) refers to __2printf.o(.text) for __2printf
    sim808.o(.text) refers to usart2.o(.data) for USART2_RX_STA
    sim808.o(.text) refers to usart2.o(.bss) for USART2_RX_BUF
    sim808.o(.text) refers to main.o(.data) for Times
    sim808.o(.text) refers to main.o(.data) for shijian
    sim808.o(.text) refers to main.o(.data) for Timer0_start
    timer.o(.text) refers to stm32f10x_rcc.o(.text) for RCC_APB1PeriphClockCmd
    timer.o(.text) refers to stm32f10x_tim.o(.text) for TIM_TimeBaseInit
    timer.o(.text) refers to misc.o(.text) for NVIC_Init
    timer.o(.text) refers to main.o(.data) for Timer0_start
    timer.o(.text) refers to main.o(.data) for Times
    timer.o(.text) refers to main.o(.data) for shijian
    timer.o(.text) refers to main.o(.data) for Heartbeat
    timer.o(.text) refers to main.o(.data) for Heart_beat
    delay.o(.text) refers to os_core.o(.text) for OSSchedLock
    delay.o(.text) refers to os_time.o(.text) for OSTimeDly
    delay.o(.text) refers to misc.o(.text) for SysTick_CLKSourceConfig
[...]
    TIM_ClearITPendingBit                    0x080030d3   Thumb Code     6  stm32f10x_tim.o(.text)
    DMA_DeInit                               0x080030d9   Thumb Code   218  stm32f10x_dma.o(.text)
    DMA_Init                                 0x080031b3   Thumb Code    58  stm32f10x_dma.o(.text)
    DMA_StructInit                           0x080031ed   Thumb Code    26  stm32f10x_dma.o(.text)
    DMA_Cmd                                  0x08003207   Thumb Code    22  stm32f10x_dma.o(.text)
    DMA_ITConfig                             0x0800321d   Thumb Code    16  stm32f10x_dma.o(.text)
    DMA_SetCurrDataCounter                   0x0800322d   Thumb Code     4  stm32f10x_dma.o(.text)
    DMA_GetCurrDataCounter                   0x08003231   Thumb Code     6  stm32f10x_dma.o(.text)
    DMA_GetFlagStatus                        0x08003237   Thumb Code    28  stm32f10x_dma.o(.text)
    DMA_ClearFlag                            0x08003253   Thumb Code    20  stm32f10x_dma.o(.text)
    DMA_GetITStatus                          0x08003267   Thumb Code    28  stm32f10x_dma.o(.text)
    DMA_ClearITPendingBit                    0x08003283   Thumb Code    20  stm32f10x_dma.o(.text)
    BSP_CPU_ClkFreq                          0x080032a1   Thumb Code    16  bsp.o(.text)
    CPU_TS_TmrInit                           0x080032b1   Thumb Code    38  bsp.o(.text)
    CPU_TS_TmrRd                             0x080032d7   Thumb Code     6  bsp.o(.text)
    CPU_TS32_to_uSec                         0x080032dd   Thumb Code    32  bsp.o(.text)
    CPU_NameClr                              0x08003309   Thumb Code    26  cpu_core.o(.text)
    CPU_Init                                 0x08003323   Thumb Code    18  cpu_core.o(.text)
    CPU_SW_Exception                         0x08003335   Thumb Code     2  cpu_core.o(.text)
    CPU_NameGet                              0x08003337   Thumb Code    46  cpu_core.o(.text)
    CPU_NameSet                              0x08003365   Thumb Code    62  cpu_core.o(.text)
    CPU_TS_Get32                             0x080033a3   Thumb Code     4  cpu_core.o(.text)
    CPU_TS_Update                            0x080033a7   Thumb Code     2  cpu_core.o(.text)
    CPU_TS_TmrFreqGet                        0x080033a9   Thumb Code    24  cpu_core.o(.text)
    CPU_TS_TmrFreqSet                        0x080033c1   Thumb Code     6  cpu_core.o(.text)
    CPU_CntLeadZeros08                       0x080033c7   Thumb Code    10  cpu_core.o(.text)
    CPU_CntLeadZeros16                       0x080033d1   Thumb Code    10  cpu_core.o(.text)
    CPU_CntLeadZeros32                       0x080033db   Thumb Code     4  cpu_core.o(.text)
    CPU_CntLeadZeros64                       0x080033df   Thumb Code   152  cpu_core.o(.text)
    CPU_CntTrailZeros08                      0x08003477   Thumb Code    10  cpu_core.o(.text)
    CPU_CntTrailZeros16                      0x08003481   Thumb Code    10  cpu_core.o(.text)
    CPU_CntTrailZeros32                      0x0800348b   Thumb Code    10  cpu_core.o(.text)
    CPU_CntTrailZeros64                      0x08003495   Thumb Code    36  cpu_core.o(.text)
    CPU_IntDis                               0x080034c5   Thumb Code     0  cpu_a.o(.text)
    CPU_IntEn                                0x080034c9   Thumb Code     0  cpu_a.o(.text)
    CPU_SR_Save                              0x080034cd   Thumb Code     0  cpu_a.o(.text)
    CPU_SR_Restore                           0x080034d5   Thumb Code     0  cpu_a.o(.text)
    CPU_WaitForInt                           0x080034db   Thumb Code     0  cpu_a.o(.text)
    CPU_WaitForExcept                        0x080034df   Thumb Code     0  cpu_a.o(.text)
    CPU_CntLeadZeros                         0x080034e3   Thumb Code     0  cpu_a.o(.text)
    CPU_CntTrailZeros                        0x080034e9   Thumb Code     0  cpu_a.o(.text)
    CPU_RevBits                              0x080034f3   Thumb Code     0  cpu_a.o(.text)
    ASCII_IsAlpha                            0x080034f9   Thumb Code    22  lib_ascii.o(.text)
    ASCII_IsAlphaNum                         0x0800350f   Thumb Code    28  lib_ascii.o(.text)
    ASCII_IsLower                            0x0800352b   Thumb Code    14  lib_ascii.o(.text)
    ASCII_IsUpper                            0x08003539   Thumb Code    14  lib_ascii.o(.text)
    ASCII_IsDig                              0x08003547   Thumb Code    14  lib_ascii.o(.text)
    ASCII_IsDigOct                           0x08003555   Thumb Code    14  lib_ascii.o(.text)
    ASCII_IsDigHex                           0x08003563   Thumb Code    28  lib_ascii.o(.text)
    ASCII_IsBlank                            0x0800357f   Thumb Code    16  lib_ascii.o(.text)
    ASCII_IsSpace                            0x0800358f   Thumb Code    32  lib_ascii.o(.text)
    ASCII_IsPrint                            0x080035af   Thumb Code    14  lib_ascii.o(.text)
    ASCII_IsGraph                            0x080035bd   Thumb Code    14  lib_ascii.o(.text)
    ASCII_IsPunct                            0x080035cb   Thumb Code    58  lib_ascii.o(.text)
    ASCII_IsCtrl                             0x08003605   Thumb Code    22  lib_ascii.o(.text)
    ASCII_ToLower                            0x0800361b   Thumb Code    14  lib_ascii.o(.text)
    ASCII_ToUpper                            0x08003629   Thumb Code    14  lib_ascii.o(.text)
    ASCII_Cmp                                0x08003637   Thumb Code    28  lib_ascii.o(.text)
    Mem_Init                                 0x08003655   Thumb Code    54  lib_mem.o(.text)
    Mem_Set                                  0x0800368b   Thumb Code    62  lib_mem.o(.text)
    Mem_Clr                                  0x080036c9   Thumb Code     6  lib_mem.o(.text)
    Mem_Move                                 0x080036cf   Thumb Code   116  lib_mem.o(.text)
    Mem_Cmp                                  0x08003743   Thumb Code   126  lib_mem.o(.text)
    Mem_HeapAlloc                            0x08003819   Thumb Code   114  lib_mem.o(.text)
    Mem_SegGetSizeRem                        0x0800388b   Thumb Code    60  lib_mem.o(.text)
    Mem_HeapGetSizeRem                       0x080038c7   Thumb Code     8  lib_mem.o(.text)
    Mem_PoolClr                              0x080038cf   Thumb Code    56  lib_mem.o(.text)
    Mem_PoolCreate                           0x08003907   Thumb Code   582  lib_mem.o(.text)
    Mem_PoolBlkGetNbrAvail                   0x08003b4d   Thumb Code    26  lib_mem.o(.text)
    Mem_PoolBlkGet                           0x08003b67   Thumb Code    68  lib_mem.o(.text)
    Mem_PoolBlkGetUsedAtIx                   0x08003bab   Thumb Code    62  lib_mem.o(.text)
    Mem_PoolBlkFree                          0x08003be9   Thumb Code   100  lib_mem.o(.text)
    Mem_PoolBlkIxGet                         0x08003c4d   Thumb Code   104  lib_mem.o(.text)
    Str_Len_N                                0x08003cbd   Thumb Code    22  lib_str.o(.text)
    Str_Len                                  0x08003cd3   Thumb Code     6  lib_str.o(.text)
    Str_Copy_N                               0x08003cd9   Thumb Code    48  lib_str.o(.text)
    Str_Copy                                 0x08003d09   Thumb Code     6  lib_str.o(.text)
    Str_Cat_N                                0x08003d0f   Thumb Code    58  lib_str.o(.text)
    Str_Cat                                  0x08003d49   Thumb Code     6  lib_str.o(.text)
    Str_Cmp_N                                0x08003d4f   Thumb Code    86  lib_str.o(.text)
    Str_Cmp                                  0x08003da5   Thumb Code     6  lib_str.o(.text)
    Str_CmpIgnoreCase_N                      0x08003dab   Thumb Code   146  lib_str.o(.text)
    Str_CmpIgnoreCase                        0x08003e3d   Thumb Code     6  lib_str.o(.text)
    Str_Char_N                               0x08003e43   Thumb Code    46  lib_str.o(.text)
    Str_Char                                 0x08003e71   Thumb Code     8  lib_str.o(.text)
    Str_Char_Last_N                          0x08003e79   Thumb Code    44  lib_str.o(.text)
    Str_Char_Last                            0x08003ea5   Thumb Code     8  lib_str.o(.text)
    Str_Char_Replace_N                       0x08003ead   Thumb Code    40  lib_str.o(.text)
    Str_Char_Replace                         0x08003ed5   Thumb Code     6  lib_str.o(.text)
    Str_Str_N                                0x08003edb   Thumb Code   120  lib_str.o(.text)
    Str_Str                                  0x08003f53   Thumb Code     6  lib_str.o(.text)
    Str_FmtNbr_Int32U                        0x080040b1   Thumb Code    24  lib_str.o(.text)
    Str_FmtNbr_Int32S                        0x080040c9   Thumb Code    40  lib_str.o(.text)
    Str_ParseNbr_Int32U                      0x0800422b   Thumb Code    12  lib_str.o(.text)
    Str_ParseNbr_Int32S                      0x08004237   Thumb Code    42  lib_str.o(.text)
    Mem_Copy                                 0x08004265   Thumb Code     0  lib_mem_a.o(.text)
    OSCfg_Init                               0x08004485   Thumb Code     2  os_cfg_app.o(.text)
    OS_IdleTask                              0x08004489   Thumb Code    30  os_core.o(.text)
    OS_IdleTaskInit                          0x080044a7   Thumb Code    62  os_core.o(.text)
    OS_RdyListInit                           0x080044e5   Thumb Code    30  os_core.o(.text)
    OSInit                                   0x08004503   Thumb Code   290  os_core.o(.text)
    OSIntEnter                               0x08004625   Thumb Code    22  os_core.o(.text)
    OSIntExit                                0x0800463b   Thumb Code   100  os_core.o(.text)
    OSSched                                  0x0800469f   Thumb Code    86  os_core.o(.text)
    OS_SchedLockTimeMeasStart                0x080046f5   Thumb Code    20  os_core.o(.text)
    OSSchedLock                              0x08004709   Thumb Code    72  os_core.o(.text)
    OS_SchedLockTimeMeasStop                 0x08004751   Thumb Code    42  os_core.o(.text)
    OSSchedUnlock                            0x0800477b   Thumb Code    92  os_core.o(.text)
    OSSchedRoundRobinCfg                     0x080047d7   Thumb Code    60  os_core.o(.text)
    OS_RdyListMoveHeadToTail                 0x08004813   Thumb Code    52  os_core.o(.text)
    OSSchedRoundRobinYield                   0x08004847   Thumb Code   264  os_core.o(.text)
    OSStart                                  0x0800494f   Thumb Code    62  os_core.o(.text)
    OSVersion                                0x0800498d   Thumb Code    10  os_core.o(.text)
    OS_PendDbgNameAdd                        0x08004997   Thumb Code    46  os_core.o(.text)
    OS_PendListInsertPrio                    0x080049c5   Thumb Code    90  os_core.o(.text)
    OS_PendDataInit                          0x08004a1f   Thumb Code    48  os_core.o(.text)
    OS_RdyListRemove                         0x08004a4f   Thumb Code    78  os_core.o(.text)
    OS_TaskBlock                             0x08004a9d   Thumb Code    42  os_core.o(.text)
    OS_Pend                                  0x08004ac7   Thumb Code    72  os_core.o(.text)
    OS_PendListRemove1                       0x08004b0f   Thumb Code    54  os_core.o(.text)
    OS_PendListRemove                        0x08004b45   Thumb Code    38  os_core.o(.text)
    OS_PendAbort1                            0x08004b6b   Thumb Code    32  os_core.o(.text)
    OS_RdyListInsertHead                     0x08004b8b   Thumb Code    52  os_core.o(.text)
    OS_RdyListInsertTail                     0x08004bbf   Thumb Code    48  os_core.o(.text)
    OS_RdyListInsert                         0x08004bef   Thumb Code    38  os_core.o(.text)
    OS_TaskRdy                               0x08004c15   Thumb Code    26  os_core.o(.text)
    OS_PendAbort                             0x08004c2f   Thumb Code   134  os_core.o(.text)
    OS_PendDbgNameRemove                     0x08004cb5   Thumb Code    22  os_core.o(.text)
    OS_PendListChangePrio                    0x08004ccb   Thumb Code   112  os_core.o(.text)
    OS_PendListInit                          0x08004d3b   Thumb Code    10  os_core.o(.text)
    OS_PendListInsertHead                    0x08004d45   Thumb Code    32  os_core.o(.text)
    OS_PendObjDel1                           0x08004d65   Thumb Code    32  os_core.o(.text)
    OS_PendObjDel                            0x08004d85   Thumb Code   126  os_core.o(.text)
    OS_Post1                                 0x08004e03   Thumb Code    38  os_core.o(.text)
    OS_Post                                  0x08004e29   Thumb Code   152  os_core.o(.text)
    OS_Sched0                                0x08004ec1   Thumb Code    50  os_core.o(.text)
    OS_SchedRoundRobin                       0x08004ef3   Thumb Code    80  os_core.o(.text)
    OS_Dbg_Init                              0x08004f65   Thumb Code     2  os_dbg.o(.text)
    OS_FlagDbgListAdd                        0x08004f69   Thumb Code    26  os_flag.o(.text)
    OSFlagCreate                             0x08004f83   Thumb Code   104  os_flag.o(.text)
    OS_FlagClr                               0x08004feb   Thumb Code    16  os_flag.o(.text)
    OS_FlagDbgListRemove                     0x08004ffb   Thumb Code    36  os_flag.o(.text)
    OSFlagDel                                0x0800501f   Thumb Code   344  os_flag.o(.text)
    OS_FlagBlock                             0x08005177   Thumb Code    28  os_flag.o(.text)
    OSFlagPend                               0x08005193   Thumb Code   584  os_flag.o(.text)
    OSFlagPendAbort                          0x080053db   Thumb Code   196  os_flag.o(.text)
    OSFlagPendGetFlagsRdy                    0x0800549f   Thumb Code    44  os_flag.o(.text)
    OS_FlagTaskRdy                           0x080054cb   Thumb Code    68  os_flag.o(.text)
    OS_FlagPost                              0x0800550f   Thumb Code   294  os_flag.o(.text)
    OSFlagPost                               0x08005635   Thumb Code   114  os_flag.o(.text)
    OS_FlagInit                              0x080056a7   Thumb Code    14  os_flag.o(.text)
    OS_IntQPost                              0x080056d1   Thumb Code   138  os_int.o(.text)
    OS_IntQRePost                            0x0800575b   Thumb Code   224  os_int.o(.text)
    OS_IntQTask                              0x0800583b   Thumb Code   106  os_int.o(.text)
    OS_IntQTaskInit                          0x080058a5   Thumb Code   194  os_int.o(.text)
    OS_MemDbgListAdd                         0x080059f9   Thumb Code    22  os_mem.o(.text)
    OSMemCreate                              0x08005a0f   Thumb Code   186  os_mem.o(.text)
    OSMemGet                                 0x08005ac9   Thumb Code    60  os_mem.o(.text)
    OSMemPut                                 0x08005b05   Thumb Code    70  os_mem.o(.text)
    OS_MemInit                               0x08005b4b   Thumb Code    14  os_mem.o(.text)
    OS_MsgPoolCreate                         0x08005b6d   Thumb Code    48  os_msg.o(.text)
    OS_MsgPoolInit                           0x08005b9d   Thumb Code    58  os_msg.o(.text)
    OS_MsgQFreeAll                           0x08005bd7   Thumb Code    48  os_msg.o(.text)
    OS_MsgQInit                              0x08005c07   Thumb Code    14  os_msg.o(.text)
    OS_MsgQGet                               0x08005c15   Thumb Code    82  os_msg.o(.text)
    OS_MsgQPut                               0x08005c67   Thumb Code   128  os_msg.o(.text)
    OS_MutexDbgListAdd                       0x08005cf5   Thumb Code    26  os_mutex.o(.text)
    OSMutexCreate                            0x08005d0f   Thumb Code   112  os_mutex.o(.text)
    OS_MutexClr                              0x08005d7f   Thumb Code    24  os_mutex.o(.text)
    OS_MutexDbgListRemove                    0x08005d97   Thumb Code    36  os_mutex.o(.text)
    OSMutexDel                               0x08005dbb   Thumb Code   470  os_mutex.o(.text)
    OSMutexPend                              0x08005f91   Thumb Code   490  os_mutex.o(.text)
    OSMutexPendAbort                         0x0800617b   Thumb Code   196  os_mutex.o(.text)
    OSMutexPost                              0x0800623f   Thumb Code   364  os_mutex.o(.text)
    OS_MutexInit                             0x080063ab   Thumb Code    14  os_mutex.o(.text)
    OS_PrioInit                              0x080063d9   Thumb Code    18  os_prio.o(.text)
    OS_PrioGetHighest                        0x080063eb   Thumb Code    32  os_prio.o(.text)
    OS_PrioInsert                            0x0800640b   Thumb Code    28  os_prio.o(.text)
    OS_PrioRemove                            0x08006427   Thumb Code    28  os_prio.o(.text)
    OS_QDbgListAdd                           0x08006449   Thumb Code    26  os_q.o(.text)
    OSQCreate                                0x08006463   Thumb Code   118  os_q.o(.text)
    OS_QClr                                  0x080064d9   Thumb Code    40  os_q.o(.text)
    OS_QDbgListRemove                        0x08006501   Thumb Code    36  os_q.o(.text)
    OSQDel                                   0x08006525   Thumb Code   256  os_q.o(.text)
    OSQFlush                                 0x08006625   Thumb Code   116  os_q.o(.text)
    OSQPend                                  0x08006699   Thumb Code   344  os_q.o(.text)
    OSQPendAbort                             0x080067f1   Thumb Code   236  os_q.o(.text)
    OS_QPost                                 0x080068dd   Thumb Code   194  os_q.o(.text)
    OSQPost                                  0x0800699f   Thumb Code   146  os_q.o(.text)
    OS_QInit                                 0x08006a31   Thumb Code    14  os_q.o(.text)
    OS_SemDbgListAdd                         0x08006a59   Thumb Code    26  os_sem.o(.text)
    OSSemCreate                              0x08006a73   Thumb Code   104  os_sem.o(.text)
    OS_SemClr                                0x08006adb   Thumb Code    22  os_sem.o(.text)
    OS_SemDbgListRemove                      0x08006af1   Thumb Code    36  os_sem.o(.text)
    OSSemDel                                 0x08006b15   Thumb Code   256  os_sem.o(.text)
    OSSemPend                                0x08006c15   Thumb Code   298  os_sem.o(.text)
    OSSemPendAbort                           0x08006d3f   Thumb Code   196  os_sem.o(.text)
    OS_SemPost                               0x08006e03   Thumb Code   202  os_sem.o(.text)
    OSSemPost                                0x08006ecd   Thumb Code   114  os_sem.o(.text)
    OSSemSet                                 0x08006f3f   Thumb Code    78  os_sem.o(.text)
    OS_SemInit                               0x08006f8d   Thumb Code    14  os_sem.o(.text)
    OSStatReset                              0x08006fad   Thumb Code   150  os_stat.o(.text)
    OSStatTaskCPUUsageInit                   0x08007043   Thumb Code   126  os_stat.o(.text)
    OS_StatTask                              0x080070c1   Thumb Code   482  os_stat.o(.text)
    OS_StatTaskInit                          0x080072a3   Thumb Code   120  os_stat.o(.text)
    OSTaskChangePrio                         0x080073ad   Thumb Code   240  os_task.o(.text)
    OS_TaskDbgListAdd                        0x0800749d   Thumb Code    30  os_task.o(.text)
    OS_TaskInitTCB                           0x080074bb   Thumb Code   180  os_task.o(.text)
    OSTaskCreate                             0x0800756f   Thumb Code   400  os_task.o(.text)
    OS_TaskDbgListRemove                     0x080076ff   Thumb Code    50  os_task.o(.text)
    OSTaskDel                                0x08007731   Thumb Code   310  os_task.o(.text)
    OSTaskQFlush                             0x08007867   Thumb Code   106  os_task.o(.text)
    OSTaskQPend                              0x080078d1   Thumb Code   328  os_task.o(.text)
    OSTaskQPendAbort                         0x08007a19   Thumb Code   140  os_task.o(.text)
    OS_TaskQPost                             0x08007aa5   Thumb Code   222  os_task.o(.text)
    OSTaskQPost                              0x08007b83   Thumb Code    96  os_task.o(.text)
    OSTaskRegGet                             0x08007be3   Thumb Code    66  os_task.o(.text)
    OSTaskRegGetID                           0x08007c25   Thumb Code    42  os_task.o(.text)
    OSTaskRegSet                             0x08007c4f   Thumb Code    40  os_task.o(.text)
    OS_TaskResume                            0x08007c77   Thumb Code   184  os_task.o(.text)
    OSTaskResume                             0x08007d2f   Thumb Code    78  os_task.o(.text)
    OSTaskSemPend                            0x08007d7d   Thumb Code   300  os_task.o(.text)
    OSTaskSemPendAbort                       0x08007ea9   Thumb Code   148  os_task.o(.text)
    OS_TaskSemPost                           0x08007f3d   Thumb Code   284  os_task.o(.text)
    OSTaskSemPost                            0x08008059   Thumb Code    78  os_task.o(.text)
    OSTaskSemSet                             0x080080a7   Thumb Code    52  os_task.o(.text)
    OSTaskStkChk                             0x080080db   Thumb Code   136  os_task.o(.text)
    OS_TaskSuspend                           0x08008163   Thumb Code   158  os_task.o(.text)
    OSTaskSuspend                            0x08008201   Thumb Code    64  os_task.o(.text)
    OSTaskTimeQuantaSet                      0x08008241   Thumb Code    68  os_task.o(.text)
    OS_TaskInit                              0x08008285   Thumb Code    18  os_task.o(.text)
    OS_TaskReturn                            0x08008297   Thumb Code    20  os_task.o(.text)
    OS_TickListRemove                        0x080082d9   Thumb Code    54  os_tick.o(.text)
    OS_TickListUpdate                        0x0800830f   Thumb Code   304  os_tick.o(.text)
    OS_TickTask                              0x0800843f   Thumb Code    36  os_tick.o(.text)
    OS_TickListInit                          0x08008463   Thumb Code    34  os_tick.o(.text)
    OS_TickTaskInit                          0x08008485   Thumb Code   114  os_tick.o(.text)
    OS_TickListInsert                        0x080084f7   Thumb Code   202  os_tick.o(.text)
    OS_TickListResetPeak                     0x080085c1   Thumb Code    30  os_tick.o(.text)
    OSTimeDly                                0x08008629   Thumb Code   158  os_time.o(.text)
    OSTimeDlyHMSM                            0x080086c7   Thumb Code   308  os_time.o(.text)
    OSTimeDlyResume                          0x080087fb   Thumb Code   184  os_time.o(.text)
    OSTimeGet                                0x080088b3   Thumb Code    24  os_time.o(.text)
    OSTimeSet                                0x080088cb   Thumb Code    24  os_time.o(.text)
    OSTimeTick                               0x080088e3   Thumb Code    52  os_time.o(.text)
    OS_TmrDbgListAdd                         0x08008939   Thumb Code    22  os_tmr.o(.text)
    OSTmrCreate                              0x0800894f   Thumb Code   168  os_tmr.o(.text)
    OS_TmrClr                                0x080089f7   Thumb Code    34  os_tmr.o(.text)
    OS_TmrUnlink                             0x08008a19   Thumb Code    68  os_tmr.o(.text)
    OS_TmrDbgListRemove                      0x08008a5d   Thumb Code    36  os_tmr.o(.text)
    OSTmrDel                                 0x08008a81   Thumb Code   134  os_tmr.o(.text)
    OSTmrRemainGet                           0x08008b07   Thumb Code   140  os_tmr.o(.text)
    OS_TmrLink                               0x08008b93   Thumb Code   140  os_tmr.o(.text)
    OSTmrStart                               0x08008c1f   Thumb Code   122  os_tmr.o(.text)
    OSTmrStateGet                            0x08008c99   Thumb Code    86  os_tmr.o(.text)
    OSTmrStop                                0x08008cef   Thumb Code   226  os_tmr.o(.text)
    OS_TmrTask                               0x08008dd1   Thumb Code   164  os_tmr.o(.text)
    OS_TmrInit                               0x08008e75   Thumb Code   174  os_tmr.o(.text)
    OS_TmrResetPeak                          0x08008f23   Thumb Code    30  os_tmr.o(.text)
    OSIdleTaskHook                           0x08008f95   Thumb Code    12  os_cpu_c.o(.text)
    OSInitHook                               0x08008fa1   Thumb Code    22  os_cpu_c.o(.text)
    OSStatTaskHook                           0x08008fb7   Thumb Code    12  os_cpu_c.o(.text)
    OSTaskCreateHook                         0x08008fc3   Thumb Code    12  os_cpu_c.o(.text)
    OSTaskDelHook                            0x08008fcf   Thumb Code    12  os_cpu_c.o(.text)
    OSTaskReturnHook                         0x08008fdb   Thumb Code    12  os_cpu_c.o(.text)
    OSTaskStkInit                            0x08008fe7   Thumb Code    96  os_cpu_c.o(.text)
    OSTaskSwHook                             0x08009047   Thumb Code    72  os_cpu_c.o(.text)
    OSTimeTickHook                           0x0800908f   Thumb Code    12  os_cpu_c.o(.text)
    OS_CPU_SysTickHandler                    0x0800909b   Thumb Code    30  os_cpu_c.o(.text)
    OS_CPU_SysTickInit                       0x080090b9   Thumb Code    36  os_cpu_c.o(.text)
    disk_initialize                          0x0800911d   Thumb Code    66  diskio.o(.text)
    disk_status                              0x0800915f   Thumb Code     4  diskio.o(.text)
    disk_read                                0x08009163   Thumb Code    96  diskio.o(.text)
    disk_write                               0x080091c3   Thumb Code    80  diskio.o(.text)
    disk_ioctl                               0x08009213   Thumb Code   116  diskio.o(.text)
    get_fattime                              0x08009287   Thumb Code     4  diskio.o(.text)
    ff_memalloc                              0x0800928b   Thumb Code     4  diskio.o(.text)
    ff_memfree                               0x0800928f   Thumb Code     4  diskio.o(.text)
    clust2sect                               0x080093cf   Thumb Code    24  ff.o(.text)
    get_fat                                  0x080093e7   Thumb Code   180  ff.o(.text)
    put_fat                                  0x0800949b   Thumb Code   248  ff.o(.text)
    f_mount                                  0x0800a259   Thumb Code    74  ff.o(.text)
    f_open                                   0x0800a2a3   Thumb Code   344  ff.o(.text)
    f_read                                   0x0800a3fb   Thumb Code   328  ff.o(.text)
    f_write                                  0x0800a543   Thumb Code   398  ff.o(.text)
    f_sync                                   0x0800a6d1   Thumb Code   152  ff.o(.text)
    f_close                                  0x0800a769   Thumb Code    28  ff.o(.text)
    f_lseek                                  0x0800a785   Thumb Code   510  ff.o(.text)
    f_opendir                                0x0800a983   Thumb Code   128  ff.o(.text)
    f_closedir                               0x0800aa03   Thumb Code    18  ff.o(.text)
    f_readdir                                0x0800aa15   Thumb Code   116  ff.o(.text)
    f_stat                                   0x0800aa89   Thumb Code    86  ff.o(.text)
    f_getfree                                0x0800aadf   Thumb Code   192  ff.o(.text)
    f_truncate                               0x0800ab9f   Thumb Code   176  ff.o(.text)
    f_unlink                                 0x0800ac4f   Thumb Code   190  ff.o(.text)
    f_mkdir                                  0x0800ad0d   Thumb Code   384  ff.o(.text)
    f_chmod                                  0x0800ae8d   Thumb Code   106  ff.o(.text)
    f_utime                                  0x0800aef7   Thumb Code   108  ff.o(.text)
    f_rename                                 0x0800af63   Thumb Code   292  ff.o(.text)
    f_getlabel                               0x0800b087   Thumb Code   142  ff.o(.text)
    f_setlabel                               0x0800b115   Thumb Code   346  ff.o(.text)
    f_mkfs                                   0x0800b26f   Thumb Code  1314  ff.o(.text)
    f_gets                                   0x0800b791   Thumb Code    68  ff.o(.text)
    f_putc                                   0x0800b80f   Thumb Code    60  ff.o(.text)
    f_puts                                   0x0800b84b   Thumb Code    70  ff.o(.text)
    f_printf                                 0x0800b891   Thumb Code   510  ff.o(.text)
    ff_convert                               0x0800bb85   Thumb Code    68  cc936.o(.text)
    ff_wtoupper                              0x0800bbc9   Thumb Code   118  cc936.o(.text)
    exfuns_init                              0x0800bc51   Thumb Code    84  exfuns.o(.text)
    char_upper                               0x0800bca5   Thumb Code    14  exfuns.o(.text)
    f_typetell                               0x0800bcb3   Thumb Code   140  exfuns.o(.text)
    exf_getfree                              0x0800bd3f   Thumb Code    46  exfuns.o(.text)
    mymemcpy                                 0x0800bd71   Thumb Code    16  malloc.o(.text)
    mymemset                                 0x0800bd81   Thumb Code    12  malloc.o(.text)
    mem_init                                 0x0800bd8d   Thumb Code    34  malloc.o(.text)
    mem_perused                              0x0800bdaf   Thumb Code    40  malloc.o(.text)
    mem_malloc                               0x0800bdd7   Thumb Code    88  malloc.o(.text)
    mem_free                                 0x0800be2f   Thumb Code    58  malloc.o(.text)
    myfree                                   0x0800be69   Thumb Code    14  malloc.o(.text)
    mymalloc                                 0x0800be77   Thumb Code    22  malloc.o(.text)
    myrealloc                                0x0800be8d   Thumb Code    48  malloc.o(.text)
    __use_no_semihosting                     0x0800bec1   Thumb Code     2  use_no_semi_2.o(.text)
    __aeabi_uldivmod                         0x0800bec3   Thumb Code     0  lludivv7m.o(.text)
    _ll_udiv                                 0x0800bec3   Thumb Code   238  lludivv7m.o(.text)
    __c89vsprintf                            0x0800bfb1   Thumb Code    32  c89vsprintf.o(.text)
    __2printf                                0x0800bfd5   Thumb Code    20  __2printf.o(.text)
    _printf_str                              0x0800bfed   Thumb Code    82  _printf_str.o(.text)
    _printf_int_dec                          0x0800c041   Thumb Code   104  _printf_dec.o(.text)
    __printf                                 0x0800c0b9   Thumb Code   388  __printf_flags_ss_wp.o(.text)
    strstr                                   0x0800c241   Thumb Code    36  strstr.o(.text)
    strcpy                                   0x0800c265   Thumb Code    72  strcpy.o(.text)
    strlen                                   0x0800c2ad   Thumb Code    62  strlen.o(.text)
    strcmp                                   0x0800c2ed   Thumb Code   128  strcmpv7m.o(.text)
    __use_two_region_memory                  0x0800c36d   Thumb Code     2  heapauxi.o(.text)
    __rt_heap_escrow$2region                 0x0800c36f   Thumb Code     2  heapauxi.o(.text)
    __rt_heap_expand$2region                 0x0800c371   Thumb Code     2  heapauxi.o(.text)
    __I$use$semihosting                      0x0800c373   Thumb Code     0  use_no_semi.o(.text)
    __use_no_semihosting_swi                 0x0800c373   Thumb Code     2  use_no_semi.o(.text)
    _printf_pre_padding                      0x0800c375   Thumb Code    44  _printf_pad.o(.text)
    _printf_post_padding                     0x0800c3a1   Thumb Code    34  _printf_pad.o(.text)
    _printf_truncate_signed                  0x0800c3c3   Thumb Code    18  _printf_truncate.o(.text)
    _printf_truncate_unsigned                0x0800c3d5   Thumb Code    18  _printf_truncate.o(.text)
    _printf_int_common                       0x0800c3e7   Thumb Code   178  _printf_intcommon.o(.text)
    _printf_charcount                        0x0800c499   Thumb Code    40  _printf_charcount.o(.text)
    _printf_char_common                      0x0800c4cb   Thumb Code    32  _printf_char_common.o(.text)
    _sputc                                   0x0800c4f1   Thumb Code    10  _sputc.o(.text)
    _printf_cs_common                        0x0800c4fb   Thumb Code    20  _printf_char.o(.text)
    _printf_char                             0x0800c50f   Thumb Code    16  _printf_char.o(.text)
    _printf_string                           0x0800c51f   Thumb Code     8  _printf_char.o(.text)
    _printf_char_file                        0x0800c529   Thumb Code    32  _printf_char_file.o(.text)
    _printf_wctomb                           0x0800c54d   Thumb Code   182  _printf_wctomb.o(.text)
    _printf_longlong_dec                     0x0800c609   Thumb Code   108  _printf_longlong_dec.o(.text)
    _printf_longlong_oct                     0x0800c685   Thumb Code    68  _printf_oct_int_ll.o(.text)
    _printf_int_oct                          0x0800c6c9   Thumb Code    24  _printf_oct_int_ll.o(.text)
    _printf_ll_oct                           0x0800c6e1   Thumb Code    12  _printf_oct_int_ll.o(.text)
    _printf_longlong_hex                     0x0800c6f5   Thumb Code    86  _printf_hex_int_ll_ptr.o(.text)
    _printf_int_hex                          0x0800c74b   Thumb Code    28  _printf_hex_int_ll_ptr.o(.text)
    _printf_ll_hex                           0x0800c767   Thumb Code    12  _printf_hex_int_ll_ptr.o(.text)
    _printf_hex_ptr                          0x0800c773   Thumb Code    18  _printf_hex_int_ll_ptr.o(.text)
    _ll_udiv10                               0x0800c789   Thumb Code   138  lludiv10.o(.text)
    __lib_sel_fp_printf                      0x0800c813   Thumb Code     2  _printf_fp_dec.o(.text)
    _printf_fp_dec_real                      0x0800c9c1   Thumb Code   620  _printf_fp_dec.o(.text)
    _printf_lcs_common                       0x0800cc2d   Thumb Code    20  _printf_wchar.o(.text)
    _printf_wchar                            0x0800cc41   Thumb Code    16  _printf_wchar.o(.text)
    _printf_wstring                          0x0800cc51   Thumb Code     8  _printf_wchar.o(.text)
    ferror                                   0x0800cc59   Thumb Code     8  ferror.o(.text)
    _wcrtomb                                 0x0800cc61   Thumb Code    64  _wcrtomb.o(.text)
    __user_setup_stackheap                   0x0800cca1   Thumb Code    74  sys_stackheap_outer.o(.text)
    __rt_ctype_table                         0x0800cced   Thumb Code    16  rt_ctype_table.o(.text)
    __rt_locale                              0x0800ccfd   Thumb Code     8  rt_locale_intlibspace.o(.text)
    _printf_fp_infnan                        0x0800cd05   Thumb Code   112  _printf_fp_infnan.o(.text)
    _btod_etento                             0x0800cd85   Thumb Code   216  bigflt0.o(.text)
    exit                                     0x0800ce61   Thumb Code    12  exit.o(.text)
    __user_libspace                          0x0800ce6d   Thumb Code     8  libspace.o(.text)
    __user_perproc_libspace                  0x0800ce6d   Thumb Code     0  libspace.o(.text)
    __user_perthread_libspace                0x0800ce6d   Thumb Code     0  libspace.o(.text)
    _btod_d2e                                0x0800ce75   Thumb Code    62  btod.o(CL$$btod_d2e)
    _d2e_denorm_low                          0x0800ceb3   Thumb Code    70  btod.o(CL$$btod_d2e_denorm_low)
    _d2e_norm_op1                            0x0800cef9   Thumb Code    96  btod.o(CL$$btod_d2e_norm_op1)
    __btod_div_common                        0x0800cf59   Thumb Code   696  btod.o(CL$$btod_div_common)
    _e2e                                     0x0800d291   Thumb Code   198  btod.o(CL$$btod_e2e)
    _btod_ediv                               0x0800d357   Thumb Code    40  btod.o(CL$$btod_ediv)
    _btod_emul                               0x0800d37f   Thumb Code    40  btod.o(CL$$btod_emul)
    __btod_mult_common                       0x0800d3a7   Thumb Code   580  btod.o(CL$$btod_mult_common)
    OSStartHighRdy                           0x0800d5ed   Thumb Code     0  os_cpu_a.o(CODE)
    OSCtxSw                                  0x0800d60f   Thumb Code     0  os_cpu_a.o(CODE)
    OSIntCtxSw                               0x0800d619   Thumb Code     0  os_cpu_a.o(CODE)
    PendSV_Handler                           0x0800d623   Thumb Code     0  os_cpu_a.o(CODE)
    __ARM_fpclassify                         0x0800d685   Thumb Code    40  fpclassify.o(i.__ARM_fpclassify)
    _is_digit                                0x0800d6ad   Thumb Code    14  __printf_wp.o(i._is_digit)
    _get_lc_numeric                          0x0800d6bd   Thumb Code    44  lc_numeric_c.o(locale$$code)
    _get_lc_ctype                            0x0800d6e9   Thumb Code    44  lc_ctype_c.o(locale$$code)
    _printf_fp_dec                           0x0800d715   Thumb Code     4  printf1.o(x$fpl$printf1)
    __I$use$fp                               0x0800d718   Number         0  usenofp.o(x$fpl$usenofp)
    OSCfg_StatTaskPrio                       0x0800d8ac   Data           1  os_cfg_app.o(.constdata)
    OSCfg_TickTaskPrio                       0x0800d8ad   Data           1  os_cfg_app.o(.constdata)
    OSCfg_TmrTaskPrio                        0x0800d8ae   Data           1  os_cfg_app.o(.constdata)
    OSCfg_IntQSize                           0x0800d8b0   Data           2  os_cfg_app.o(.constdata)
    OSCfg_MsgPoolSize                        0x0800d8b2   Data           2  os_cfg_app.o(.constdata)
    OSCfg_TickWheelSize                      0x0800d8b4   Data           2  os_cfg_app.o(.constdata)
    OSCfg_TmrWheelSize                       0x0800d8b6   Data           2  os_cfg_app.o(.constdata)
    OSCfg_IdleTaskStkBasePtr                 0x0800d8b8   Data           4  os_cfg_app.o(.constdata)
    OSCfg_IdleTaskStkLimit                   0x0800d8bc   Data           4  os_cfg_app.o(.constdata)
    OSCfg_IdleTaskStkSize                    0x0800d8c0   Data           4  os_cfg_app.o(.constdata)
    OSCfg_IdleTaskStkSizeRAM                 0x0800d8c4   Data           4  os_cfg_app.o(.constdata)
    OSCfg_IntQBasePtr                        0x0800d8c8   Data           4  os_cfg_app.o(.constdata)
    OSCfg_IntQSizeRAM                        0x0800d8cc   Data           4  os_cfg_app.o(.constdata)
    OSCfg_IntQTaskStkBasePtr                 0x0800d8d0   Data           4  os_cfg_app.o(.constdata)
    OSCfg_IntQTaskStkLimit                   0x0800d8d4   Data           4  os_cfg_app.o(.constdata)
    OSCfg_IntQTaskStkSize                    0x0800d8d8   Data           4  os_cfg_app.o(.constdata)
    OSCfg_IntQTaskStkSizeRAM                 0x0800d8dc   Data           4  os_cfg_app.o(.constdata)
    OSCfg_ISRStkBasePtr                      0x0800d8e0   Data           4  os_cfg_app.o(.constdata)
    OSCfg_ISRStkSize                         0x0800d8e4   Data           4  os_cfg_app.o(.constdata)
    OSCfg_ISRStkSizeRAM                      0x0800d8e8   Data           4  os_cfg_app.o(.constdata)
    OSCfg_MsgPoolSizeRAM                     0x0800d8ec   Data           4  os_cfg_app.o(.constdata)
    OSCfg_MsgPoolBasePtr                     0x0800d8f0   Data           4  os_cfg_app.o(.constdata)
    OSCfg_StatTaskRate_Hz                    0x0800d8f4   Data           4  os_cfg_app.o(.constdata)
    OSCfg_StatTaskStkBasePtr                 0x0800d8f8   Data           4  os_cfg_app.o(.constdata)
    OSCfg_StatTaskStkLimit                   0x0800d8fc   Data           4  os_cfg_app.o(.constdata)
    OSCfg_StatTaskStkSize                    0x0800d900   Data           4  os_cfg_app.o(.constdata)
    OSCfg_StatTaskStkSizeRAM                 0x0800d904   Data           4  os_cfg_app.o(.constdata)
    OSCfg_StkSizeMin                         0x0800d908   Data           4  os_cfg_app.o(.constdata)
    OSCfg_TickRate_Hz                        0x0800d90c   Data           4  os_cfg_app.o(.constdata)
    OSCfg_TickTaskStkBasePtr                 0x0800d910   Data           4  os_cfg_app.o(.constdata)
    OSCfg_TickTaskStkLimit                   0x0800d914   Data           4  os_cfg_app.o(.constdata)
    OSCfg_TickTaskStkSize                    0x0800d918   Data           4  os_cfg_app.o(.constdata)
    OSCfg_TickTaskStkSizeRAM                 0x0800d91c   Data           4  os_cfg_app.o(.constdata)
    OSCfg_TickWheelSizeRAM                   0x0800d920   Data           4  os_cfg_app.o(.constdata)
    OSCfg_TmrTaskRate_Hz                     0x0800d924   Data           4  os_cfg_app.o(.constdata)
    OSCfg_TmrTaskStkBasePtr                  0x0800d928   Data           4  os_cfg_app.o(.constdata)
    OSCfg_TmrTaskStkLimit                    0x0800d92c   Data           4  os_cfg_app.o(.constdata)
    OSCfg_TmrTaskStkSize                     0x0800d930   Data           4  os_cfg_app.o(.constdata)
    OSCfg_TmrTaskStkSizeRAM                  0x0800d934   Data           4  os_cfg_app.o(.constdata)
    OSCfg_TmrWheelSizeRAM                    0x0800d938   Data           4  os_cfg_app.o(.constdata)
    OSCfg_DataSizeRAM                        0x0800d93c   Data           4  os_cfg_app.o(.constdata)
    Region$$Table$$Base                      0x0803866c   Number         0  anon$$obj.o(Region$$Table)
    Region$$Table$$Limit                     0x0803868c   Number         0  anon$$obj.o(Region$$Table)
    __ctype                                  0x080386b5   Data           0  lc_ctype_c.o(locale$$data)
    Times                                    0x20000000   Data           1  main.o(.data)
    shijian                                  0x20000001   Data           1  main.o(.data)
    Heartbeat                                0x20000002   Data           2  main.o(.data)
    share_resource                           0x20000004   Data           1  main.o(.data)
    res_sd                                   0x20000005   Data           1  main.o(.data)
    Heart_beat                               0x20000006   Data           1  main.o(.data)
    Timer0_start                             0x20000007   Data           1  main.o(.data)
    SystemCoreClock                          0x20000008   Data           4  system_stm32f10x.o(.data)
    AHBPrescTable                            0x2000000c   Data          16  system_stm32f10x.o(.data)
    SD_Type                                  0x2000001d   Data           1  mmc_sd.o(.data)
    SPI_FLASH_TYPE                           0x2000001e   Data           2  flash.o(.data)
    USART_RX_STA                             0x20000024   Data           2  usart.o(.data)
    __stdout                                 0x20000028   Data           4  usart.o(.data)
    USART2_RX_STA                            0x2000002c   Data           2  usart2.o(.data)
    CPU_TS_TmrFreq_Hz                        0x20000044   Data           4  cpu_core.o(.data)
    Mem_PoolTbl                              0x20000048   Data           4  lib_mem.o(.data)
    OSPrioTbl                                0x2000004c   Data           8  os_prio.o(.data)
    OS_AppTaskCreateHookPtr                  0x20000054   Data           4  os_var.o(.data)
    OS_AppTaskDelHookPtr                     0x20000058   Data           4  os_var.o(.data)
    OS_AppTaskReturnHookPtr                  0x2000005c   Data           4  os_var.o(.data)
    OS_AppIdleTaskHookPtr                    0x20000060   Data           4  os_var.o(.data)
    OS_AppStatTaskHookPtr                    0x20000064   Data           4  os_var.o(.data)
    OS_AppTaskSwHookPtr                      0x20000068   Data           4  os_var.o(.data)
    OS_AppTimeTickHookPtr                    0x2000006c   Data           4  os_var.o(.data)
    OSIdleTaskCtr                            0x20000070   Data           4  os_var.o(.data)
    OSIntNestingCtr                          0x20000074   Data           1  os_var.o(.data)
    OSRunning                                0x20000075   Data           1  os_var.o(.data)
    OSIntQInPtr                              0x20000078   Data           4  os_var.o(.data)
    OSIntQOutPtr                             0x2000007c   Data           4  os_var.o(.data)
    OSIntQNbrEntries                         0x20000080   Data           2  os_var.o(.data)
    OSIntQNbrEntriesMax                      0x20000082   Data           2  os_var.o(.data)
    OSIntQOvfCtr                             0x20000084   Data           2  os_var.o(.data)
    OSIntQTaskTimeMax                        0x20000088   Data           4  os_var.o(.data)
    OSFlagDbgListPtr                         0x2000008c   Data           4  os_var.o(.data)
    OSFlagQty                                0x20000090   Data           2  os_var.o(.data)
    OSMemDbgListPtr                          0x20000094   Data           4  os_var.o(.data)
    OSMemQty                                 0x20000098   Data           2  os_var.o(.data)
    OSMutexDbgListPtr                        0x2000009c   Data           4  os_var.o(.data)
    OSMutexQty                               0x200000a0   Data           2  os_var.o(.data)
    OSPrioCur                                0x200000a2   Data           1  os_var.o(.data)
    OSPrioHighRdy                            0x200000a3   Data           1  os_var.o(.data)
    OSPrioSaved                              0x200000a4   Data           1  os_var.o(.data)
    OSQDbgListPtr                            0x200000a8   Data           4  os_var.o(.data)
    OSQQty                                   0x200000ac   Data           2  os_var.o(.data)
    OSSchedLockTimeBegin                     0x200000b0   Data           4  os_var.o(.data)
    OSSchedLockTimeMax                       0x200000b4   Data           4  os_var.o(.data)
    OSSchedLockTimeMaxCur                    0x200000b8   Data           4  os_var.o(.data)
    OSSchedLockNestingCtr                    0x200000bc   Data           1  os_var.o(.data)
    OSSchedRoundRobinDfltTimeQuanta          0x200000c0   Data           4  os_var.o(.data)
    OSSchedRoundRobinEn                      0x200000c4   Data           1  os_var.o(.data)
    OSSemDbgListPtr                          0x200000c8   Data           4  os_var.o(.data)
    OSSemQty                                 0x200000cc   Data           2  os_var.o(.data)
    OSStatResetFlag                          0x200000ce   Data           1  os_var.o(.data)
    OSStatTaskCPUUsage                       0x200000d0   Data           2  os_var.o(.data)
    OSStatTaskCPUUsageMax                    0x200000d2   Data           2  os_var.o(.data)
    OSStatTaskCtr                            0x200000d4   Data           4  os_var.o(.data)
    OSStatTaskCtrMax                         0x200000d8   Data           4  os_var.o(.data)
    OSStatTaskCtrRun                         0x200000dc   Data           4  os_var.o(.data)
    OSStatTaskRdy                            0x200000e0   Data           1  os_var.o(.data)
    OSStatTaskTimeMax                        0x200000e4   Data           4  os_var.o(.data)
    OSTaskCtxSwCtr                           0x200000e8   Data           4  os_var.o(.data)
    OSTaskDbgListPtr                         0x200000ec   Data           4  os_var.o(.data)
    OSTaskQty                                0x200000f0   Data           2  os_var.o(.data)
    OSTaskRegNextAvailID                     0x200000f2   Data           1  os_var.o(.data)
    OSTickCtr                                0x200000f4   Data           4  os_var.o(.data)
    OSTickTaskTimeMax                        0x200000f8   Data           4  os_var.o(.data)
    OSTmrDbgListPtr                          0x200000fc   Data           4  os_var.o(.data)
    OSTmrQty                                 0x20000100   Data           2  os_var.o(.data)
    OSTmrTaskTimeMax                         0x20000104   Data           4  os_var.o(.data)
    OSTmrTickCtr                             0x20000108   Data           4  os_var.o(.data)
    OSTmrUpdateCnt                           0x2000010c   Data           4  os_var.o(.data)
    OSTmrUpdateCtr                           0x20000110   Data           4  os_var.o(.data)
    OSTCBCurPtr                              0x20000114   Data           4  os_var.o(.data)
    OSTCBHighRdyPtr                          0x20000118   Data           4  os_var.o(.data)
    OS_CPU_ExceptStkBase                     0x2000011c   Data           4  os_cpu_c.o(.data)
    FLASH_SECTOR_COUNT                       0x20000120   Data           2  diskio.o(.data)
    file                                     0x20000130   Data           4  exfuns.o(.data)
    ftemp                                    0x20000134   Data           4  exfuns.o(.data)
    fatbuf                                   0x20000138   Data           4  exfuns.o(.data)
    fs                                       0x2000013c   Data           8  exfuns.o(.data)
    FILE_TYPE_TBL                            0x20000144   Data         312  exfuns.o(.data)
    br                                       0x2000027c   Data           4  exfuns.o(.data)
    mallco_dev                               0x20000280   Data          20  malloc.o(.data)
    StartTaskTCB                             0x20000298   Data         196  main.o(.bss)
    Task1_TaskTCB                            0x20000460   Data         196  main.o(.bss)
    Task2_TaskTCB                            0x20000628   Data         196  main.o(.bss)
    MY_SEM                                   0x200008f0   Data          40  main.o(.bss)
    buffer                                   0x20000918   Data         100  main.o(.bss)
    SPI_InitStructure                        0x2000097c   Data          18  spi.o(.bss)
    SPI_FLASH_BUF                            0x2000098e   Data        4096  flash.o(.bss)
    USART_RX_BUF                             0x2000198e   Data         200  usart.o(.bss)
    USART2_TX_BUF                            0x20001a58   Data         200  usart2.o(.bss)
    USART2_RX_BUF                            0x20001b20   Data         300  usart2.o(.bss)
    CPU_Name                                 0x20001c4c   Data          16  cpu_core.o(.bss)
    Mem_PoolHeap                             0x20001c5c   Data          72  lib_mem.o(.bss)
    Mem_Heap                                 0x20001ca4   Data        1024  lib_mem.o(.bss)
    OSCfg_IdleTaskStk                        0x200020a4   Data         512  os_cfg_app.o(.bss)
    OSCfg_IntQ                               0x200022a4   Data         320  os_cfg_app.o(.bss)
    OSCfg_IntQTaskStk                        0x200023e4   Data         512  os_cfg_app.o(.bss)
    OSCfg_ISRStk                             0x200025e4   Data         512  os_cfg_app.o(.bss)
    OSCfg_MsgPool                            0x200027e4   Data        1600  os_cfg_app.o(.bss)
    OSCfg_StatTaskStk                        0x20002e24   Data         512  os_cfg_app.o(.bss)
    OSCfg_TickTaskStk                        0x20003024   Data         512  os_cfg_app.o(.bss)
    OSCfg_TickWheel                          0x20003224   Data         136  os_cfg_app.o(.bss)
    OSCfg_TmrTaskStk                         0x200032ac   Data         512  os_cfg_app.o(.bss)
    OSCfg_TmrWheel                           0x200034ac   Data         136  os_cfg_app.o(.bss)
    OSIdleTaskTCB                            0x20003534   Data         196  os_var.o(.bss)
    OSIntQTaskTCB                            0x200035f8   Data         196  os_var.o(.bss)
    OSMsgPool                                0x200036bc   Data          12  os_var.o(.bss)
    OSRdyList                                0x200036c8   Data         768  os_var.o(.bss)
    OSStatTaskTCB                            0x200039c8   Data         196  os_var.o(.bss)
    OSTickTaskTCB                            0x20003a8c   Data         196  os_var.o(.bss)
    OSTmrTaskTCB                             0x20003b50   Data         196  os_var.o(.bss)
    membase                                  0x20003c14   Data       25600  malloc.o(.bss)
    memmapbase                               0x2000a014   Data        1600  malloc.o(.bss)
    __libspace_start                         0x2000a654   Data          96  libspace.o(.bss)
    __temporary_stack_top$libspace           0x2000a6b4   Data           0  libspace.o(.bss)



==============================================================================

Memory Map of the image

  Image Entry point : 0x08000131

  Load Region LR_IROM1 (Base: 0x08000000, Size: 0x00038a4c, Max: 0x00040000, ABSOLUTE, COMPRESSED[0x00038838])

    Execution Region ER_IROM1 (Base: 0x08000000, Size: 0x000387b8, Max: 0x00040000, ABSOLUTE)

    Base Addr    Size         Type   Attr      Idx    E Section Name        Object

    0x08000000   0x00000130   Data   RO          457    RESET               startup_stm32f10x_hd.o
    0x08000130   0x00000008   Code   RO         1207  * !!!main             c_w.l(__main.o)
    0x08000138   0x00000034   Code   RO         1503    !!!scatter          c_w.l(__scatter.o)
    0x0800016c   0x0000005a   Code   RO         1501    !!dczerorl2         c_w.l(__dczerorl2.o)
    0x080001c6   0x00000002   PAD
    0x080001c8   0x0000001c   Code   RO         1505    !!handler_zi        c_w.l(__scatter_zi.o)
    0x080001e4   0x00000000   Code   RO         1196    .ARM.Collect$$_printf_percent$$00000000  c_w.l(_printf_percent.o)
    0x080001e4   0x00000006   Code   RO         1265    .ARM.Collect$$_printf_percent$$00000001  c_w.l(_printf_n.o)
    0x080001ea   0x00000006   Code   RO         1267    .ARM.Collect$$_printf_percent$$00000002  c_w.l(_printf_p.o)
    0x080001f0   0x00000006   Code   RO         1271    .ARM.Collect$$_printf_percent$$00000003  c_w.l(_printf_f.o)
    0x080001f6   0x00000006   Code   RO         1272    .ARM.Collect$$_printf_percent$$00000004  c_w.l(_printf_e.o)
    0x080001fc   0x00000006   Code   RO         1273    .ARM.Collect$$_printf_percent$$00000005  c_w.l(_printf_g.o)
    0x08000202   0x00000006   Code   RO         1274    .ARM.Collect$$_printf_percent$$00000006  c_w.l(_printf_a.o)
    0x08000208   0x0000000a   Code   RO         1279    .ARM.Collect$$_printf_percent$$00000007  c_w.l(_printf_ll.o)
    0x08000212   0x00000006   Code   RO         1269    .ARM.Collect$$_printf_percent$$00000008  c_w.l(_printf_i.o)
    0x08000218   0x00000006   Code   RO         1195    .ARM.Collect$$_printf_percent$$00000009  c_w.l(_printf_d.o)
    0x0800021e   0x00000006   Code   RO         1270    .ARM.Collect$$_printf_percent$$0000000A  c_w.l(_printf_u.o)
    0x08000224   0x00000006   Code   RO         1268    .ARM.Collect$$_printf_percent$$0000000B  c_w.l(_printf_o.o)
    0x0800022a   0x00000006   Code   RO         1266    .ARM.Collect$$_printf_percent$$0000000C  c_w.l(_printf_x.o)
    0x08000230   0x00000006   Code   RO         1276    .ARM.Collect$$_printf_percent$$0000000D  c_w.l(_printf_lli.o)
    0x08000236   0x00000006   Code   RO         1277    .ARM.Collect$$_printf_percent$$0000000E  c_w.l(_printf_lld.o)
    0x0800023c   0x00000006   Code   RO         1278    .ARM.Collect$$_printf_percent$$0000000F  c_w.l(_printf_llu.o)
    0x08000242   0x00000006   Code   RO         1283    .ARM.Collect$$_printf_percent$$00000010  c_w.l(_printf_llo.o)
    0x08000248   0x00000006   Code   RO         1284    .ARM.Collect$$_printf_percent$$00000011  c_w.l(_printf_llx.o)
    0x0800024e   0x0000000a   Code   RO         1280    .ARM.Collect$$_printf_percent$$00000012  c_w.l(_printf_l.o)
    0x08000258   0x00000006   Code   RO         1264    .ARM.Collect$$_printf_percent$$00000013  c_w.l(_printf_c.o)
    0x0800025e   0x00000006   Code   RO         1194    .ARM.Collect$$_printf_percent$$00000014  c_w.l(_printf_s.o)
    0x08000264   0x00000006   Code   RO         1281    .ARM.Collect$$_printf_percent$$00000015  c_w.l(_printf_lc.o)
    0x0800026a   0x00000006   Code   RO         1282    .ARM.Collect$$_printf_percent$$00000016  c_w.l(_printf_ls.o)
    0x08000270   0x00000004   Code   RO         1275    .ARM.Collect$$_printf_percent$$00000017  c_w.l(_printf_percent_end.o)
    0x08000274   0x00000002   Code   RO         1368    .ARM.Collect$$libinit$$00000000  c_w.l(libinit.o)
    0x08000276   0x00000000   Code   RO         1389    .ARM.Collect$$libinit$$00000002  c_w.l(libinit2.o)
    0x08000276   0x00000000   Code   RO         1391    .ARM.Collect$$libinit$$00000004  c_w.l(libinit2.o)
    0x08000276   0x00000000   Code   RO         1394    .ARM.Collect$$libinit$$0000000A  c_w.l(libinit2.o)
    0x08000276   0x00000000   Code   RO         1396    .ARM.Collect$$libinit$$0000000C  c_w.l(libinit2.o)
    0x08000276   0x00000000   Code   RO         1398    .ARM.Collect$$libinit$$0000000E  c_w.l(libinit2.o)
    0x08000276   0x00000006   Code   RO         1399    .ARM.Collect$$libinit$$0000000F  c_w.l(libinit2.o)
    0x0800027c   0x00000000   Code   RO         1401    .ARM.Collect$$libinit$$00000011  c_w.l(libinit2.o)
    0x0800027c   0x0000000c   Code   RO         1402    .ARM.Collect$$libinit$$00000012  c_w.l(libinit2.o)
    0x08000288   0x00000000   Code   RO         1403    .ARM.Collect$$libinit$$00000013  c_w.l(libinit2.o)
    0x08000288   0x00000000   Code   RO         1405    .ARM.Collect$$libinit$$00000015  c_w.l(libinit2.o)
    0x08000288   0x0000000a   Code   RO         1406    .ARM.Collect$$libinit$$00000016  c_w.l(libinit2.o)
    0x08000292   0x00000000   Code   RO         1407    .ARM.Collect$$libinit$$00000017  c_w.l(libinit2.o)
    0x08000292   0x00000000   Code   RO         1409    .ARM.Collect$$libinit$$00000019  c_w.l(libinit2.o)
    0x08000292   0x00000000   Code   RO         1411    .ARM.Collect$$libinit$$0000001B  c_w.l(libinit2.o)
    0x08000292   0x00000000   Code   RO         1413    .ARM.Collect$$libinit$$0000001D  c_w.l(libinit2.o)
    0x08000292   0x00000000   Code   RO         1415    .ARM.Collect$$libinit$$0000001F  c_w.l(libinit2.o)
    0x08000292   0x00000000   Code   RO         1417    .ARM.Collect$$libinit$$00000021  c_w.l(libinit2.o)
    0x08000292   0x00000000   Code   RO         1419    .ARM.Collect$$libinit$$00000023  c_w.l(libinit2.o)
    0x08000292   0x00000000   Code   RO         1421    .ARM.Collect$$libinit$$00000025  c_w.l(libinit2.o)
    0x08000292   0x00000000   Code   RO         1425    .ARM.Collect$$libinit$$0000002C  c_w.l(libinit2.o)
    0x08000292   0x00000000   Code   RO         1427    .ARM.Collect$$libinit$$0000002E  c_w.l(libinit2.o)
    0x08000292   0x00000000   Code   RO         1429    .ARM.Collect$$libinit$$00000030  c_w.l(libinit2.o)
    0x08000292   0x00000000   Code   RO         1431    .ARM.Collect$$libinit$$00000032  c_w.l(libinit2.o)
    0x08000292   0x00000002   Code   RO         1432    .ARM.Collect$$libinit$$00000033  c_w.l(libinit2.o)
    0x08000294   0x00000002   Code   RO         1458    .ARM.Collect$$libshutdown$$00000000  c_w.l(libshutdown.o)
    0x08000296   0x00000000   Code   RO         1486    .ARM.Collect$$libshutdown$$00000003  c_w.l(libshutdown2.o)
    0x08000296   0x00000000   Code   RO         1489    .ARM.Collect$$libshutdown$$00000006  c_w.l(libshutdown2.o)
    0x08000296   0x00000000   Code   RO         1492    .ARM.Collect$$libshutdown$$00000009  c_w.l(libshutdown2.o)
    0x08000296   0x00000000   Code   RO         1494    .ARM.Collect$$libshutdown$$0000000B  c_w.l(libshutdown2.o)
    0x08000296   0x00000000   Code   RO         1497    .ARM.Collect$$libshutdown$$0000000E  c_w.l(libshutdown2.o)
    0x08000296   0x00000002   Code   RO         1498    .ARM.Collect$$libshutdown$$0000000F  c_w.l(libshutdown2.o)
    0x08000298   0x00000000   Code   RO         1211    .ARM.Collect$$rtentry$$00000000  c_w.l(__rtentry.o)
    0x08000298   0x00000000   Code   RO         1288    .ARM.Collect$$rtentry$$00000002  c_w.l(__rtentry2.o)
    0x08000298   0x00000006   Code   RO         1300    .ARM.Collect$$rtentry$$00000004  c_w.l(__rtentry4.o)
    0x0800029e   0x00000000   Code   RO         1290    .ARM.Collect$$rtentry$$00000009  c_w.l(__rtentry2.o)
    0x0800029e   0x00000004   Code   RO         1291    .ARM.Collect$$rtentry$$0000000A  c_w.l(__rtentry2.o)
    0x080002a2   0x00000000   Code   RO         1293    .ARM.Collect$$rtentry$$0000000C  c_w.l(__rtentry2.o)
    0x080002a2   0x00000008   Code   RO         1294    .ARM.Collect$$rtentry$$0000000D  c_w.l(__rtentry2.o)
    0x080002aa   0x00000002   Code   RO         1377    .ARM.Collect$$rtexit$$00000000  c_w.l(rtexit.o)
    0x080002ac   0x00000000   Code   RO         1434    .ARM.Collect$$rtexit$$00000002  c_w.l(rtexit2.o)
    0x080002ac   0x00000004   Code   RO         1435    .ARM.Collect$$rtexit$$00000003  c_w.l(rtexit2.o)
    0x080002b0   0x00000006   Code   RO         1436    .ARM.Collect$$rtexit$$00000004  c_w.l(rtexit2.o)
    0x080002b6   0x00000002   PAD
    0x080002b8   0x00000540   Code   RO            1    .text               main.o
    0x080007f8   0x0000000e   Code   RO          200    .text               stm32f10x_it.o
    0x08000806   0x00000002   PAD
    0x08000808   0x00000158   Code   RO          232    .text               system_stm32f10x.o
    0x08000960   0x00000054   Code   RO          250    .text               led.o
    0x080009b4   0x00000100   Code   RO          262    .text               key.o
    0x08000ab4   0x000004a8   Code   RO          275    .text               mmc_sd.o
    0x08000f5c   0x000000e0   Code   RO          301    .text               spi.o
    0x0800103c   0x00000328   Code   RO          316    .text               flash.o
    0x08001364   0x00000134   Code   RO          336    .text               sim808.o
    0x08001498   0x000000c0   Code   RO          349    .text               timer.o
    0x08001558   0x00000118   Code   RO          362    .text               delay.o
    0x08001670   0x00000120   Code   RO          394    .text               usart.o
    0x08001790   0x000002b0   Code   RO          418    .text               usart2.o
    0x08001a40   0x00000040   Code   RO          458    .text               startup_stm32f10x_hd.o
    0x08001a80   0x000000b0   Code   RO          462    .text               misc.o
    0x08001b30   0x00000264   Code   RO          474    .text               stm32f10x_gpio.o
    0x08001d94   0x00000328   Code   RO          486    .text               stm32f10x_usart.o
    0x080020bc   0x000002b8   Code   RO          498    .text               stm32f10x_rcc.o
    0x08002374   0x00000274   Code   RO          512    .text               stm32f10x_spi.o
    0x080025e8   0x00000af0   Code   RO          524    .text               stm32f10x_tim.o
    0x080030d8   0x000001c8   Code   RO          537    .text               stm32f10x_dma.o
    0x080032a0   0x00000068   Code   RO          549    .text               bsp.o
    0x08003308   0x000001bc   Code   RO          565    .text               cpu_core.o
    0x080034c4   0x00000034   Code   RO          605    .text               cpu_a.o
    0x080034f8   0x0000015a   Code   RO          608    .text               lib_ascii.o
    0x08003652   0x00000002   PAD
    0x08003654   0x00000668   Code   RO          643    .text               lib_mem.o
    0x08003cbc   0x000005a8   Code   RO          662    .text               lib_str.o
    0x08004264   0x00000220   Code   RO          680    .text               lib_mem_a.o
    0x08004484   0x00000002   Code   RO          683    .text               os_cfg_app.o
    0x08004486   0x00000002   PAD
    0x08004488   0x00000adc   Code   RO          715    .text               os_core.o
    0x08004f64   0x00000002   Code   RO          728    .text               os_dbg.o
    0x08004f66   0x00000002   PAD
    0x08004f68   0x00000768   Code   RO          744    .text               os_flag.o
    0x080056d0   0x00000328   Code   RO          757    .text               os_int.o
    0x080059f8   0x00000174   Code   RO          769    .text               os_mem.o
    0x08005b6c   0x00000188   Code   RO          781    .text               os_msg.o
    0x08005cf4   0x000006e4   Code   RO          793    .text               os_mutex.o
    0x080063d8   0x00000070   Code   RO          812    .text               os_prio.o
    0x08006448   0x00000610   Code   RO          831    .text               os_q.o
    0x08006a58   0x00000554   Code   RO          844    .text               os_sem.o
    0x08006fac   0x00000400   Code   RO          857    .text               os_stat.o
    0x080073ac   0x00000f2c   Code   RO          869    .text               os_task.o
    0x080082d8   0x00000350   Code   RO          881    .text               os_tick.o
    0x08008628   0x00000310   Code   RO          894    .text               os_time.o
    0x08008938   0x0000065c   Code   RO          906    .text               os_tmr.o
    0x08008f94   0x00000188   Code   RO          997    .text               os_cpu_c.o
    0x0800911c   0x00000184   Code   RO         1030    .text               diskio.o
    0x080092a0   0x000028e4   Code   RO         1056    .text               ff.o
    0x0800bb84   0x000000cc   Code   RO         1075    .text               cc936.o
    0x0800bc50   0x00000120   Code   RO         1098    .text               exfuns.o
    0x0800bd70   0x00000150   Code   RO         1132    .text               malloc.o
    0x0800bec0   0x00000002   Code   RO         1158    .text               c_w.l(use_no_semi_2.o)
    0x0800bec2   0x000000ee   Code   RO         1160    .text               c_w.l(lludivv7m.o)
    0x0800bfb0   0x00000024   Code   RO         1162    .text               c_w.l(c89vsprintf.o)
    0x0800bfd4   0x00000018   Code   RO         1164    .text               c_w.l(__2printf.o)
    0x0800bfec   0x00000052   Code   RO         1170    .text               c_w.l(_printf_str.o)
    0x0800c03e   0x00000002   PAD
    0x0800c040   0x00000078   Code   RO         1172    .text               c_w.l(_printf_dec.o)
    0x0800c0b8   0x00000188   Code   RO         1191    .text               c_w.l(__printf_flags_ss_wp.o)
    0x0800c240   0x00000024   Code   RO         1197    .text               c_w.l(strstr.o)
    0x0800c264   0x00000048   Code   RO         1199    .text               c_w.l(strcpy.o)
    0x0800c2ac   0x0000003e   Code   RO         1201    .text               c_w.l(strlen.o)
    0x0800c2ea   0x00000002   PAD
    0x0800c2ec   0x00000080   Code   RO         1203    .text               c_w.l(strcmpv7m.o)
    0x0800c36c   0x00000006   Code   RO         1205    .text               c_w.l(heapauxi.o)
    0x0800c372   0x00000002   Code   RO         1209    .text               c_w.l(use_no_semi.o)
    0x0800c374   0x0000004e   Code   RO         1216    .text               c_w.l(_printf_pad.o)
    0x0800c3c2   0x00000024   Code   RO         1218    .text               c_w.l(_printf_truncate.o)
    0x0800c3e6   0x000000b2   Code   RO         1220    .text               c_w.l(_printf_intcommon.o)
    0x0800c498   0x00000028   Code   RO         1222    .text               c_w.l(_printf_charcount.o)
    0x0800c4c0   0x00000030   Code   RO         1224    .text               c_w.l(_printf_char_common.o)
    0x0800c4f0   0x0000000a   Code   RO         1226    .text               c_w.l(_sputc.o)
    0x0800c4fa   0x0000002c   Code   RO         1228    .text               c_w.l(_printf_char.o)
    0x0800c526   0x00000002   PAD
    0x0800c528   0x00000024   Code   RO         1230    .text               c_w.l(_printf_char_file.o)
    0x0800c54c   0x000000bc   Code   RO         1232    .text               c_w.l(_printf_wctomb.o)
    0x0800c608   0x0000007c   Code   RO         1235    .text               c_w.l(_printf_longlong_dec.o)
    0x0800c684   0x00000070   Code   RO         1241    .text               c_w.l(_printf_oct_int_ll.o)
    0x0800c6f4   0x00000094   Code   RO         1261    .text               c_w.l(_printf_hex_int_ll_ptr.o)
    0x0800c788   0x0000008a   Code   RO         1304    .text               c_w.l(lludiv10.o)
    0x0800c812   0x0000041a   Code   RO         1306    .text               c_w.l(_printf_fp_dec.o)
    0x0800cc2c   0x0000002c   Code   RO         1310    .text               c_w.l(_printf_wchar.o)
    0x0800cc58   0x00000008   Code   RO         1312    .text               c_w.l(ferror.o)
    0x0800cc60   0x00000040   Code   RO         1316    .text               c_w.l(_wcrtomb.o)
    0x0800cca0   0x0000004a   Code   RO         1318    .text               c_w.l(sys_stackheap_outer.o)
    0x0800ccea   0x00000002   PAD
    0x0800ccec   0x00000010   Code   RO         1320    .text               c_w.l(rt_ctype_table.o)
    0x0800ccfc   0x00000008   Code   RO         1325    .text               c_w.l(rt_locale_intlibspace.o)
    0x0800cd04   0x00000080   Code   RO         1327    .text               c_w.l(_printf_fp_infnan.o)
    0x0800cd84   0x000000dc   Code   RO         1329    .text               c_w.l(bigflt0.o)
    0x0800ce60   0x0000000c   Code   RO         1357    .text               c_w.l(exit.o)
    0x0800ce6c   0x00000008   Code   RO         1374    .text               c_w.l(libspace.o)
    0x0800ce74   0x0000003e   Code   RO         1332    CL$$btod_d2e        c_w.l(btod.o)
    0x0800ceb2   0x00000046   Code   RO         1334    CL$$btod_d2e_denorm_low  c_w.l(btod.o)
    0x0800cef8   0x00000060   Code   RO         1333    CL$$btod_d2e_norm_op1  c_w.l(btod.o)
    0x0800cf58   0x00000338   Code   RO         1342    CL$$btod_div_common  c_w.l(btod.o)
    0x0800d290   0x000000c6   Code   RO         1339    CL$$btod_e2e        c_w.l(btod.o)
    0x0800d356   0x00000028   Code   RO         1336    CL$$btod_ediv       c_w.l(btod.o)
    0x0800d37e   0x00000028   Code   RO         1335    CL$$btod_emul       c_w.l(btod.o)
    0x0800d3a6   0x00000244   Code   RO         1341    CL$$btod_mult_common  c_w.l(btod.o)
    0x0800d5ea   0x00000002   PAD
    0x0800d5ec   0x00000098   Code   RO          994    CODE                os_cpu_a.o
    0x0800d684   0x00000028   Code   RO         1372    i.__ARM_fpclassify  m_ws.l(fpclassify.o)
    0x0800d6ac   0x0000000e   Code   RO         1184    i._is_digit         c_w.l(__printf_wp.o)
    0x0800d6ba   0x00000002   PAD
    0x0800d6bc   0x0000002c   Code   RO         1355    locale$$code        c_w.l(lc_numeric_c.o)
    0x0800d6e8   0x0000002c   Code   RO         1382    locale$$code        c_w.l(lc_ctype_c.o)
    0x0800d714   0x00000004   Code   RO         1285    x$fpl$printf1       fz_ws.l(printf1.o)
    0x0800d718   0x00000000   Code   RO         1371    x$fpl$usenofp       fz_ws.l(usenofp.o)
    0x0800d718   0x00000100   Data   RO          567    .constdata          cpu_core.o
    0x0800d818   0x00000094   Data   RO          663    .constdata          lib_str.o
    0x0800d8ac   0x00000094   Data   RO          694    .constdata          os_cfg_app.o
    0x0800d940   0x0000003a   Data   RO         1057    .constdata          ff.o
    0x0800d97a   0x0002abb6   Data   RO         1076    .constdata          cc936.o
    0x08038530   0x00000011   Data   RO         1192    .constdata          c_w.l(__printf_flags_ss_wp.o)
    0x08038541   0x00000003   PAD
    0x08038544   0x00000008   Data   RO         1233    .constdata          c_w.l(_printf_wctomb.o)
    0x0803854c   0x00000028   Data   RO         1262    .constdata          c_w.l(_printf_hex_int_ll_ptr.o)
    0x08038574   0x00000094   Data   RO         1330    .constdata          c_w.l(bigflt0.o)
    0x08038608   0x00000064   Data   RO         1101    .conststring        exfuns.o
    0x0803866c   0x00000020   Data   RO         1499    Region$$Table       anon$$obj.o
    0x0803868c   0x0000001c   Data   RO         1354    locale$$data        c_w.l(lc_numeric_c.o)
    0x080386a8   0x00000110   Data   RO         1381    locale$$data        c_w.l(lc_ctype_c.o)


    Execution Region RW_IRAM1 (Base: 0x20000000, Size: 0x0000acb8, Max: 0x0000c000, ABSOLUTE, COMPRESSED[0x00000080])

    Base Addr    Size         Type   Attr      Idx    E Section Name        Object

    0x20000000   0x00000001   Data   RW            7    .data               main.o
    0x20000001   0x00000001   Data   RW            9    .data               main.o
    0x20000002   0x00000002   Data   RW           10    .data               main.o
    0x20000004   0x00000002   Data   RW           11    .data               main.o
    0x20000006   0x00000001   Data   RW           19    .data               main.o
    0x20000007   0x00000001   Data   RW           20    .data               main.o
    0x20000008   0x00000014   Data   RW          233    .data               system_stm32f10x.o
    0x2000001c   0x00000001   Data   RW          263    .data               key.o
    0x2000001d   0x00000001   Data   RW          276    .data               mmc_sd.o
    0x2000001e   0x00000002   Data   RW          318    .data               flash.o
    0x20000020   0x00000004   Data   RW          363    .data               delay.o
    0x20000024   0x00000002   Data   RW          396    .data               usart.o
    0x20000026   0x00000002   PAD
    0x20000028   0x00000004   Data   RW          397    .data               usart.o
    0x2000002c   0x00000002   Data   RW          420    .data               usart2.o
    0x2000002e   0x00000014   Data   RW          499    .data               stm32f10x_rcc.o
    0x20000042   0x00000002   PAD
    0x20000044   0x00000004   Data   RW          569    .data               cpu_core.o
    0x20000048   0x00000004   Data   RW          645    .data               lib_mem.o
    0x2000004c   0x00000008   Data   RW          813    .data               os_prio.o
    0x20000054   0x00000004   Data   RW          925    .data               os_var.o
    0x20000058   0x00000004   Data   RW          926    .data               os_var.o
    0x2000005c   0x00000004   Data   RW          927    .data               os_var.o
    0x20000060   0x00000004   Data   RW          928    .data               os_var.o
    0x20000064   0x00000004   Data   RW          929    .data               os_var.o
    0x20000068   0x00000004   Data   RW          930    .data               os_var.o
    0x2000006c   0x00000004   Data   RW          931    .data               os_var.o
    0x20000070   0x00000004   Data   RW          932    .data               os_var.o
    0x20000074   0x00000001   Data   RW          933    .data               os_var.o
    0x20000075   0x00000001   Data   RW          934    .data               os_var.o
    0x20000076   0x00000002   PAD
    0x20000078   0x00000004   Data   RW          935    .data               os_var.o
    0x2000007c   0x00000004   Data   RW          936    .data               os_var.o
    0x20000080   0x00000002   Data   RW          937    .data               os_var.o
    0x20000082   0x00000002   Data   RW          938    .data               os_var.o
    0x20000084   0x00000002   Data   RW          939    .data               os_var.o
    0x20000086   0x00000002   PAD
    0x20000088   0x00000004   Data   RW          940    .data               os_var.o
    0x2000008c   0x00000004   Data   RW          941    .data               os_var.o
    0x20000090   0x00000002   Data   RW          942    .data               os_var.o
    0x20000092   0x00000002   PAD
    0x20000094   0x00000004   Data   RW          943    .data               os_var.o
    0x20000098   0x00000002   Data   RW          944    .data               os_var.o
    0x2000009a   0x00000002   PAD
    0x2000009c   0x00000004   Data   RW          945    .data               os_var.o
    0x200000a0   0x00000002   Data   RW          946    .data               os_var.o
    0x200000a2   0x00000001   Data   RW          947    .data               os_var.o
    0x200000a3   0x00000001   Data   RW          948    .data               os_var.o
    0x200000a4   0x00000001   Data   RW          949    .data               os_var.o
    0x200000a5   0x00000003   PAD
    0x200000a8   0x00000004   Data   RW          950    .data               os_var.o
    0x200000ac   0x00000002   Data   RW          951    .data               os_var.o
    0x200000ae   0x00000002   PAD
    0x200000b0   0x00000004   Data   RW          952    .data               os_var.o
    0x200000b4   0x00000004   Data   RW          953    .data               os_var.o
    0x200000b8   0x00000004   Data   RW          954    .data               os_var.o
    0x200000bc   0x00000001   Data   RW          955    .data               os_var.o
    0x200000bd   0x00000003   PAD
    0x200000c0   0x00000004   Data   RW          956    .data               os_var.o
    0x200000c4   0x00000001   Data   RW          957    .data               os_var.o
    0x200000c5   0x00000003   PAD
    0x200000c8   0x00000004   Data   RW          958    .data               os_var.o
    0x200000cc   0x00000002   Data   RW          959    .data               os_var.o
    0x200000ce   0x00000001   Data   RW          960    .data               os_var.o
    0x200000cf   0x00000001   PAD
    0x200000d0   0x00000002   Data   RW          961    .data               os_var.o
    0x200000d2   0x00000002   Data   RW          962    .data               os_var.o
    0x200000d4   0x00000004   Data   RW          963    .data               os_var.o
    0x200000d8   0x00000004   Data   RW          964    .data               os_var.o
    0x200000dc   0x00000004   Data   RW          965    .data               os_var.o
    0x200000e0   0x00000001   Data   RW          966    .data               os_var.o
    0x200000e1   0x00000003   PAD
    0x200000e4   0x00000004   Data   RW          967    .data               os_var.o
    0x200000e8   0x00000004   Data   RW          968    .data               os_var.o
    0x200000ec   0x00000004   Data   RW          969    .data               os_var.o
    0x200000f0   0x00000002   Data   RW          970    .data               os_var.o
    0x200000f2   0x00000001   Data   RW          971    .data               os_var.o
    0x200000f3   0x00000001   PAD
    0x200000f4   0x00000004   Data   RW          972    .data               os_var.o
    0x200000f8   0x00000004   Data   RW          973    .data               os_var.o
    0x200000fc   0x00000004   Data   RW          974    .data               os_var.o
    0x20000100   0x00000002   Data   RW          975    .data               os_var.o
    0x20000102   0x00000002   PAD
    0x20000104   0x00000004   Data   RW          976    .data               os_var.o
    0x20000108   0x00000004   Data   RW          977    .data               os_var.o
    0x2000010c   0x00000004   Data   RW          978    .data               os_var.o
    0x20000110   0x00000004   Data   RW          979    .data               os_var.o
    0x20000114   0x00000004   Data   RW          980    .data               os_var.o
    0x20000118   0x00000004   Data   RW          981    .data               os_var.o
    0x2000011c   0x00000004   Data   RW          998    .data               os_cpu_c.o
    0x20000120   0x00000002   Data   RW         1031    .data               diskio.o
    0x20000122   0x00000002   PAD
    0x20000124   0x0000000c   Data   RW         1058    .data               ff.o
    0x20000130   0x0000014c   Data   RW         1102    .data               exfuns.o
    0x2000027c   0x00000004   Data   RW         1103    .data               exfuns.o
    0x20000280   0x00000014   Data   RW         1138    .data               malloc.o
    0x20000294   0x00000004   PAD
    0x20000298   0x000006e4   Zero   RW            2    .bss                main.o
    0x2000097c   0x00000012   Zero   RW          302    .bss                spi.o
    0x2000098e   0x00001000   Zero   RW          317    .bss                flash.o
    0x2000198e   0x000000c8   Zero   RW          395    .bss                usart.o
    0x20001a56   0x00000002   PAD
    0x20001a58   0x000001f4   Zero   RW          419    .bss                usart2.o
    0x20001c4c   0x00000010   Zero   RW          566    .bss                cpu_core.o
    0x20001c5c   0x00000448   Zero   RW          644    .bss                lib_mem.o
    0x200020a4   0x00000200   Zero   RW          684    .bss                os_cfg_app.o
    0x200022a4   0x00000140   Zero   RW          685    .bss                os_cfg_app.o
    0x200023e4   0x00000200   Zero   RW          686    .bss                os_cfg_app.o
    0x200025e4   0x00000200   Zero   RW          687    .bss                os_cfg_app.o
    0x200027e4   0x00000640   Zero   RW          688    .bss                os_cfg_app.o
    0x20002e24   0x00000200   Zero   RW          689    .bss                os_cfg_app.o
    0x20003024   0x00000200   Zero   RW          690    .bss                os_cfg_app.o
    0x20003224   0x00000088   Zero   RW          691    .bss                os_cfg_app.o
    0x200032ac   0x00000200   Zero   RW          692    .bss                os_cfg_app.o
    0x200034ac   0x00000088   Zero   RW          693    .bss                os_cfg_app.o
    0x20003534   0x000000c4   Zero   RW          918    .bss                os_var.o
    0x200035f8   0x000000c4   Zero   RW          919    .bss                os_var.o
    0x200036bc   0x0000000c   Zero   RW          920    .bss                os_var.o
    0x200036c8   0x00000300   Zero   RW          921    .bss                os_var.o
    0x200039c8   0x000000c4   Zero   RW          922    .bss                os_var.o
    0x20003a8c   0x000000c4   Zero   RW          923    .bss                os_var.o
    0x20003b50   0x000000c4   Zero   RW          924    .bss                os_var.o
    0x20003c14   0x00006400   Zero   RW         1133    .bss                malloc.o
    0x2000a014   0x00000640   Zero   RW         1134    .bss                malloc.o
    0x2000a654   0x00000060   Zero   RW         1375    .bss                c_w.l(libspace.o)
    0x2000a6b4   0x00000004   PAD
    0x2000a6b8   0x00000200   Zero   RW          456    HEAP                startup_stm32f10x_hd.o
    0x2000a8b8   0x00000400   Zero   RW          455    STACK               startup_stm32f10x_hd.o


==============================================================================

Image component sizes


      Code (inc. data)   RO Data    RW Data    ZI Data      Debug   Object Name

       104         12          0          0          0       1717   bsp.o
       204         28     175030          0          0       2369   cc936.o
        52          0          0          0          0        324   cpu_a.o
       444         12        256          4         16      13893   cpu_core.o
       280         28          0          4          0       2379   delay.o
       388         14          0          2          0       3890   diskio.o
       288          4        100        336          0       2570   exfuns.o
     10468        132         58         12          0      39636   ff.o
       808         16          0          2       4096       4627   flash.o
       256         16          0          1          0        864   key.o
        84         10          0          0          0        487   led.o
       346          0          0          0          0       4170   lib_ascii.o
      1640         26          0          4       1096      21912   lib_mem.o
       544          0          0          0          0        468   lib_mem_a.o
      1448          4        148          0          0      12308   lib_str.o
      1344        420          0          8       1764     316835   main.o
       336          4          0         20      27200       3991   malloc.o
       176         14          0          0          0       1813   misc.o
      1192         18          0          1          0       6520   mmc_sd.o
         2          0        148          0       5264      20778   os_cfg_app.o
      2780        268          0          0          0      12919   os_core.o
       152         32          0          0          0        380   os_cpu_a.o
       392         64          0          4          0       3473   os_cpu_c.o
         2          0          0          0          0        446   os_dbg.o
      1896         80          0          0          0       7725   os_flag.o
       808        146          0          0          0       2576   os_int.o
       372         20          0          0          0       2500   os_mem.o
       392         14          0          0          0       2943   os_msg.o
      1764         92          0          0          0       5832   os_mutex.o
       112          6          0          8          0       1800   os_prio.o
      1552         66          0          0          0       6326   os_q.o
      1364         58          0          0          0       6190   os_sem.o
      1024        146          0          0          0       2925   os_stat.o
      3884        216          0          0          0      14726   os_task.o
       848         82          0          0          0       3619   os_tick.o
       784         42          0          0          0       3329   os_time.o
      1628        128          0          0          0       6546   os_tmr.o
         0          0          0        174       1760      19317   os_var.o
       308         92          0          0          0       1870   sim808.o
       224         12          0          0         18       1241   spi.o
        64         26        304          0       1536        780   startup_stm32f10x_hd.o
       456         10          0          0          0       4454   stm32f10x_dma.o
       612         36          0          0          0       5761   stm32f10x_gpio.o
        14          0          0          0          0        955   stm32f10x_it.o
       696         32          0         20          0       8640   stm32f10x_rcc.o
       628         14          0          0          0       6670   stm32f10x_spi.o
      2800         84          0          0          0      22882   stm32f10x_tim.o
       808         22          0          0          0       8528   stm32f10x_usart.o
         0          0          0          0          0         32   sys.o
       344         34          0         20          0       1731   system_stm32f10x.o
       192         20          0          0          0        729   timer.o
       288         18          0          6        200       3194   usart.o
       688         26          0          2        500       4238   usart2.o

    ----------------------------------------------------------------------
     48288       2644     176076        660      43456     636828   Object Totals
         0          0         32          0          0          0   (incl. Generated)
         8          0          0         32          6          0   (incl. Padding)

    ----------------------------------------------------------------------

      Code (inc. data)   RO Data    RW Data    ZI Data      Debug   Library Member Name

        24          4          0          0          0         84   __2printf.o
        90          0          0          0          0          0   __dczerorl2.o
         8          0          0          0          0         68   __main.o
       392          4         17          0          0         92   __printf_flags_ss_wp.o
        14          0          0          0          0         68   __printf_wp.o
         0          0          0          0          0          0   __rtentry.o
        12          0          0          0          0          0   __rtentry2.o
         6          0          0          0          0          0   __rtentry4.o
        52          8          0          0          0          0   __scatter.o
        28          0          0          0          0          0   __scatter_zi.o
         6          0          0          0          0          0   _printf_a.o
         6          0          0          0          0          0   _printf_c.o
        44          0          0          0          0        108   _printf_char.o
        48          6          0          0          0         96   _printf_char_common.o
        36          4          0          0          0         80   _printf_char_file.o
        40          0          0          0          0         68   _printf_charcount.o
         6          0          0          0          0          0   _printf_d.o
       120         16          0          0          0         92   _printf_dec.o
         6          0          0          0          0          0   _printf_e.o
         6          0          0          0          0          0   _printf_f.o
      1050          0          0          0          0        216   _printf_fp_dec.o
       128         16          0          0          0         84   _printf_fp_infnan.o
         6          0          0          0          0          0   _printf_g.o
       148          4         40          0          0        160   _printf_hex_int_ll_ptr.o
         6          0          0          0          0          0   _printf_i.o
       178          0          0          0          0         88   _printf_intcommon.o
        10          0          0          0          0          0   _printf_l.o
         6          0          0          0          0          0   _printf_lc.o
        10          0          0          0          0          0   _printf_ll.o
         6          0          0          0          0          0   _printf_lld.o
         6          0          0          0          0          0   _printf_lli.o
         6          0          0          0          0          0   _printf_llo.o
         6          0          0          0          0          0   _printf_llu.o
         6          0          0          0          0          0   _printf_llx.o
       124         16          0          0          0         92   _printf_longlong_dec.o
         6          0          0          0          0          0   _printf_ls.o
         6          0          0          0          0          0   _printf_n.o
         6          0          0          0          0          0   _printf_o.o
       112          8          0          0          0        124   _printf_oct_int_ll.o
         6          0          0          0          0          0   _printf_p.o
        78          0          0          0          0        108   _printf_pad.o
         0          0          0          0          0          0   _printf_percent.o
         4          0          0          0          0          0   _printf_percent_end.o
         6          0          0          0          0          0   _printf_s.o
        82          0          0          0          0         80   _printf_str.o
        36          0          0          0          0         84   _printf_truncate.o
         6          0          0          0          0          0   _printf_u.o
        44          0          0          0          0        108   _printf_wchar.o
       188          6          8          0          0         92   _printf_wctomb.o
         6          0          0          0          0          0   _printf_x.o
        10          0          0          0          0         68   _sputc.o
        64          0          0          0          0         92   _wcrtomb.o
       220          4        148          0          0         96   bigflt0.o
      1910        128          0          0          0        672   btod.o
        36          4          0          0          0         76   c89vsprintf.o
        12          0          0          0          0         72   exit.o
         8          0          0          0          0         68   ferror.o
         6          0          0          0          0        152   heapauxi.o
        44         10        272          0          0         76   lc_ctype_c.o
        44         10         28          0          0         76   lc_numeric_c.o
         2          0          0          0          0          0   libinit.o
        30          0          0          0          0          0   libinit2.o
         2          0          0          0          0          0   libshutdown.o
         2          0          0          0          0          0   libshutdown2.o
         8          4          0          0         96         68   libspace.o
       138          0          0          0          0         80   lludiv10.o
       238          0          0          0          0        100   lludivv7m.o
        16          4          0          0          0         76   rt_ctype_table.o
         8          4          0          0          0         68   rt_locale_intlibspace.o
         2          0          0          0          0          0   rtexit.o
        10          0          0          0          0          0   rtexit2.o
       128          0          0          0          0         68   strcmpv7m.o
        72          0          0          0          0         80   strcpy.o
        62          0          0          0          0         76   strlen.o
        36          0          0          0          0         80   strstr.o
        74          0          0          0          0         80   sys_stackheap_outer.o
         2          0          0          0          0         68   use_no_semi.o
         2          0          0          0          0         68   use_no_semi_2.o
         4          0          0          0          0         68   printf1.o
         0          0          0          0          0          0   usenofp.o
        40          0          0          0          0         68   fpclassify.o

    ----------------------------------------------------------------------
      6472        260        516          0        100       4488   Library Totals
        16          0          3          0          4          0   (incl. Padding)

    ----------------------------------------------------------------------

      Code (inc. data)   RO Data    RW Data    ZI Data      Debug   Library Name

      6412        260        513          0         96       4352   c_w.l
         4          0          0          0          0         68   fz_ws.l
        40          0          0          0          0         68   m_ws.l

    ----------------------------------------------------------------------
      6472        260        516          0        100       4488   Library Totals

    ----------------------------------------------------------------------

==============================================================================


      Code (inc. data)   RO Data    RW Data    ZI Data      Debug   

     54760       2904     176592        660      43556     633044   Grand Totals
     54760       2904     176592        128      43556     633044   ELF Image Totals (compressed)
     54760       2904     176592        128          0          0   ROM Totals

==============================================================================

    Total RO  Size (Code + RO Data)               231352 ( 225.93kB)
    Total RW  Size (RW Data + ZI Data)             44216 (  43.18kB)
    Total ROM Size (Code + RO Data + RW Data)     231480 ( 226.05kB)

==============================================================================

