Component: ARM Compiler 5.05 update 2 (build 169) Tool: armlink [4d0f33]

==============================================================================

Section Cross References

    main.o(.text) refers to _printf_percent.o(.ARM.Collect$$_printf_percent$$00000000) for _printf_percent
    main.o(.text) refers to _printf_d.o(.ARM.Collect$$_printf_percent$$00000009) for _printf_d
    main.o(.text) refers to _printf_dec.o(.text) for _printf_int_dec
    main.o(.text) refers to _printf_s.o(.ARM.Collect$$_printf_percent$$00000014) for _printf_s
    main.o(.text) refers to _printf_str.o(.text) for _printf_str
    main.o(.text) refers to _printf_f.o(.ARM.Collect$$_printf_percent$$00000003) for _printf_f
    main.o(.text) refers to printf1.o(x$fpl$printf1) for _printf_fp_dec
    main.o(.text) refers to os_q.o(.text) for OSQPend
    main.o(.text) refers to __2printf.o(.text) for __2printf
    main.o(.text) refers to mmc_sd.o(.text) for SD_Initialize
    main.o(.text) refers to ff.o(.text) for f_open
    main.o(.text) refers to __2sprintf.o(.text) for __2sprintf
    main.o(.text) refers to strlen.o(.text) for strlen
    main.o(.text) refers to dflt_clz.o(x$fpl$dflt) for __aeabi_i2d
    main.o(.text) refers to ddiv.o(x$fpl$ddiv) for __aeabi_ddiv
    main.o(.text) refers to d2f.o(x$fpl$d2f) for __aeabi_d2f
    main.o(.text) refers to f2d.o(x$fpl$f2d) for __aeabi_f2d
    main.o(.text) refers to daddsub_clz.o(x$fpl$dsub) for __aeabi_dsub
    main.o(.text) refers to dmul.o(x$fpl$dmul) for __aeabi_dmul
    main.o(.text) refers to scalbn.o(x$fpl$scalbn) for __ARM_scalbn
    main.o(.text) refers to main.o(.bss) for .bss
    main.o(.text) refers to main.o(.data) for .data
    main.o(.text) refers to exfuns.o(.data) for file
    main.o(.text) refers to exfuns.o(.data) for br
    main.o(.text) refers to usart2.o(.bss) for USART2_RX_BUF
    main.o(.text) refers to usart2.o(.text) for CLR_Buf2
    main.o(.text) refers to delay.o(.text) for delay_ms
    main.o(.text) refers to sim808.o(.text) for sim808_send_cmd
    main.o(.text) refers to strcat.o(.text) for strcat
    main.o(.text) refers to rt_memclr_w.o(.text) for __aeabi_memclr4
    main.o(.text) refers to inv_mpu.o(.text) for mpu_dmp_get_data
    main.o(.text) refers to mpu6050.o(.text) for MPU_Get_Accelerometer
    main.o(.text) refers to cos.o(i.cos) for cos
    main.o(.text) refers to sin.o(i.sin) for sin
    main.o(.text) refers to fflt_clz.o(x$fpl$fflt) for __aeabi_i2f
    main.o(.text) refers to fmul.o(x$fpl$fmul) for __aeabi_fmul
    main.o(.text) refers to scalbnf.o(x$fpl$scalbnf) for __ARM_scalbnf
    main.o(.text) refers to daddsub_clz.o(x$fpl$dadd) for __aeabi_dadd
    main.o(.text) refers to os_time.o(.text) for OSTimeDlyHMSM
    main.o(.text) refers to cpu_core.o(.text) for CPU_Init
    main.o(.text) refers to os_stat.o(.text) for OSStatTaskCPUUsageInit
    main.o(.text) refers to os_core.o(.text) for OSSchedRoundRobinCfg
    main.o(.text) refers to cpu_a.o(.text) for CPU_SR_Save
    main.o(.text) refers to os_task.o(.text) for OSTaskCreate
    main.o(.text) refers to misc.o(.text) for NVIC_PriorityGroupConfig
    main.o(.text) refers to usart.o(.text) for uart_init
    main.o(.text) refers to timer.o(.text) for Timer2_Init_Config
    main.o(.text) refers to led.o(.text) for LED_Init
    main.o(.text) refers to key.o(.text) for KEY_Init
    main.o(.text) refers to malloc.o(.text) for mem_init
    main.o(.text) refers to exfuns.o(.text) for exfuns_init
    main.o(.text) refers to os_var.o(.data) for OSSchedLockNestingCtr
    main.o(.text) refers to os_var.o(.data) for OSIntQNbrEntries
    main.o(.data) refers to main.o(.conststring) for .conststring
    system_stm32f10x.o(.text) refers to system_stm32f10x.o(.data) for .data
    led.o(.text) refers to stm32f10x_rcc.o(.text) for RCC_APB2PeriphClockCmd
    led.o(.text) refers to stm32f10x_gpio.o(.text) for GPIO_Init
    key.o(.text) refers to stm32f10x_rcc.o(.text) for RCC_APB2PeriphClockCmd
    key.o(.text) refers to stm32f10x_gpio.o(.text) for GPIO_PinRemapConfig
    key.o(.text) refers to delay.o(.text) for delay_ms
    key.o(.text) refers to key.o(.data) for .data
    mmc_sd.o(.text) refers to spi.o(.text) for SPI1_ReadWriteByte
    mmc_sd.o(.text) refers to stm32f10x_rcc.o(.text) for RCC_APB2PeriphClockCmd
    mmc_sd.o(.text) refers to stm32f10x_gpio.o(.text) for GPIO_Init
    mmc_sd.o(.text) refers to mmc_sd.o(.data) for .data
    spi.o(.text) refers to stm32f10x_spi.o(.text) for SPI_I2S_GetFlagStatus
    spi.o(.text) refers to stm32f10x_rcc.o(.text) for RCC_APB2PeriphClockCmd
    spi.o(.text) refers to stm32f10x_gpio.o(.text) for GPIO_Init
    spi.o(.text) refers to spi.o(.bss) for .bss
    flash.o(.text) refers to spi.o(.text) for SPI1_ReadWriteByte
    flash.o(.text) refers to stm32f10x_rcc.o(.text) for RCC_APB2PeriphClockCmd
    flash.o(.text) refers to stm32f10x_gpio.o(.text) for GPIO_Init
    flash.o(.text) refers to delay.o(.text) for delay_us
    flash.o(.text) refers to flash.o(.data) for .data
[...]
    OSTaskSemPend                            0x0800af51   Thumb Code   300  os_task.o(.text)
    OSTaskSemPendAbort                       0x0800b07d   Thumb Code   148  os_task.o(.text)
    OS_TaskSemPost                           0x0800b111   Thumb Code   284  os_task.o(.text)
    OSTaskSemPost                            0x0800b22d   Thumb Code    78  os_task.o(.text)
    OSTaskSemSet                             0x0800b27b   Thumb Code    52  os_task.o(.text)
    OSTaskStkChk                             0x0800b2af   Thumb Code   136  os_task.o(.text)
    OS_TaskSuspend                           0x0800b337   Thumb Code   158  os_task.o(.text)
    OSTaskSuspend                            0x0800b3d5   Thumb Code    64  os_task.o(.text)
    OSTaskTimeQuantaSet                      0x0800b415   Thumb Code    68  os_task.o(.text)
    OS_TaskInit                              0x0800b459   Thumb Code    18  os_task.o(.text)
    OS_TaskReturn                            0x0800b46b   Thumb Code    20  os_task.o(.text)
    OS_TickListRemove                        0x0800b4ad   Thumb Code    54  os_tick.o(.text)
    OS_TickListUpdate                        0x0800b4e3   Thumb Code   304  os_tick.o(.text)
    OS_TickTask                              0x0800b613   Thumb Code    36  os_tick.o(.text)
    OS_TickListInit                          0x0800b637   Thumb Code    34  os_tick.o(.text)
    OS_TickTaskInit                          0x0800b659   Thumb Code   114  os_tick.o(.text)
    OS_TickListInsert                        0x0800b6cb   Thumb Code   202  os_tick.o(.text)
    OS_TickListResetPeak                     0x0800b795   Thumb Code    30  os_tick.o(.text)
    OSTimeDly                                0x0800b7fd   Thumb Code   158  os_time.o(.text)
    OSTimeDlyHMSM                            0x0800b89b   Thumb Code   308  os_time.o(.text)
    OSTimeDlyResume                          0x0800b9cf   Thumb Code   184  os_time.o(.text)
    OSTimeGet                                0x0800ba87   Thumb Code    24  os_time.o(.text)
    OSTimeSet                                0x0800ba9f   Thumb Code    24  os_time.o(.text)
    OSTimeTick                               0x0800bab7   Thumb Code    52  os_time.o(.text)
    OS_TmrDbgListAdd                         0x0800bb0d   Thumb Code    22  os_tmr.o(.text)
    OSTmrCreate                              0x0800bb23   Thumb Code   168  os_tmr.o(.text)
    OS_TmrClr                                0x0800bbcb   Thumb Code    34  os_tmr.o(.text)
    OS_TmrUnlink                             0x0800bbed   Thumb Code    68  os_tmr.o(.text)
    OS_TmrDbgListRemove                      0x0800bc31   Thumb Code    36  os_tmr.o(.text)
    OSTmrDel                                 0x0800bc55   Thumb Code   134  os_tmr.o(.text)
    OSTmrRemainGet                           0x0800bcdb   Thumb Code   140  os_tmr.o(.text)
    OS_TmrLink                               0x0800bd67   Thumb Code   140  os_tmr.o(.text)
    OSTmrStart                               0x0800bdf3   Thumb Code   122  os_tmr.o(.text)
    OSTmrStateGet                            0x0800be6d   Thumb Code    86  os_tmr.o(.text)
    OSTmrStop                                0x0800bec3   Thumb Code   226  os_tmr.o(.text)
    OS_TmrTask                               0x0800bfa5   Thumb Code   164  os_tmr.o(.text)
    OS_TmrInit                               0x0800c049   Thumb Code   174  os_tmr.o(.text)
    OS_TmrResetPeak                          0x0800c0f7   Thumb Code    30  os_tmr.o(.text)
    OSIdleTaskHook                           0x0800c169   Thumb Code    12  os_cpu_c.o(.text)
    OSInitHook                               0x0800c175   Thumb Code    22  os_cpu_c.o(.text)
    OSStatTaskHook                           0x0800c18b   Thumb Code    12  os_cpu_c.o(.text)
    OSTaskCreateHook                         0x0800c197   Thumb Code    12  os_cpu_c.o(.text)
    OSTaskDelHook                            0x0800c1a3   Thumb Code    12  os_cpu_c.o(.text)
    OSTaskReturnHook                         0x0800c1af   Thumb Code    12  os_cpu_c.o(.text)
    OSTaskStkInit                            0x0800c1bb   Thumb Code    96  os_cpu_c.o(.text)
    OSTaskSwHook                             0x0800c21b   Thumb Code    72  os_cpu_c.o(.text)
    OSTimeTickHook                           0x0800c263   Thumb Code    12  os_cpu_c.o(.text)
    OS_CPU_SysTickHandler                    0x0800c26f   Thumb Code    30  os_cpu_c.o(.text)
    OS_CPU_SysTickInit                       0x0800c28d   Thumb Code    36  os_cpu_c.o(.text)
    disk_initialize                          0x0800c2f1   Thumb Code    66  diskio.o(.text)
    disk_status                              0x0800c333   Thumb Code     4  diskio.o(.text)
    disk_read                                0x0800c337   Thumb Code    96  diskio.o(.text)
    disk_write                               0x0800c397   Thumb Code    80  diskio.o(.text)
    disk_ioctl                               0x0800c3e7   Thumb Code   116  diskio.o(.text)
    get_fattime                              0x0800c45b   Thumb Code     4  diskio.o(.text)
    ff_memalloc                              0x0800c45f   Thumb Code     4  diskio.o(.text)
    ff_memfree                               0x0800c463   Thumb Code     4  diskio.o(.text)
    clust2sect                               0x0800c5a3   Thumb Code    24  ff.o(.text)
    get_fat                                  0x0800c5bb   Thumb Code   180  ff.o(.text)
    put_fat                                  0x0800c66f   Thumb Code   248  ff.o(.text)
    f_mount                                  0x0800d42d   Thumb Code    74  ff.o(.text)
    f_open                                   0x0800d477   Thumb Code   344  ff.o(.text)
    f_read                                   0x0800d5cf   Thumb Code   328  ff.o(.text)
    f_write                                  0x0800d717   Thumb Code   398  ff.o(.text)
    f_sync                                   0x0800d8a5   Thumb Code   152  ff.o(.text)
    f_close                                  0x0800d93d   Thumb Code    28  ff.o(.text)
    f_lseek                                  0x0800d959   Thumb Code   510  ff.o(.text)
    f_opendir                                0x0800db57   Thumb Code   128  ff.o(.text)
    f_closedir                               0x0800dbd7   Thumb Code    18  ff.o(.text)
    f_readdir                                0x0800dbe9   Thumb Code   116  ff.o(.text)
    f_stat                                   0x0800dc5d   Thumb Code    86  ff.o(.text)
    f_getfree                                0x0800dcb3   Thumb Code   192  ff.o(.text)
    f_truncate                               0x0800dd73   Thumb Code   176  ff.o(.text)
    f_unlink                                 0x0800de23   Thumb Code   190  ff.o(.text)
    f_mkdir                                  0x0800dee1   Thumb Code   384  ff.o(.text)
    f_chmod                                  0x0800e061   Thumb Code   106  ff.o(.text)
    f_utime                                  0x0800e0cb   Thumb Code   108  ff.o(.text)
    f_rename                                 0x0800e137   Thumb Code   292  ff.o(.text)
    f_getlabel                               0x0800e25b   Thumb Code   142  ff.o(.text)
    f_setlabel                               0x0800e2e9   Thumb Code   346  ff.o(.text)
    f_mkfs                                   0x0800e443   Thumb Code  1314  ff.o(.text)
    f_gets                                   0x0800e965   Thumb Code    68  ff.o(.text)
    f_putc                                   0x0800e9e3   Thumb Code    60  ff.o(.text)
    f_puts                                   0x0800ea1f   Thumb Code    70  ff.o(.text)
    f_printf                                 0x0800ea65   Thumb Code   510  ff.o(.text)
    ff_convert                               0x0800ed59   Thumb Code    68  cc936.o(.text)
    ff_wtoupper                              0x0800ed9d   Thumb Code   118  cc936.o(.text)
    exfuns_init                              0x0800ee25   Thumb Code    84  exfuns.o(.text)
    char_upper                               0x0800ee79   Thumb Code    14  exfuns.o(.text)
    f_typetell                               0x0800ee87   Thumb Code   140  exfuns.o(.text)
    exf_getfree                              0x0800ef13   Thumb Code    46  exfuns.o(.text)
    mymemcpy                                 0x0800ef45   Thumb Code    16  malloc.o(.text)
    mymemset                                 0x0800ef55   Thumb Code    12  malloc.o(.text)
    mem_init                                 0x0800ef61   Thumb Code    34  malloc.o(.text)
    mem_perused                              0x0800ef83   Thumb Code    40  malloc.o(.text)
    mem_malloc                               0x0800efab   Thumb Code    88  malloc.o(.text)
    mem_free                                 0x0800f003   Thumb Code    58  malloc.o(.text)
    myfree                                   0x0800f03d   Thumb Code    14  malloc.o(.text)
    mymalloc                                 0x0800f04b   Thumb Code    22  malloc.o(.text)
    myrealloc                                0x0800f061   Thumb Code    48  malloc.o(.text)
    __use_no_semihosting                     0x0800f095   Thumb Code     2  use_no_semi_2.o(.text)
    __aeabi_uldivmod                         0x0800f097   Thumb Code     0  lludivv7m.o(.text)
    _ll_udiv                                 0x0800f097   Thumb Code   238  lludivv7m.o(.text)
    __aeabi_ldivmod                          0x0800f185   Thumb Code     0  llsdiv.o(.text)
    _ll_sdiv                                 0x0800f185   Thumb Code    72  llsdiv.o(.text)
    __c89vsprintf                            0x0800f1cd   Thumb Code    32  c89vsprintf.o(.text)
    __2printf                                0x0800f1f1   Thumb Code    20  __2printf.o(.text)
    __2sprintf                               0x0800f209   Thumb Code    38  __2sprintf.o(.text)
    _printf_pre_padding                      0x0800f235   Thumb Code    44  _printf_pad.o(.text)
    _printf_post_padding                     0x0800f261   Thumb Code    34  _printf_pad.o(.text)
    _printf_str                              0x0800f283   Thumb Code    82  _printf_str.o(.text)
    _printf_int_dec                          0x0800f2d5   Thumb Code   104  _printf_dec.o(.text)
    _printf_longlong_hex                     0x0800f34d   Thumb Code    86  _printf_hex_int_ll_ptr.o(.text)
    _printf_int_hex                          0x0800f3a3   Thumb Code    28  _printf_hex_int_ll_ptr.o(.text)
    _printf_ll_hex                           0x0800f3bf   Thumb Code    12  _printf_hex_int_ll_ptr.o(.text)
    _printf_hex_ptr                          0x0800f3cb   Thumb Code    18  _printf_hex_int_ll_ptr.o(.text)
    __printf                                 0x0800f3e1   Thumb Code   388  __printf_flags_ss_wp.o(.text)
    strstr                                   0x0800f569   Thumb Code    36  strstr.o(.text)
    memcmp                                   0x0800f58d   Thumb Code    88  memcmp.o(.text)
    strcpy                                   0x0800f5e5   Thumb Code    72  strcpy.o(.text)
    strlen                                   0x0800f62d   Thumb Code    62  strlen.o(.text)
    strcat                                   0x0800f66b   Thumb Code    24  strcat.o(.text)
    __aeabi_memset                           0x0800f683   Thumb Code    16  aeabi_memset.o(.text)
    __aeabi_memclr4                          0x0800f693   Thumb Code     0  rt_memclr_w.o(.text)
    __aeabi_memclr8                          0x0800f693   Thumb Code     0  rt_memclr_w.o(.text)
    __rt_memclr_w                            0x0800f693   Thumb Code    78  rt_memclr_w.o(.text)
    _memset_w                                0x0800f697   Thumb Code     0  rt_memclr_w.o(.text)
    strcmp                                   0x0800f6e1   Thumb Code   128  strcmpv7m.o(.text)
    __use_two_region_memory                  0x0800f761   Thumb Code     2  heapauxi.o(.text)
    __rt_heap_escrow$2region                 0x0800f763   Thumb Code     2  heapauxi.o(.text)
    __rt_heap_expand$2region                 0x0800f765   Thumb Code     2  heapauxi.o(.text)
    __I$use$semihosting                      0x0800f767   Thumb Code     0  use_no_semi.o(.text)
    __use_no_semihosting_swi                 0x0800f767   Thumb Code     2  use_no_semi.o(.text)
    __read_errno                             0x0800f769   Thumb Code    10  _rserrno.o(.text)
    __set_errno                              0x0800f773   Thumb Code    12  _rserrno.o(.text)
    _printf_truncate_signed                  0x0800f77f   Thumb Code    18  _printf_truncate.o(.text)
    _printf_truncate_unsigned                0x0800f791   Thumb Code    18  _printf_truncate.o(.text)
    _printf_int_common                       0x0800f7a3   Thumb Code   178  _printf_intcommon.o(.text)
    _printf_charcount                        0x0800f855   Thumb Code    40  _printf_charcount.o(.text)
    __lib_sel_fp_printf                      0x0800f87d   Thumb Code     2  _printf_fp_dec.o(.text)
    _printf_fp_dec_real                      0x0800fa2b   Thumb Code   620  _printf_fp_dec.o(.text)
    _printf_char_common                      0x0800fca3   Thumb Code    32  _printf_char_common.o(.text)
    _sputc                                   0x0800fcc9   Thumb Code    10  _sputc.o(.text)
    _printf_cs_common                        0x0800fcd3   Thumb Code    20  _printf_char.o(.text)
    _printf_char                             0x0800fce7   Thumb Code    16  _printf_char.o(.text)
    _printf_string                           0x0800fcf7   Thumb Code     8  _printf_char.o(.text)
    _printf_char_file                        0x0800fd01   Thumb Code    32  _printf_char_file.o(.text)
    _printf_wctomb                           0x0800fd25   Thumb Code   182  _printf_wctomb.o(.text)
    _printf_longlong_dec                     0x0800fde1   Thumb Code   108  _printf_longlong_dec.o(.text)
    _printf_longlong_oct                     0x0800fe5d   Thumb Code    68  _printf_oct_int_ll.o(.text)
    _printf_int_oct                          0x0800fea1   Thumb Code    24  _printf_oct_int_ll.o(.text)
    _printf_ll_oct                           0x0800feb9   Thumb Code    12  _printf_oct_int_ll.o(.text)
    __aeabi_memclr                           0x0800fecd   Thumb Code     0  rt_memclr.o(.text)
    __rt_memclr                              0x0800fecd   Thumb Code    68  rt_memclr.o(.text)
    _memset                                  0x0800fed1   Thumb Code     0  rt_memclr.o(.text)
    __rt_locale                              0x0800ff11   Thumb Code     8  rt_locale_intlibspace.o(.text)
    __aeabi_errno_addr                       0x0800ff19   Thumb Code     8  rt_errno_addr_intlibspace.o(.text)
    __errno$intlibspace                      0x0800ff19   Thumb Code     0  rt_errno_addr_intlibspace.o(.text)
    __rt_errno_addr$intlibspace              0x0800ff19   Thumb Code     0  rt_errno_addr_intlibspace.o(.text)
    _ll_udiv10                               0x0800ff21   Thumb Code   138  lludiv10.o(.text)
    _printf_fp_infnan                        0x0800ffad   Thumb Code   112  _printf_fp_infnan.o(.text)
    _printf_lcs_common                       0x0801002d   Thumb Code    20  _printf_wchar.o(.text)
    _printf_wchar                            0x08010041   Thumb Code    16  _printf_wchar.o(.text)
    _printf_wstring                          0x08010051   Thumb Code     8  _printf_wchar.o(.text)
    _btod_etento                             0x08010059   Thumb Code   216  bigflt0.o(.text)
    ferror                                   0x08010135   Thumb Code     8  ferror.o(.text)
    _wcrtomb                                 0x0801013d   Thumb Code    64  _wcrtomb.o(.text)
    __user_libspace                          0x0801017d   Thumb Code     8  libspace.o(.text)
    __user_perproc_libspace                  0x0801017d   Thumb Code     0  libspace.o(.text)
    __user_perthread_libspace                0x0801017d   Thumb Code     0  libspace.o(.text)
    __user_setup_stackheap                   0x08010185   Thumb Code    74  sys_stackheap_outer.o(.text)
    __rt_ctype_table                         0x080101d1   Thumb Code    16  rt_ctype_table.o(.text)
    exit                                     0x080101e1   Thumb Code    12  exit.o(.text)
    _btod_d2e                                0x080101ed   Thumb Code    62  btod.o(CL$$btod_d2e)
    _d2e_denorm_low                          0x0801022b   Thumb Code    70  btod.o(CL$$btod_d2e_denorm_low)
    _d2e_norm_op1                            0x08010271   Thumb Code    96  btod.o(CL$$btod_d2e_norm_op1)
    __btod_div_common                        0x080102d1   Thumb Code   696  btod.o(CL$$btod_div_common)
    _e2e                                     0x08010609   Thumb Code   198  btod.o(CL$$btod_e2e)
    _btod_ediv                               0x080106cf   Thumb Code    40  btod.o(CL$$btod_ediv)
    _btod_emul                               0x080106f7   Thumb Code    40  btod.o(CL$$btod_emul)
    __btod_mult_common                       0x0801071f   Thumb Code   580  btod.o(CL$$btod_mult_common)
    OSStartHighRdy                           0x08010965   Thumb Code     0  os_cpu_a.o(CODE)
    OSCtxSw                                  0x08010987   Thumb Code     0  os_cpu_a.o(CODE)
    OSIntCtxSw                               0x08010991   Thumb Code     0  os_cpu_a.o(CODE)
    PendSV_Handler                           0x0801099b   Thumb Code     0  os_cpu_a.o(CODE)
    __ARM_fpclassify                         0x080109fd   Thumb Code    40  fpclassify.o(i.__ARM_fpclassify)
    __ieee754_rem_pio2                       0x08010a25   Thumb Code   828  rred.o(i.__ieee754_rem_pio2)
    __kernel_cos                             0x08010dad   Thumb Code   230  cos_i.o(i.__kernel_cos)
    __kernel_poly                            0x08010ea9   Thumb Code   170  poly.o(i.__kernel_poly)
    __kernel_sin                             0x08010f55   Thumb Code   224  sin_i.o(i.__kernel_sin)
    __mathlib_dbl_infnan                     0x08011041   Thumb Code     6  dunder.o(i.__mathlib_dbl_infnan)
    __mathlib_dbl_infnan2                    0x08011047   Thumb Code     4  dunder.o(i.__mathlib_dbl_infnan2)
    __mathlib_dbl_invalid                    0x0801104b   Thumb Code    12  dunder.o(i.__mathlib_dbl_invalid)
    __mathlib_dbl_underflow                  0x08011059   Thumb Code    10  dunder.o(i.__mathlib_dbl_underflow)
    _is_digit                                0x08011069   Thumb Code    14  __printf_wp.o(i._is_digit)
    asin                                     0x08011079   Thumb Code   572  asin.o(i.asin)
    atan                                     0x080112e9   Thumb Code   474  atan.o(i.atan)
    atan2                                    0x08011509   Thumb Code   346  atan2.o(i.atan2)
    cos                                      0x08011689   Thumb Code   148  cos.o(i.cos)
    sin                                      0x08011725   Thumb Code   150  sin.o(i.sin)
    sqrt                                     0x080117c5   Thumb Code    76  sqrt.o(i.sqrt)
    _get_lc_numeric                          0x08011811   Thumb Code    44  lc_numeric_c.o(locale$$code)
    _get_lc_ctype                            0x0801183d   Thumb Code    44  lc_ctype_c.o(locale$$code)
    __aeabi_d2f                              0x08011869   Thumb Code     0  d2f.o(x$fpl$d2f)
    _d2f                                     0x08011869   Thumb Code    98  d2f.o(x$fpl$d2f)
    __aeabi_dadd                             0x080118cd   Thumb Code     0  daddsub_clz.o(x$fpl$dadd)
    _dadd                                    0x080118cd   Thumb Code   332  daddsub_clz.o(x$fpl$dadd)
    __fpl_dcheck_NaN1                        0x08011a1d   Thumb Code    10  dcheck1.o(x$fpl$dcheck1)
    __aeabi_ddiv                             0x08011a2d   Thumb Code     0  ddiv.o(x$fpl$ddiv)
    _ddiv                                    0x08011a2d   Thumb Code   552  ddiv.o(x$fpl$ddiv)
    __aeabi_d2iz                             0x08011cdd   Thumb Code     0  dfix.o(x$fpl$dfix)
    _dfix                                    0x08011cdd   Thumb Code    94  dfix.o(x$fpl$dfix)
    __aeabi_i2d                              0x08011d3b   Thumb Code     0  dflt_clz.o(x$fpl$dflt)
    _dflt                                    0x08011d3b   Thumb Code    46  dflt_clz.o(x$fpl$dflt)
    __aeabi_ui2d                             0x08011d69   Thumb Code     0  dflt_clz.o(x$fpl$dfltu)
    _dfltu                                   0x08011d69   Thumb Code    38  dflt_clz.o(x$fpl$dfltu)
    __aeabi_dmul                             0x08011d91   Thumb Code     0  dmul.o(x$fpl$dmul)
    _dmul                                    0x08011d91   Thumb Code   332  dmul.o(x$fpl$dmul)
    __fpl_dnaninf                            0x08011ee5   Thumb Code   156  dnaninf.o(x$fpl$dnaninf)
    __fpl_dretinf                            0x08011f81   Thumb Code    12  dretinf.o(x$fpl$dretinf)
    __aeabi_drsub                            0x08011f8d   Thumb Code     0  daddsub_clz.o(x$fpl$drsb)
    _drsb                                    0x08011f8d   Thumb Code    22  daddsub_clz.o(x$fpl$drsb)
    _dsqrt                                   0x08011fa5   Thumb Code   456  dsqrt_noumaal.o(x$fpl$dsqrt)
    __aeabi_dsub                             0x08012171   Thumb Code     0  daddsub_clz.o(x$fpl$dsub)
    _dsub                                    0x08012171   Thumb Code   464  daddsub_clz.o(x$fpl$dsub)
    __aeabi_f2d                              0x08012345   Thumb Code     0  f2d.o(x$fpl$f2d)
    _f2d                                     0x08012345   Thumb Code    86  f2d.o(x$fpl$f2d)
    __aeabi_fadd                             0x0801239d   Thumb Code     0  faddsub_clz.o(x$fpl$fadd)
    _fadd                                    0x0801239d   Thumb Code   196  faddsub_clz.o(x$fpl$fadd)
    __fpl_fcheck_NaN1                        0x08012461   Thumb Code     6  fcheck1.o(x$fpl$fcheck1)
    __aeabi_fdiv                             0x0801246d   Thumb Code     0  fdiv.o(x$fpl$fdiv)
    _fdiv                                    0x0801246d   Thumb Code   384  fdiv.o(x$fpl$fdiv)
    __aeabi_f2iz                             0x080125f1   Thumb Code     0  ffix.o(x$fpl$ffix)
    _ffix                                    0x080125f1   Thumb Code    54  ffix.o(x$fpl$ffix)
    __aeabi_f2uiz                            0x08012629   Thumb Code     0  ffixu.o(x$fpl$ffixu)
    _ffixu                                   0x08012629   Thumb Code    62  ffixu.o(x$fpl$ffixu)
    __aeabi_i2f                              0x08012669   Thumb Code     0  fflt_clz.o(x$fpl$fflt)
    _fflt                                    0x08012669   Thumb Code    48  fflt_clz.o(x$fpl$fflt)
    __aeabi_ui2f                             0x08012699   Thumb Code     0  fflt_clz.o(x$fpl$ffltu)
    _ffltu                                   0x08012699   Thumb Code    38  fflt_clz.o(x$fpl$ffltu)
    __aeabi_fmul                             0x080126c1   Thumb Code     0  fmul.o(x$fpl$fmul)
    _fmul                                    0x080126c1   Thumb Code   258  fmul.o(x$fpl$fmul)
    __fpl_fnaninf                            0x080127c3   Thumb Code   140  fnaninf.o(x$fpl$fnaninf)
    __fpl_fretinf                            0x0801284f   Thumb Code    10  fretinf.o(x$fpl$fretinf)
    __aeabi_fsub                             0x08012859   Thumb Code     0  faddsub_clz.o(x$fpl$fsub)
    _fsub                                    0x08012859   Thumb Code   234  faddsub_clz.o(x$fpl$fsub)
    _printf_fp_dec                           0x08012943   Thumb Code     4  printf1.o(x$fpl$printf1)
    __fpl_return_NaN                         0x08012947   Thumb Code   100  retnan.o(x$fpl$retnan)
    __ARM_scalbn                             0x080129ab   Thumb Code    92  scalbn.o(x$fpl$scalbn)
    __ARM_scalbnf                            0x08012a07   Thumb Code    76  scalbnf.o(x$fpl$scalbnf)
    __fpl_cmpreturn                          0x08012a53   Thumb Code    48  trapv.o(x$fpl$trapveneer)
    __I$use$fp                               0x08012a82   Number         0  usenofp.o(x$fpl$usenofp)
    reg                                      0x08012a82   Data          27  inv_mpu.o(.constdata)
    hw                                       0x08012a9e   Data          12  inv_mpu.o(.constdata)
    test                                     0x08012aac   Data          40  inv_mpu.o(.constdata)
    OSCfg_StatTaskPrio                       0x08013860   Data           1  os_cfg_app.o(.constdata)
    OSCfg_TickTaskPrio                       0x08013861   Data           1  os_cfg_app.o(.constdata)
    OSCfg_TmrTaskPrio                        0x08013862   Data           1  os_cfg_app.o(.constdata)
    OSCfg_IntQSize                           0x08013864   Data           2  os_cfg_app.o(.constdata)
    OSCfg_MsgPoolSize                        0x08013866   Data           2  os_cfg_app.o(.constdata)
    OSCfg_TickWheelSize                      0x08013868   Data           2  os_cfg_app.o(.constdata)
    OSCfg_TmrWheelSize                       0x0801386a   Data           2  os_cfg_app.o(.constdata)
    OSCfg_IdleTaskStkBasePtr                 0x0801386c   Data           4  os_cfg_app.o(.constdata)
    OSCfg_IdleTaskStkLimit                   0x08013870   Data           4  os_cfg_app.o(.constdata)
    OSCfg_IdleTaskStkSize                    0x08013874   Data           4  os_cfg_app.o(.constdata)
    OSCfg_IdleTaskStkSizeRAM                 0x08013878   Data           4  os_cfg_app.o(.constdata)
    OSCfg_IntQBasePtr                        0x0801387c   Data           4  os_cfg_app.o(.constdata)
    OSCfg_IntQSizeRAM                        0x08013880   Data           4  os_cfg_app.o(.constdata)
    OSCfg_IntQTaskStkBasePtr                 0x08013884   Data           4  os_cfg_app.o(.constdata)
    OSCfg_IntQTaskStkLimit                   0x08013888   Data           4  os_cfg_app.o(.constdata)
    OSCfg_IntQTaskStkSize                    0x0801388c   Data           4  os_cfg_app.o(.constdata)
    OSCfg_IntQTaskStkSizeRAM                 0x08013890   Data           4  os_cfg_app.o(.constdata)
    OSCfg_ISRStkBasePtr                      0x08013894   Data           4  os_cfg_app.o(.constdata)
    OSCfg_ISRStkSize                         0x08013898   Data           4  os_cfg_app.o(.constdata)
    OSCfg_ISRStkSizeRAM                      0x0801389c   Data           4  os_cfg_app.o(.constdata)
    OSCfg_MsgPoolSizeRAM                     0x080138a0   Data           4  os_cfg_app.o(.constdata)
    OSCfg_MsgPoolBasePtr                     0x080138a4   Data           4  os_cfg_app.o(.constdata)
    OSCfg_StatTaskRate_Hz                    0x080138a8   Data           4  os_cfg_app.o(.constdata)
    OSCfg_StatTaskStkBasePtr                 0x080138ac   Data           4  os_cfg_app.o(.constdata)
    OSCfg_StatTaskStkLimit                   0x080138b0   Data           4  os_cfg_app.o(.constdata)
    OSCfg_StatTaskStkSize                    0x080138b4   Data           4  os_cfg_app.o(.constdata)
    OSCfg_StatTaskStkSizeRAM                 0x080138b8   Data           4  os_cfg_app.o(.constdata)
    OSCfg_StkSizeMin                         0x080138bc   Data           4  os_cfg_app.o(.constdata)
    OSCfg_TickRate_Hz                        0x080138c0   Data           4  os_cfg_app.o(.constdata)
    OSCfg_TickTaskStkBasePtr                 0x080138c4   Data           4  os_cfg_app.o(.constdata)
    OSCfg_TickTaskStkLimit                   0x080138c8   Data           4  os_cfg_app.o(.constdata)
    OSCfg_TickTaskStkSize                    0x080138cc   Data           4  os_cfg_app.o(.constdata)
    OSCfg_TickTaskStkSizeRAM                 0x080138d0   Data           4  os_cfg_app.o(.constdata)
    OSCfg_TickWheelSizeRAM                   0x080138d4   Data           4  os_cfg_app.o(.constdata)
    OSCfg_TmrTaskRate_Hz                     0x080138d8   Data           4  os_cfg_app.o(.constdata)
    OSCfg_TmrTaskStkBasePtr                  0x080138dc   Data           4  os_cfg_app.o(.constdata)
    OSCfg_TmrTaskStkLimit                    0x080138e0   Data           4  os_cfg_app.o(.constdata)
    OSCfg_TmrTaskStkSize                     0x080138e4   Data           4  os_cfg_app.o(.constdata)
    OSCfg_TmrTaskStkSizeRAM                  0x080138e8   Data           4  os_cfg_app.o(.constdata)
    OSCfg_TmrWheelSizeRAM                    0x080138ec   Data           4  os_cfg_app.o(.constdata)
    OSCfg_DataSizeRAM                        0x080138f0   Data           4  os_cfg_app.o(.constdata)
    __mathlib_zero                           0x0803e640   Data           8  qnan.o(.constdata)
    Region$$Table$$Base                      0x0803e8ac   Number         0  anon$$obj.o(Region$$Table)
    Region$$Table$$Limit                     0x0803e8cc   Number         0  anon$$obj.o(Region$$Table)
    __ctype                                  0x0803e8f5   Data           0  lc_ctype_c.o(locale$$data)
    res_sd                                   0x20000000   Data           1  main.o(.data)
    Heart_beat                               0x20000001   Data           1  main.o(.data)
    flag                                     0x20000002   Data           2  main.o(.data)
    aacx                                     0x20000004   Data           2  main.o(.data)
    aacy                                     0x20000006   Data           2  main.o(.data)
    aacz                                     0x20000008   Data           2  main.o(.data)
    gyrox                                    0x2000000a   Data           2  main.o(.data)
    gyroy                                    0x2000000c   Data           2  main.o(.data)
    gyroz                                    0x2000000e   Data           2  main.o(.data)
    IP_command                               0x20000010   Data           4  main.o(.data)
    fail_filesize                            0x20000014   Data           4  main.o(.data)
    char_filename                            0x20000018   Data           4  main.o(.data)
    pitch                                    0x2000001c   Data           4  main.o(.data)
    roll                                     0x20000020   Data           4  main.o(.data)
    yaw                                      0x20000024   Data           4  main.o(.data)
    aacxx                                    0x20000028   Data           4  main.o(.data)
    aacyy                                    0x2000002c   Data           4  main.o(.data)
    g                                        0x20000030   Data           4  main.o(.data)
    Times                                    0x20000034   Data           1  main.o(.data)
    shijian                                  0x20000035   Data           1  main.o(.data)
    Heartbeat                                0x20000036   Data           2  main.o(.data)
    Timer0_start                             0x20000038   Data           1  main.o(.data)
    SystemCoreClock                          0x2000003c   Data           4  system_stm32f10x.o(.data)
    AHBPrescTable                            0x20000040   Data          16  system_stm32f10x.o(.data)
    SD_Type                                  0x20000051   Data           1  mmc_sd.o(.data)
    SPI_FLASH_TYPE                           0x20000052   Data           2  flash.o(.data)
    USART_RX_STA                             0x2000008e   Data           2  usart.o(.data)
    __stdout                                 0x20000090   Data           4  usart.o(.data)
    USART2_RX_STA                            0x20000094   Data           2  usart2.o(.data)
    CPU_TS_TmrFreq_Hz                        0x200000ac   Data           4  cpu_core.o(.data)
    Mem_PoolTbl                              0x200000b0   Data           4  lib_mem.o(.data)
    OSPrioTbl                                0x200000b4   Data           8  os_prio.o(.data)
    OS_AppTaskCreateHookPtr                  0x200000bc   Data           4  os_var.o(.data)
    OS_AppTaskDelHookPtr                     0x200000c0   Data           4  os_var.o(.data)
    OS_AppTaskReturnHookPtr                  0x200000c4   Data           4  os_var.o(.data)
    OS_AppIdleTaskHookPtr                    0x200000c8   Data           4  os_var.o(.data)
    OS_AppStatTaskHookPtr                    0x200000cc   Data           4  os_var.o(.data)
    OS_AppTaskSwHookPtr                      0x200000d0   Data           4  os_var.o(.data)
    OS_AppTimeTickHookPtr                    0x200000d4   Data           4  os_var.o(.data)
    OSIdleTaskCtr                            0x200000d8   Data           4  os_var.o(.data)
    OSIntNestingCtr                          0x200000dc   Data           1  os_var.o(.data)
    OSRunning                                0x200000dd   Data           1  os_var.o(.data)
    OSIntQInPtr                              0x200000e0   Data           4  os_var.o(.data)
    OSIntQOutPtr                             0x200000e4   Data           4  os_var.o(.data)
    OSIntQNbrEntries                         0x200000e8   Data           2  os_var.o(.data)
    OSIntQNbrEntriesMax                      0x200000ea   Data           2  os_var.o(.data)
    OSIntQOvfCtr                             0x200000ec   Data           2  os_var.o(.data)
    OSIntQTaskTimeMax                        0x200000f0   Data           4  os_var.o(.data)
    OSFlagDbgListPtr                         0x200000f4   Data           4  os_var.o(.data)
    OSFlagQty                                0x200000f8   Data           2  os_var.o(.data)
    OSMemDbgListPtr                          0x200000fc   Data           4  os_var.o(.data)
    OSMemQty                                 0x20000100   Data           2  os_var.o(.data)
    OSMutexDbgListPtr                        0x20000104   Data           4  os_var.o(.data)
    OSMutexQty                               0x20000108   Data           2  os_var.o(.data)
    OSPrioCur                                0x2000010a   Data           1  os_var.o(.data)
    OSPrioHighRdy                            0x2000010b   Data           1  os_var.o(.data)
    OSPrioSaved                              0x2000010c   Data           1  os_var.o(.data)
    OSQDbgListPtr                            0x20000110   Data           4  os_var.o(.data)
    OSQQty                                   0x20000114   Data           2  os_var.o(.data)
    OSSchedLockTimeBegin                     0x20000118   Data           4  os_var.o(.data)
    OSSchedLockTimeMax                       0x2000011c   Data           4  os_var.o(.data)
    OSSchedLockTimeMaxCur                    0x20000120   Data           4  os_var.o(.data)
    OSSchedLockNestingCtr                    0x20000124   Data           1  os_var.o(.data)
    OSSchedRoundRobinDfltTimeQuanta          0x20000128   Data           4  os_var.o(.data)
    OSSchedRoundRobinEn                      0x2000012c   Data           1  os_var.o(.data)
    OSSemDbgListPtr                          0x20000130   Data           4  os_var.o(.data)
    OSSemQty                                 0x20000134   Data           2  os_var.o(.data)
    OSStatResetFlag                          0x20000136   Data           1  os_var.o(.data)
    OSStatTaskCPUUsage                       0x20000138   Data           2  os_var.o(.data)
    OSStatTaskCPUUsageMax                    0x2000013a   Data           2  os_var.o(.data)
    OSStatTaskCtr                            0x2000013c   Data           4  os_var.o(.data)
    OSStatTaskCtrMax                         0x20000140   Data           4  os_var.o(.data)
    OSStatTaskCtrRun                         0x20000144   Data           4  os_var.o(.data)
    OSStatTaskRdy                            0x20000148   Data           1  os_var.o(.data)
    OSStatTaskTimeMax                        0x2000014c   Data           4  os_var.o(.data)
    OSTaskCtxSwCtr                           0x20000150   Data           4  os_var.o(.data)
    OSTaskDbgListPtr                         0x20000154   Data           4  os_var.o(.data)
    OSTaskQty                                0x20000158   Data           2  os_var.o(.data)
    OSTaskRegNextAvailID                     0x2000015a   Data           1  os_var.o(.data)
    OSTickCtr                                0x2000015c   Data           4  os_var.o(.data)
    OSTickTaskTimeMax                        0x20000160   Data           4  os_var.o(.data)
    OSTmrDbgListPtr                          0x20000164   Data           4  os_var.o(.data)
    OSTmrQty                                 0x20000168   Data           2  os_var.o(.data)
    OSTmrTaskTimeMax                         0x2000016c   Data           4  os_var.o(.data)
    OSTmrTickCtr                             0x20000170   Data           4  os_var.o(.data)
    OSTmrUpdateCnt                           0x20000174   Data           4  os_var.o(.data)
    OSTmrUpdateCtr                           0x20000178   Data           4  os_var.o(.data)
    OSTCBCurPtr                              0x2000017c   Data           4  os_var.o(.data)
    OSTCBHighRdyPtr                          0x20000180   Data           4  os_var.o(.data)
    OS_CPU_ExceptStkBase                     0x20000184   Data           4  os_cpu_c.o(.data)
    FLASH_SECTOR_COUNT                       0x20000188   Data           2  diskio.o(.data)
    file                                     0x20000198   Data           4  exfuns.o(.data)
    ftemp                                    0x2000019c   Data           4  exfuns.o(.data)
    fatbuf                                   0x200001a0   Data           4  exfuns.o(.data)
    fs                                       0x200001a4   Data           8  exfuns.o(.data)
    FILE_TYPE_TBL                            0x200001ac   Data         312  exfuns.o(.data)
    br                                       0x200002e4   Data           4  exfuns.o(.data)
    mallco_dev                               0x200002e8   Data          20  malloc.o(.data)
    file_name                                0x20000300   Data          13  main.o(.bss)
    StartTaskTCB                             0x20000310   Data         196  main.o(.bss)
    Task1_TaskTCB                            0x200004d8   Data         196  main.o(.bss)
    Task2_TaskTCB                            0x200006a0   Data         196  main.o(.bss)
    LINE_MSG                                 0x20000968   Data          48  main.o(.bss)
    buffer                                   0x20000998   Data         200  main.o(.bss)
    mpu                                      0x20000a60   Data          60  main.o(.bss)
    mpuInit                                  0x20000a9c   Data          60  main.o(.bss)
    SPI_InitStructure                        0x20000ad8   Data          18  spi.o(.bss)
    SPI_FLASH_BUF                            0x20000aea   Data        4096  flash.o(.bss)
    USART_RX_BUF                             0x20001afc   Data         200  usart.o(.bss)
    USART2_TX_BUF                            0x20001bc8   Data         200  usart2.o(.bss)
    USART2_RX_BUF                            0x20001c90   Data         300  usart2.o(.bss)
    CPU_Name                                 0x20001dbc   Data          16  cpu_core.o(.bss)
    Mem_PoolHeap                             0x20001dcc   Data          72  lib_mem.o(.bss)
    Mem_Heap                                 0x20001e14   Data        1024  lib_mem.o(.bss)
    OSCfg_IdleTaskStk                        0x20002214   Data         512  os_cfg_app.o(.bss)
    OSCfg_IntQ                               0x20002414   Data         320  os_cfg_app.o(.bss)
    OSCfg_IntQTaskStk                        0x20002554   Data         512  os_cfg_app.o(.bss)
    OSCfg_ISRStk                             0x20002754   Data         512  os_cfg_app.o(.bss)
    OSCfg_MsgPool                            0x20002954   Data        1600  os_cfg_app.o(.bss)
    OSCfg_StatTaskStk                        0x20002f94   Data         512  os_cfg_app.o(.bss)
    OSCfg_TickTaskStk                        0x20003194   Data         512  os_cfg_app.o(.bss)
    OSCfg_TickWheel                          0x20003394   Data         136  os_cfg_app.o(.bss)
    OSCfg_TmrTaskStk                         0x2000341c   Data         512  os_cfg_app.o(.bss)
    OSCfg_TmrWheel                           0x2000361c   Data         136  os_cfg_app.o(.bss)
    OSIdleTaskTCB                            0x200036a4   Data         196  os_var.o(.bss)
    OSIntQTaskTCB                            0x20003768   Data         196  os_var.o(.bss)
    OSMsgPool                                0x2000382c   Data          12  os_var.o(.bss)
    OSRdyList                                0x20003838   Data         768  os_var.o(.bss)
    OSStatTaskTCB                            0x20003b38   Data         196  os_var.o(.bss)
    OSTickTaskTCB                            0x20003bfc   Data         196  os_var.o(.bss)
    OSTmrTaskTCB                             0x20003cc0   Data         196  os_var.o(.bss)
    membase                                  0x20003d84   Data       21504  malloc.o(.bss)
    memmapbase                               0x20009184   Data        1344  malloc.o(.bss)
    __libspace_start                         0x200096c4   Data          96  libspace.o(.bss)
    __temporary_stack_top$libspace           0x20009724   Data           0  libspace.o(.bss)



==============================================================================

Memory Map of the image

  Image Entry point : 0x08000131

  Load Region LR_IROM1 (Base: 0x08000000, Size: 0x0003ecf4, Max: 0x00040000, ABSOLUTE, COMPRESSED[0x0003ea90])

    Execution Region ER_IROM1 (Base: 0x08000000, Size: 0x0003e9f8, Max: 0x00040000, ABSOLUTE)

    Base Addr    Size         Type   Attr      Idx    E Section Name        Object

    0x08000000   0x00000130   Data   RO          542    RESET               startup_stm32f10x_hd.o
    0x08000130   0x00000008   Code   RO         1331  * !!!main             c_w.l(__main.o)
    0x08000138   0x00000034   Code   RO         1772    !!!scatter          c_w.l(__scatter.o)
    0x0800016c   0x0000005a   Code   RO         1770    !!dczerorl2         c_w.l(__dczerorl2.o)
    0x080001c6   0x00000002   PAD
    0x080001c8   0x0000001c   Code   RO         1774    !!handler_zi        c_w.l(__scatter_zi.o)
    0x080001e4   0x00000000   Code   RO         1312    .ARM.Collect$$_printf_percent$$00000000  c_w.l(_printf_percent.o)
    0x080001e4   0x00000006   Code   RO         1458    .ARM.Collect$$_printf_percent$$00000001  c_w.l(_printf_n.o)
    0x080001ea   0x00000006   Code   RO         1459    .ARM.Collect$$_printf_percent$$00000002  c_w.l(_printf_p.o)
    0x080001f0   0x00000006   Code   RO         1311    .ARM.Collect$$_printf_percent$$00000003  c_w.l(_printf_f.o)
    0x080001f6   0x00000006   Code   RO         1463    .ARM.Collect$$_printf_percent$$00000004  c_w.l(_printf_e.o)
    0x080001fc   0x00000006   Code   RO         1464    .ARM.Collect$$_printf_percent$$00000005  c_w.l(_printf_g.o)
    0x08000202   0x00000006   Code   RO         1465    .ARM.Collect$$_printf_percent$$00000006  c_w.l(_printf_a.o)
    0x08000208   0x0000000a   Code   RO         1470    .ARM.Collect$$_printf_percent$$00000007  c_w.l(_printf_ll.o)
    0x08000212   0x00000006   Code   RO         1461    .ARM.Collect$$_printf_percent$$00000008  c_w.l(_printf_i.o)
    0x08000218   0x00000006   Code   RO         1310    .ARM.Collect$$_printf_percent$$00000009  c_w.l(_printf_d.o)
    0x0800021e   0x00000006   Code   RO         1462    .ARM.Collect$$_printf_percent$$0000000A  c_w.l(_printf_u.o)
    0x08000224   0x00000006   Code   RO         1460    .ARM.Collect$$_printf_percent$$0000000B  c_w.l(_printf_o.o)
    0x0800022a   0x00000006   Code   RO         1309    .ARM.Collect$$_printf_percent$$0000000C  c_w.l(_printf_x.o)
    0x08000230   0x00000006   Code   RO         1467    .ARM.Collect$$_printf_percent$$0000000D  c_w.l(_printf_lli.o)
    0x08000236   0x00000006   Code   RO         1468    .ARM.Collect$$_printf_percent$$0000000E  c_w.l(_printf_lld.o)
    0x0800023c   0x00000006   Code   RO         1469    .ARM.Collect$$_printf_percent$$0000000F  c_w.l(_printf_llu.o)
    0x08000242   0x00000006   Code   RO         1474    .ARM.Collect$$_printf_percent$$00000010  c_w.l(_printf_llo.o)
    0x08000248   0x00000006   Code   RO         1475    .ARM.Collect$$_printf_percent$$00000011  c_w.l(_printf_llx.o)
    0x0800024e   0x0000000a   Code   RO         1471    .ARM.Collect$$_printf_percent$$00000012  c_w.l(_printf_l.o)
    0x08000258   0x00000006   Code   RO         1457    .ARM.Collect$$_printf_percent$$00000013  c_w.l(_printf_c.o)
    0x0800025e   0x00000006   Code   RO         1308    .ARM.Collect$$_printf_percent$$00000014  c_w.l(_printf_s.o)
    0x08000264   0x00000006   Code   RO         1472    .ARM.Collect$$_printf_percent$$00000015  c_w.l(_printf_lc.o)
    0x0800026a   0x00000006   Code   RO         1473    .ARM.Collect$$_printf_percent$$00000016  c_w.l(_printf_ls.o)
    0x08000270   0x00000004   Code   RO         1466    .ARM.Collect$$_printf_percent$$00000017  c_w.l(_printf_percent_end.o)
    0x08000274   0x00000002   Code   RO         1641    .ARM.Collect$$libinit$$00000000  c_w.l(libinit.o)
    0x08000276   0x00000000   Code   RO         1643    .ARM.Collect$$libinit$$00000002  c_w.l(libinit2.o)
    0x08000276   0x00000000   Code   RO         1645    .ARM.Collect$$libinit$$00000004  c_w.l(libinit2.o)
    0x08000276   0x00000000   Code   RO         1648    .ARM.Collect$$libinit$$0000000A  c_w.l(libinit2.o)
    0x08000276   0x00000000   Code   RO         1650    .ARM.Collect$$libinit$$0000000C  c_w.l(libinit2.o)
    0x08000276   0x00000000   Code   RO         1652    .ARM.Collect$$libinit$$0000000E  c_w.l(libinit2.o)
    0x08000276   0x00000006   Code   RO         1653    .ARM.Collect$$libinit$$0000000F  c_w.l(libinit2.o)
    0x0800027c   0x00000000   Code   RO         1655    .ARM.Collect$$libinit$$00000011  c_w.l(libinit2.o)
    0x0800027c   0x0000000c   Code   RO         1656    .ARM.Collect$$libinit$$00000012  c_w.l(libinit2.o)
    0x08000288   0x00000000   Code   RO         1657    .ARM.Collect$$libinit$$00000013  c_w.l(libinit2.o)
    0x08000288   0x00000000   Code   RO         1659    .ARM.Collect$$libinit$$00000015  c_w.l(libinit2.o)
    0x08000288   0x0000000a   Code   RO         1660    .ARM.Collect$$libinit$$00000016  c_w.l(libinit2.o)
    0x08000292   0x00000000   Code   RO         1661    .ARM.Collect$$libinit$$00000017  c_w.l(libinit2.o)
    0x08000292   0x00000000   Code   RO         1663    .ARM.Collect$$libinit$$00000019  c_w.l(libinit2.o)
    0x08000292   0x00000000   Code   RO         1665    .ARM.Collect$$libinit$$0000001B  c_w.l(libinit2.o)
    0x08000292   0x00000000   Code   RO         1667    .ARM.Collect$$libinit$$0000001D  c_w.l(libinit2.o)
    0x08000292   0x00000000   Code   RO         1669    .ARM.Collect$$libinit$$0000001F  c_w.l(libinit2.o)
    0x08000292   0x00000000   Code   RO         1671    .ARM.Collect$$libinit$$00000021  c_w.l(libinit2.o)
    0x08000292   0x00000000   Code   RO         1673    .ARM.Collect$$libinit$$00000023  c_w.l(libinit2.o)
    0x08000292   0x00000000   Code   RO         1675    .ARM.Collect$$libinit$$00000025  c_w.l(libinit2.o)
    0x08000292   0x00000000   Code   RO         1679    .ARM.Collect$$libinit$$0000002C  c_w.l(libinit2.o)
    0x08000292   0x00000000   Code   RO         1681    .ARM.Collect$$libinit$$0000002E  c_w.l(libinit2.o)
    0x08000292   0x00000000   Code   RO         1683    .ARM.Collect$$libinit$$00000030  c_w.l(libinit2.o)
    0x08000292   0x00000000   Code   RO         1685    .ARM.Collect$$libinit$$00000032  c_w.l(libinit2.o)
    0x08000292   0x00000002   Code   RO         1686    .ARM.Collect$$libinit$$00000033  c_w.l(libinit2.o)
    0x08000294   0x00000002   Code   RO         1735    .ARM.Collect$$libshutdown$$00000000  c_w.l(libshutdown.o)
    0x08000296   0x00000000   Code   RO         1755    .ARM.Collect$$libshutdown$$00000003  c_w.l(libshutdown2.o)
    0x08000296   0x00000000   Code   RO         1758    .ARM.Collect$$libshutdown$$00000006  c_w.l(libshutdown2.o)
    0x08000296   0x00000000   Code   RO         1761    .ARM.Collect$$libshutdown$$00000009  c_w.l(libshutdown2.o)
    0x08000296   0x00000000   Code   RO         1763    .ARM.Collect$$libshutdown$$0000000B  c_w.l(libshutdown2.o)
    0x08000296   0x00000000   Code   RO         1766    .ARM.Collect$$libshutdown$$0000000E  c_w.l(libshutdown2.o)
    0x08000296   0x00000002   Code   RO         1767    .ARM.Collect$$libshutdown$$0000000F  c_w.l(libshutdown2.o)
    0x08000298   0x00000000   Code   RO         1423    .ARM.Collect$$rtentry$$00000000  c_w.l(__rtentry.o)
    0x08000298   0x00000000   Code   RO         1543    .ARM.Collect$$rtentry$$00000002  c_w.l(__rtentry2.o)
    0x08000298   0x00000006   Code   RO         1555    .ARM.Collect$$rtentry$$00000004  c_w.l(__rtentry4.o)
    0x0800029e   0x00000000   Code   RO         1545    .ARM.Collect$$rtentry$$00000009  c_w.l(__rtentry2.o)
    0x0800029e   0x00000004   Code   RO         1546    .ARM.Collect$$rtentry$$0000000A  c_w.l(__rtentry2.o)
    0x080002a2   0x00000000   Code   RO         1548    .ARM.Collect$$rtentry$$0000000C  c_w.l(__rtentry2.o)
    0x080002a2   0x00000008   Code   RO         1549    .ARM.Collect$$rtentry$$0000000D  c_w.l(__rtentry2.o)
    0x080002aa   0x00000002   Code   RO         1691    .ARM.Collect$$rtexit$$00000000  c_w.l(rtexit.o)
    0x080002ac   0x00000000   Code   RO         1707    .ARM.Collect$$rtexit$$00000002  c_w.l(rtexit2.o)
    0x080002ac   0x00000004   Code   RO         1708    .ARM.Collect$$rtexit$$00000003  c_w.l(rtexit2.o)
    0x080002b0   0x00000006   Code   RO         1709    .ARM.Collect$$rtexit$$00000004  c_w.l(rtexit2.o)
    0x080002b6   0x00000002   PAD
    0x080002b8   0x00000de8   Code   RO            1    .text               main.o
    0x080010a0   0x0000000e   Code   RO          210    .text               stm32f10x_it.o
    0x080010ae   0x00000002   PAD
    0x080010b0   0x00000158   Code   RO          242    .text               system_stm32f10x.o
    0x08001208   0x00000054   Code   RO          260    .text               led.o
    0x0800125c   0x00000100   Code   RO          272    .text               key.o
    0x0800135c   0x000004a8   Code   RO          285    .text               mmc_sd.o
    0x08001804   0x000000e0   Code   RO          311    .text               spi.o
    0x080018e4   0x00000328   Code   RO          326    .text               flash.o
    0x08001c0c   0x00000134   Code   RO          346    .text               sim808.o
    0x08001d40   0x000000c0   Code   RO          359    .text               timer.o
    0x08001e00   0x000002c0   Code   RO          372    .text               mpu6050.o
    0x080020c0   0x00000224   Code   RO          385    .text               mpuiic.o
    0x080022e4   0x000019fc   Code   RO          398    .text               inv_mpu.o
    0x08003ce0   0x00000a4c   Code   RO          425    .text               inv_mpu_dmp_motion_driver.o
    0x0800472c   0x00000118   Code   RO          447    .text               delay.o
    0x08004844   0x00000120   Code   RO          479    .text               usart.o
    0x08004964   0x000002b0   Code   RO          503    .text               usart2.o
    0x08004c14   0x00000040   Code   RO          543    .text               startup_stm32f10x_hd.o
    0x08004c54   0x000000b0   Code   RO          547    .text               misc.o
    0x08004d04   0x00000264   Code   RO          559    .text               stm32f10x_gpio.o
    0x08004f68   0x00000328   Code   RO          571    .text               stm32f10x_usart.o
    0x08005290   0x000002b8   Code   RO          583    .text               stm32f10x_rcc.o
    0x08005548   0x00000274   Code   RO          597    .text               stm32f10x_spi.o
    0x080057bc   0x00000af0   Code   RO          609    .text               stm32f10x_tim.o
    0x080062ac   0x000001c8   Code   RO          622    .text               stm32f10x_dma.o
    0x08006474   0x00000068   Code   RO          634    .text               bsp.o
    0x080064dc   0x000001bc   Code   RO          650    .text               cpu_core.o
    0x08006698   0x00000034   Code   RO          690    .text               cpu_a.o
    0x080066cc   0x0000015a   Code   RO          693    .text               lib_ascii.o
    0x08006826   0x00000002   PAD
    0x08006828   0x00000668   Code   RO          728    .text               lib_mem.o
    0x08006e90   0x000005a8   Code   RO          747    .text               lib_str.o
    0x08007438   0x00000220   Code   RO          765    .text               lib_mem_a.o
    0x08007658   0x00000002   Code   RO          768    .text               os_cfg_app.o
    0x0800765a   0x00000002   PAD
    0x0800765c   0x00000adc   Code   RO          800    .text               os_core.o
    0x08008138   0x00000002   Code   RO          813    .text               os_dbg.o
    0x0800813a   0x00000002   PAD
    0x0800813c   0x00000768   Code   RO          829    .text               os_flag.o
    0x080088a4   0x00000328   Code   RO          842    .text               os_int.o
    0x08008bcc   0x00000174   Code   RO          854    .text               os_mem.o
    0x08008d40   0x00000188   Code   RO          866    .text               os_msg.o
    0x08008ec8   0x000006e4   Code   RO          878    .text               os_mutex.o
    0x080095ac   0x00000070   Code   RO          897    .text               os_prio.o
    0x0800961c   0x00000610   Code   RO          916    .text               os_q.o
    0x08009c2c   0x00000554   Code   RO          929    .text               os_sem.o
    0x0800a180   0x00000400   Code   RO          942    .text               os_stat.o
    0x0800a580   0x00000f2c   Code   RO          954    .text               os_task.o
    0x0800b4ac   0x00000350   Code   RO          966    .text               os_tick.o
    0x0800b7fc   0x00000310   Code   RO          979    .text               os_time.o
    0x0800bb0c   0x0000065c   Code   RO          991    .text               os_tmr.o
    0x0800c168   0x00000188   Code   RO         1082    .text               os_cpu_c.o
    0x0800c2f0   0x00000184   Code   RO         1115    .text               diskio.o
    0x0800c474   0x000028e4   Code   RO         1141    .text               ff.o
    0x0800ed58   0x000000cc   Code   RO         1160    .text               cc936.o
    0x0800ee24   0x00000120   Code   RO         1183    .text               exfuns.o
    0x0800ef44   0x00000150   Code   RO         1217    .text               malloc.o
    0x0800f094   0x00000002   Code   RO         1243    .text               c_w.l(use_no_semi_2.o)
    0x0800f096   0x000000ee   Code   RO         1245    .text               c_w.l(lludivv7m.o)
    0x0800f184   0x00000048   Code   RO         1247    .text               c_w.l(llsdiv.o)
    0x0800f1cc   0x00000024   Code   RO         1249    .text               c_w.l(c89vsprintf.o)
    0x0800f1f0   0x00000018   Code   RO         1251    .text               c_w.l(__2printf.o)
    0x0800f208   0x0000002c   Code   RO         1253    .text               c_w.l(__2sprintf.o)
    0x0800f234   0x0000004e   Code   RO         1261    .text               c_w.l(_printf_pad.o)
    0x0800f282   0x00000052   Code   RO         1263    .text               c_w.l(_printf_str.o)
    0x0800f2d4   0x00000078   Code   RO         1265    .text               c_w.l(_printf_dec.o)
    0x0800f34c   0x00000094   Code   RO         1285    .text               c_w.l(_printf_hex_int_ll_ptr.o)
    0x0800f3e0   0x00000188   Code   RO         1305    .text               c_w.l(__printf_flags_ss_wp.o)
    0x0800f568   0x00000024   Code   RO         1313    .text               c_w.l(strstr.o)
    0x0800f58c   0x00000058   Code   RO         1315    .text               c_w.l(memcmp.o)
    0x0800f5e4   0x00000048   Code   RO         1317    .text               c_w.l(strcpy.o)
    0x0800f62c   0x0000003e   Code   RO         1319    .text               c_w.l(strlen.o)
    0x0800f66a   0x00000018   Code   RO         1321    .text               c_w.l(strcat.o)
    0x0800f682   0x00000010   Code   RO         1323    .text               c_w.l(aeabi_memset.o)
    0x0800f692   0x0000004e   Code   RO         1325    .text               c_w.l(rt_memclr_w.o)
    0x0800f6e0   0x00000080   Code   RO         1327    .text               c_w.l(strcmpv7m.o)
    0x0800f760   0x00000006   Code   RO         1329    .text               c_w.l(heapauxi.o)
    0x0800f766   0x00000002   Code   RO         1421    .text               c_w.l(use_no_semi.o)
    0x0800f768   0x00000016   Code   RO         1428    .text               c_w.l(_rserrno.o)
    0x0800f77e   0x00000024   Code   RO         1430    .text               c_w.l(_printf_truncate.o)
    0x0800f7a2   0x000000b2   Code   RO         1432    .text               c_w.l(_printf_intcommon.o)
    0x0800f854   0x00000028   Code   RO         1434    .text               c_w.l(_printf_charcount.o)
    0x0800f87c   0x0000041a   Code   RO         1436    .text               c_w.l(_printf_fp_dec.o)
    0x0800fc96   0x00000002   PAD
    0x0800fc98   0x00000030   Code   RO         1438    .text               c_w.l(_printf_char_common.o)
    0x0800fcc8   0x0000000a   Code   RO         1440    .text               c_w.l(_sputc.o)
    0x0800fcd2   0x0000002c   Code   RO         1442    .text               c_w.l(_printf_char.o)
    0x0800fcfe   0x00000002   PAD
    0x0800fd00   0x00000024   Code   RO         1444    .text               c_w.l(_printf_char_file.o)
    0x0800fd24   0x000000bc   Code   RO         1446    .text               c_w.l(_printf_wctomb.o)
    0x0800fde0   0x0000007c   Code   RO         1449    .text               c_w.l(_printf_longlong_dec.o)
    0x0800fe5c   0x00000070   Code   RO         1455    .text               c_w.l(_printf_oct_int_ll.o)
    0x0800fecc   0x00000044   Code   RO         1476    .text               c_w.l(rt_memclr.o)
    0x0800ff10   0x00000008   Code   RO         1562    .text               c_w.l(rt_locale_intlibspace.o)
    0x0800ff18   0x00000008   Code   RO         1567    .text               c_w.l(rt_errno_addr_intlibspace.o)
    0x0800ff20   0x0000008a   Code   RO         1569    .text               c_w.l(lludiv10.o)
    0x0800ffaa   0x00000002   PAD
    0x0800ffac   0x00000080   Code   RO         1571    .text               c_w.l(_printf_fp_infnan.o)
    0x0801002c   0x0000002c   Code   RO         1575    .text               c_w.l(_printf_wchar.o)
    0x08010058   0x000000dc   Code   RO         1577    .text               c_w.l(bigflt0.o)
    0x08010134   0x00000008   Code   RO         1602    .text               c_w.l(ferror.o)
    0x0801013c   0x00000040   Code   RO         1606    .text               c_w.l(_wcrtomb.o)
    0x0801017c   0x00000008   Code   RO         1623    .text               c_w.l(libspace.o)
    0x08010184   0x0000004a   Code   RO         1626    .text               c_w.l(sys_stackheap_outer.o)
    0x080101ce   0x00000002   PAD
    0x080101d0   0x00000010   Code   RO         1628    .text               c_w.l(rt_ctype_table.o)
    0x080101e0   0x0000000c   Code   RO         1630    .text               c_w.l(exit.o)
    0x080101ec   0x0000003e   Code   RO         1580    CL$$btod_d2e        c_w.l(btod.o)
    0x0801022a   0x00000046   Code   RO         1582    CL$$btod_d2e_denorm_low  c_w.l(btod.o)
    0x08010270   0x00000060   Code   RO         1581    CL$$btod_d2e_norm_op1  c_w.l(btod.o)
    0x080102d0   0x00000338   Code   RO         1590    CL$$btod_div_common  c_w.l(btod.o)
    0x08010608   0x000000c6   Code   RO         1587    CL$$btod_e2e        c_w.l(btod.o)
    0x080106ce   0x00000028   Code   RO         1584    CL$$btod_ediv       c_w.l(btod.o)
    0x080106f6   0x00000028   Code   RO         1583    CL$$btod_emul       c_w.l(btod.o)
    0x0801071e   0x00000244   Code   RO         1589    CL$$btod_mult_common  c_w.l(btod.o)
    0x08010962   0x00000002   PAD
    0x08010964   0x00000098   Code   RO         1079    CODE                os_cpu_a.o
    0x080109fc   0x00000028   Code   RO         1518    i.__ARM_fpclassify  m_ws.l(fpclassify.o)
    0x08010a24   0x00000388   Code   RO         1523    i.__ieee754_rem_pio2  m_ws.l(rred.o)
    0x08010dac   0x000000fc   Code   RO         1501    i.__kernel_cos      m_ws.l(cos_i.o)
    0x08010ea8   0x000000aa   Code   RO         1520    i.__kernel_poly     m_ws.l(poly.o)
    0x08010f52   0x00000002   PAD
    0x08010f54   0x000000ec   Code   RO         1528    i.__kernel_sin      m_ws.l(sin_i.o)
    0x08011040   0x00000006   Code   RO         1505    i.__mathlib_dbl_infnan  m_ws.l(dunder.o)
    0x08011046   0x00000004   Code   RO         1506    i.__mathlib_dbl_infnan2  m_ws.l(dunder.o)
    0x0801104a   0x0000000c   Code   RO         1507    i.__mathlib_dbl_invalid  m_ws.l(dunder.o)
    0x08011056   0x00000002   PAD
    0x08011058   0x00000010   Code   RO         1510    i.__mathlib_dbl_underflow  m_ws.l(dunder.o)
    0x08011068   0x0000000e   Code   RO         1298    i._is_digit         c_w.l(__printf_wp.o)
    0x08011076   0x00000002   PAD
    0x08011078   0x00000270   Code   RO         1388    i.asin              m_ws.l(asin.o)
    0x080112e8   0x00000220   Code   RO         1492    i.atan              m_ws.l(atan.o)
    0x08011508   0x00000180   Code   RO         1398    i.atan2             m_ws.l(atan2.o)
    0x08011688   0x0000009c   Code   RO         1406    i.cos               m_ws.l(cos.o)
    0x08011724   0x000000a0   Code   RO         1414    i.sin               m_ws.l(sin.o)
    0x080117c4   0x0000004c   Code   RO         1535    i.sqrt              m_ws.l(sqrt.o)
    0x08011810   0x0000002c   Code   RO         1609    locale$$code        c_w.l(lc_numeric_c.o)
    0x0801183c   0x0000002c   Code   RO         1696    locale$$code        c_w.l(lc_ctype_c.o)
    0x08011868   0x00000062   Code   RO         1333    x$fpl$d2f           fz_ws.l(d2f.o)
    0x080118ca   0x00000002   PAD
    0x080118cc   0x00000150   Code   RO         1335    x$fpl$dadd          fz_ws.l(daddsub_clz.o)
    0x08011a1c   0x00000010   Code   RO         1478    x$fpl$dcheck1       fz_ws.l(dcheck1.o)
    0x08011a2c   0x000002b0   Code   RO         1342    x$fpl$ddiv          fz_ws.l(ddiv.o)
    0x08011cdc   0x0000005e   Code   RO         1611    x$fpl$dfix          fz_ws.l(dfix.o)
    0x08011d3a   0x0000002e   Code   RO         1346    x$fpl$dflt          fz_ws.l(dflt_clz.o)
    0x08011d68   0x00000026   Code   RO         1345    x$fpl$dfltu         fz_ws.l(dflt_clz.o)
    0x08011d8e   0x00000002   PAD
    0x08011d90   0x00000154   Code   RO         1351    x$fpl$dmul          fz_ws.l(dmul.o)
    0x08011ee4   0x0000009c   Code   RO         1480    x$fpl$dnaninf       fz_ws.l(dnaninf.o)
    0x08011f80   0x0000000c   Code   RO         1482    x$fpl$dretinf       fz_ws.l(dretinf.o)
    0x08011f8c   0x00000016   Code   RO         1336    x$fpl$drsb          fz_ws.l(daddsub_clz.o)
    0x08011fa2   0x00000002   PAD
    0x08011fa4   0x000001cc   Code   RO         1617    x$fpl$dsqrt         fz_ws.l(dsqrt_noumaal.o)
    0x08012170   0x000001d4   Code   RO         1337    x$fpl$dsub          fz_ws.l(daddsub_clz.o)
    0x08012344   0x00000056   Code   RO         1353    x$fpl$f2d           fz_ws.l(f2d.o)
    0x0801239a   0x00000002   PAD
    0x0801239c   0x000000c4   Code   RO         1355    x$fpl$fadd          fz_ws.l(faddsub_clz.o)
    0x08012460   0x0000000c   Code   RO         1484    x$fpl$fcheck1       fz_ws.l(fcheck1.o)
    0x0801246c   0x00000184   Code   RO         1362    x$fpl$fdiv          fz_ws.l(fdiv.o)
    0x080125f0   0x00000036   Code   RO         1365    x$fpl$ffix          fz_ws.l(ffix.o)
    0x08012626   0x00000002   PAD
    0x08012628   0x0000003e   Code   RO         1369    x$fpl$ffixu         fz_ws.l(ffixu.o)
    0x08012666   0x00000002   PAD
    0x08012668   0x00000030   Code   RO         1374    x$fpl$fflt          fz_ws.l(fflt_clz.o)
    0x08012698   0x00000026   Code   RO         1373    x$fpl$ffltu         fz_ws.l(fflt_clz.o)
    0x080126be   0x00000002   PAD
    0x080126c0   0x00000102   Code   RO         1379    x$fpl$fmul          fz_ws.l(fmul.o)
    0x080127c2   0x0000008c   Code   RO         1486    x$fpl$fnaninf       fz_ws.l(fnaninf.o)
    0x0801284e   0x0000000a   Code   RO         1488    x$fpl$fretinf       fz_ws.l(fretinf.o)
    0x08012858   0x000000ea   Code   RO         1357    x$fpl$fsub          fz_ws.l(faddsub_clz.o)
    0x08012942   0x00000004   Code   RO         1381    x$fpl$printf1       fz_ws.l(printf1.o)
    0x08012946   0x00000064   Code   RO         1621    x$fpl$retnan        fz_ws.l(retnan.o)
    0x080129aa   0x0000005c   Code   RO         1383    x$fpl$scalbn        fz_ws.l(scalbn.o)
    0x08012a06   0x0000004c   Code   RO         1385    x$fpl$scalbnf       fz_ws.l(scalbnf.o)
    0x08012a52   0x00000030   Code   RO         1689    x$fpl$trapveneer    fz_ws.l(trapv.o)
    0x08012a82   0x00000000   Code   RO         1490    x$fpl$usenofp       fz_ws.l(usenofp.o)
    0x08012a82   0x0000001b   Data   RO          399    .constdata          inv_mpu.o
    0x08012a9d   0x00000001   PAD
    0x08012a9e   0x0000000c   Data   RO          400    .constdata          inv_mpu.o
    0x08012aaa   0x00000002   PAD
    0x08012aac   0x00000028   Data   RO          401    .constdata          inv_mpu.o
    0x08012ad4   0x00000bf6   Data   RO          427    .constdata          inv_mpu_dmp_motion_driver.o
    0x080136ca   0x00000100   Data   RO          652    .constdata          cpu_core.o
    0x080137ca   0x00000002   PAD
    0x080137cc   0x00000094   Data   RO          748    .constdata          lib_str.o
    0x08013860   0x00000094   Data   RO          779    .constdata          os_cfg_app.o
    0x080138f4   0x0000003a   Data   RO         1142    .constdata          ff.o
    0x0801392e   0x0002abb6   Data   RO         1161    .constdata          cc936.o
    0x0803e4e4   0x00000028   Data   RO         1286    .constdata          c_w.l(_printf_hex_int_ll_ptr.o)
    0x0803e50c   0x00000011   Data   RO         1306    .constdata          c_w.l(__printf_flags_ss_wp.o)
    0x0803e51d   0x00000003   PAD
    0x0803e520   0x00000050   Data   RO         1389    .constdata          m_ws.l(asin.o)
    0x0803e570   0x00000008   Data   RO         1447    .constdata          c_w.l(_printf_wctomb.o)
    0x0803e578   0x00000098   Data   RO         1493    .constdata          m_ws.l(atan.o)
    0x0803e610   0x00000030   Data   RO         1502    .constdata          m_ws.l(cos_i.o)
    0x0803e640   0x00000008   Data   RO         1522    .constdata          m_ws.l(qnan.o)
    0x0803e648   0x000000c8   Data   RO         1525    .constdata          m_ws.l(rred.o)
    0x0803e710   0x00000028   Data   RO         1529    .constdata          m_ws.l(sin_i.o)
    0x0803e738   0x00000094   Data   RO         1578    .constdata          c_w.l(bigflt0.o)
    0x0803e7cc   0x0000002a   Data   RO            5    .conststring        main.o
    0x0803e7f6   0x00000002   PAD
    0x0803e7f8   0x0000004d   Data   RO          402    .conststring        inv_mpu.o
    0x0803e845   0x00000003   PAD
    0x0803e848   0x00000064   Data   RO         1186    .conststring        exfuns.o
    0x0803e8ac   0x00000020   Data   RO         1768    Region$$Table       anon$$obj.o
    0x0803e8cc   0x0000001c   Data   RO         1608    locale$$data        c_w.l(lc_numeric_c.o)
    0x0803e8e8   0x00000110   Data   RO         1695    locale$$data        c_w.l(lc_ctype_c.o)


    Execution Region RW_IRAM1 (Base: 0x20000000, Size: 0x00009d28, Max: 0x0000c000, ABSOLUTE, COMPRESSED[0x00000098])

    Base Addr    Size         Type   Attr      Idx    E Section Name        Object

    0x20000000   0x00000034   Data   RW            6    .data               main.o
    0x20000034   0x00000001   Data   RW            7    .data               main.o
    0x20000035   0x00000001   Data   RW            9    .data               main.o
    0x20000036   0x00000002   Data   RW           10    .data               main.o
    0x20000038   0x00000001   Data   RW           18    .data               main.o
    0x20000039   0x00000003   PAD
    0x2000003c   0x00000014   Data   RW          243    .data               system_stm32f10x.o
    0x20000050   0x00000001   Data   RW          273    .data               key.o
    0x20000051   0x00000001   Data   RW          286    .data               mmc_sd.o
    0x20000052   0x00000002   Data   RW          328    .data               flash.o
    0x20000054   0x00000035   Data   RW          403    .data               inv_mpu.o
    0x20000089   0x00000001   PAD
    0x2000008a   0x00000004   Data   RW          448    .data               delay.o
    0x2000008e   0x00000002   Data   RW          481    .data               usart.o
    0x20000090   0x00000004   Data   RW          482    .data               usart.o
    0x20000094   0x00000002   Data   RW          505    .data               usart2.o
    0x20000096   0x00000014   Data   RW          584    .data               stm32f10x_rcc.o
    0x200000aa   0x00000002   PAD
    0x200000ac   0x00000004   Data   RW          654    .data               cpu_core.o
    0x200000b0   0x00000004   Data   RW          730    .data               lib_mem.o
    0x200000b4   0x00000008   Data   RW          898    .data               os_prio.o
    0x200000bc   0x00000004   Data   RW         1010    .data               os_var.o
    0x200000c0   0x00000004   Data   RW         1011    .data               os_var.o
    0x200000c4   0x00000004   Data   RW         1012    .data               os_var.o
    0x200000c8   0x00000004   Data   RW         1013    .data               os_var.o
    0x200000cc   0x00000004   Data   RW         1014    .data               os_var.o
    0x200000d0   0x00000004   Data   RW         1015    .data               os_var.o
    0x200000d4   0x00000004   Data   RW         1016    .data               os_var.o
    0x200000d8   0x00000004   Data   RW         1017    .data               os_var.o
    0x200000dc   0x00000001   Data   RW         1018    .data               os_var.o
    0x200000dd   0x00000001   Data   RW         1019    .data               os_var.o
    0x200000de   0x00000002   PAD
    0x200000e0   0x00000004   Data   RW         1020    .data               os_var.o
    0x200000e4   0x00000004   Data   RW         1021    .data               os_var.o
    0x200000e8   0x00000002   Data   RW         1022    .data               os_var.o
    0x200000ea   0x00000002   Data   RW         1023    .data               os_var.o
    0x200000ec   0x00000002   Data   RW         1024    .data               os_var.o
    0x200000ee   0x00000002   PAD
    0x200000f0   0x00000004   Data   RW         1025    .data               os_var.o
    0x200000f4   0x00000004   Data   RW         1026    .data               os_var.o
    0x200000f8   0x00000002   Data   RW         1027    .data               os_var.o
    0x200000fa   0x00000002   PAD
    0x200000fc   0x00000004   Data   RW         1028    .data               os_var.o
    0x20000100   0x00000002   Data   RW         1029    .data               os_var.o
    0x20000102   0x00000002   PAD
    0x20000104   0x00000004   Data   RW         1030    .data               os_var.o
    0x20000108   0x00000002   Data   RW         1031    .data               os_var.o
    0x2000010a   0x00000001   Data   RW         1032    .data               os_var.o
    0x2000010b   0x00000001   Data   RW         1033    .data               os_var.o
    0x2000010c   0x00000001   Data   RW         1034    .data               os_var.o
    0x2000010d   0x00000003   PAD
    0x20000110   0x00000004   Data   RW         1035    .data               os_var.o
    0x20000114   0x00000002   Data   RW         1036    .data               os_var.o
    0x20000116   0x00000002   PAD
    0x20000118   0x00000004   Data   RW         1037    .data               os_var.o
    0x2000011c   0x00000004   Data   RW         1038    .data               os_var.o
    0x20000120   0x00000004   Data   RW         1039    .data               os_var.o
    0x20000124   0x00000001   Data   RW         1040    .data               os_var.o
    0x20000125   0x00000003   PAD
    0x20000128   0x00000004   Data   RW         1041    .data               os_var.o
    0x2000012c   0x00000001   Data   RW         1042    .data               os_var.o
    0x2000012d   0x00000003   PAD
    0x20000130   0x00000004   Data   RW         1043    .data               os_var.o
    0x20000134   0x00000002   Data   RW         1044    .data               os_var.o
    0x20000136   0x00000001   Data   RW         1045    .data               os_var.o
    0x20000137   0x00000001   PAD
    0x20000138   0x00000002   Data   RW         1046    .data               os_var.o
    0x2000013a   0x00000002   Data   RW         1047    .data               os_var.o
    0x2000013c   0x00000004   Data   RW         1048    .data               os_var.o
    0x20000140   0x00000004   Data   RW         1049    .data               os_var.o
    0x20000144   0x00000004   Data   RW         1050    .data               os_var.o
    0x20000148   0x00000001   Data   RW         1051    .data               os_var.o
    0x20000149   0x00000003   PAD
    0x2000014c   0x00000004   Data   RW         1052    .data               os_var.o
    0x20000150   0x00000004   Data   RW         1053    .data               os_var.o
    0x20000154   0x00000004   Data   RW         1054    .data               os_var.o
    0x20000158   0x00000002   Data   RW         1055    .data               os_var.o
    0x2000015a   0x00000001   Data   RW         1056    .data               os_var.o
    0x2000015b   0x00000001   PAD
    0x2000015c   0x00000004   Data   RW         1057    .data               os_var.o
    0x20000160   0x00000004   Data   RW         1058    .data               os_var.o
    0x20000164   0x00000004   Data   RW         1059    .data               os_var.o
    0x20000168   0x00000002   Data   RW         1060    .data               os_var.o
    0x2000016a   0x00000002   PAD
    0x2000016c   0x00000004   Data   RW         1061    .data               os_var.o
    0x20000170   0x00000004   Data   RW         1062    .data               os_var.o
    0x20000174   0x00000004   Data   RW         1063    .data               os_var.o
    0x20000178   0x00000004   Data   RW         1064    .data               os_var.o
    0x2000017c   0x00000004   Data   RW         1065    .data               os_var.o
    0x20000180   0x00000004   Data   RW         1066    .data               os_var.o
    0x20000184   0x00000004   Data   RW         1083    .data               os_cpu_c.o
    0x20000188   0x00000002   Data   RW         1116    .data               diskio.o
    0x2000018a   0x00000002   PAD
    0x2000018c   0x0000000c   Data   RW         1143    .data               ff.o
    0x20000198   0x0000014c   Data   RW         1187    .data               exfuns.o
    0x200002e4   0x00000004   Data   RW         1188    .data               exfuns.o
    0x200002e8   0x00000014   Data   RW         1223    .data               malloc.o
    0x200002fc   0x00000004   PAD
    0x20000300   0x000007d8   Zero   RW            2    .bss                main.o
    0x20000ad8   0x00000012   Zero   RW          312    .bss                spi.o
    0x20000aea   0x00001000   Zero   RW          327    .bss                flash.o
    0x20001aea   0x00000002   PAD
    0x20001aec   0x00000010   Zero   RW          426    .bss                inv_mpu_dmp_motion_driver.o
    0x20001afc   0x000000c8   Zero   RW          480    .bss                usart.o
    0x20001bc4   0x00000004   PAD
    0x20001bc8   0x000001f4   Zero   RW          504    .bss                usart2.o
    0x20001dbc   0x00000010   Zero   RW          651    .bss                cpu_core.o
    0x20001dcc   0x00000448   Zero   RW          729    .bss                lib_mem.o
    0x20002214   0x00000200   Zero   RW          769    .bss                os_cfg_app.o
    0x20002414   0x00000140   Zero   RW          770    .bss                os_cfg_app.o
    0x20002554   0x00000200   Zero   RW          771    .bss                os_cfg_app.o
    0x20002754   0x00000200   Zero   RW          772    .bss                os_cfg_app.o
    0x20002954   0x00000640   Zero   RW          773    .bss                os_cfg_app.o
    0x20002f94   0x00000200   Zero   RW          774    .bss                os_cfg_app.o
    0x20003194   0x00000200   Zero   RW          775    .bss                os_cfg_app.o
    0x20003394   0x00000088   Zero   RW          776    .bss                os_cfg_app.o
    0x2000341c   0x00000200   Zero   RW          777    .bss                os_cfg_app.o
    0x2000361c   0x00000088   Zero   RW          778    .bss                os_cfg_app.o
    0x200036a4   0x000000c4   Zero   RW         1003    .bss                os_var.o
    0x20003768   0x000000c4   Zero   RW         1004    .bss                os_var.o
    0x2000382c   0x0000000c   Zero   RW         1005    .bss                os_var.o
    0x20003838   0x00000300   Zero   RW         1006    .bss                os_var.o
    0x20003b38   0x000000c4   Zero   RW         1007    .bss                os_var.o
    0x20003bfc   0x000000c4   Zero   RW         1008    .bss                os_var.o
    0x20003cc0   0x000000c4   Zero   RW         1009    .bss                os_var.o
    0x20003d84   0x00005400   Zero   RW         1218    .bss                malloc.o
    0x20009184   0x00000540   Zero   RW         1219    .bss                malloc.o
    0x200096c4   0x00000060   Zero   RW         1624    .bss                c_w.l(libspace.o)
    0x20009724   0x00000004   PAD
    0x20009728   0x00000200   Zero   RW          541    HEAP                startup_stm32f10x_hd.o
    0x20009928   0x00000400   Zero   RW          540    STACK               startup_stm32f10x_hd.o


==============================================================================

Image component sizes


      Code (inc. data)   RO Data    RW Data    ZI Data      Debug   Object Name

       104         12          0          0          0       1717   bsp.o
       204         28     175030          0          0       2369   cc936.o
        52          0          0          0          0        324   cpu_a.o
       444         12        256          4         16      13893   cpu_core.o
       280         28          0          4          0       2379   delay.o
       388         14          0          2          0       3890   diskio.o
       288          4        100        336          0       2570   exfuns.o
     10468        132         58         12          0      39636   ff.o
       808         16          0          2       4096       4627   flash.o
      6652        180        156         53          0      23991   inv_mpu.o
      2636        118       3062          0         16      15069   inv_mpu_dmp_motion_driver.o
       256         16          0          1          0        864   key.o
        84         10          0          0          0        487   led.o
       346          0          0          0          0       4170   lib_ascii.o
      1640         26          0          4       1096      21912   lib_mem.o
       544          0          0          0          0        468   lib_mem_a.o
      1448          4        148          0          0      12308   lib_str.o
      3560       1042         42         57       2008     318935   main.o
       336          4          0         20      22848       3991   malloc.o
       176         14          0          0          0       1813   misc.o
      1192         18          0          1          0       6520   mmc_sd.o
       704         16          0          0          0       4085   mpu6050.o
       548          8          0          0          0       2804   mpuiic.o
         2          0        148          0       5264      20778   os_cfg_app.o
      2780        268          0          0          0      12919   os_core.o
       152         32          0          0          0        380   os_cpu_a.o
       392         64          0          4          0       3473   os_cpu_c.o
         2          0          0          0          0        446   os_dbg.o
      1896         80          0          0          0       7725   os_flag.o
       808        146          0          0          0       2576   os_int.o
       372         20          0          0          0       2500   os_mem.o
       392         14          0          0          0       2943   os_msg.o
      1764         92          0          0          0       5832   os_mutex.o
       112          6          0          8          0       1800   os_prio.o
      1552         66          0          0          0       6326   os_q.o
      1364         58          0          0          0       6190   os_sem.o
      1024        146          0          0          0       2925   os_stat.o
      3884        216          0          0          0      14726   os_task.o
       848         82          0          0          0       3619   os_tick.o
       784         42          0          0          0       3329   os_time.o
      1628        128          0          0          0       6546   os_tmr.o
         0          0          0        174       1760      19317   os_var.o
       308         92          0          0          0       1870   sim808.o
       224         12          0          0         18       1241   spi.o
        64         26        304          0       1536        780   startup_stm32f10x_hd.o
       456         10          0          0          0       4454   stm32f10x_dma.o
       612         36          0          0          0       5761   stm32f10x_gpio.o
        14          0          0          0          0        955   stm32f10x_it.o
       696         32          0         20          0       8640   stm32f10x_rcc.o
       628         14          0          0          0       6670   stm32f10x_spi.o
      2800         84          0          0          0      22882   stm32f10x_tim.o
       808         22          0          0          0       8528   stm32f10x_usart.o
         0          0          0          0          0         32   sys.o
       344         34          0         20          0       1731   system_stm32f10x.o
       192         20          0          0          0        729   timer.o
       288         18          0          6        200       3194   usart.o
       688         26          0          2        500       4238   usart2.o

    ----------------------------------------------------------------------
     61044       3588     179346        764      39368     684877   Object Totals
         0          0         32          0          0          0   (incl. Generated)
         8          0         10         34         10          0   (incl. Padding)

    ----------------------------------------------------------------------

      Code (inc. data)   RO Data    RW Data    ZI Data      Debug   Library Member Name

        24          4          0          0          0         84   __2printf.o
        44          6          0          0          0         84   __2sprintf.o
        90          0          0          0          0          0   __dczerorl2.o
         8          0          0          0          0         68   __main.o
       392          4         17          0          0         92   __printf_flags_ss_wp.o
        14          0          0          0          0         68   __printf_wp.o
         0          0          0          0          0          0   __rtentry.o
        12          0          0          0          0          0   __rtentry2.o
         6          0          0          0          0          0   __rtentry4.o
        52          8          0          0          0          0   __scatter.o
        28          0          0          0          0          0   __scatter_zi.o
         6          0          0          0          0          0   _printf_a.o
         6          0          0          0          0          0   _printf_c.o
        44          0          0          0          0        108   _printf_char.o
        48          6          0          0          0         96   _printf_char_common.o
        36          4          0          0          0         80   _printf_char_file.o
        40          0          0          0          0         68   _printf_charcount.o
         6          0          0          0          0          0   _printf_d.o
       120         16          0          0          0         92   _printf_dec.o
         6          0          0          0          0          0   _printf_e.o
         6          0          0          0          0          0   _printf_f.o
      1050          0          0          0          0        216   _printf_fp_dec.o
       128         16          0          0          0         84   _printf_fp_infnan.o
         6          0          0          0          0          0   _printf_g.o
       148          4         40          0          0        160   _printf_hex_int_ll_ptr.o
         6          0          0          0          0          0   _printf_i.o
       178          0          0          0          0         88   _printf_intcommon.o
        10          0          0          0          0          0   _printf_l.o
         6          0          0          0          0          0   _printf_lc.o
        10          0          0          0          0          0   _printf_ll.o
         6          0          0          0          0          0   _printf_lld.o
         6          0          0          0          0          0   _printf_lli.o
         6          0          0          0          0          0   _printf_llo.o
         6          0          0          0          0          0   _printf_llu.o
         6          0          0          0          0          0   _printf_llx.o
       124         16          0          0          0         92   _printf_longlong_dec.o
         6          0          0          0          0          0   _printf_ls.o
         6          0          0          0          0          0   _printf_n.o
         6          0          0          0          0          0   _printf_o.o
       112          8          0          0          0        124   _printf_oct_int_ll.o
         6          0          0          0          0          0   _printf_p.o
        78          0          0          0          0        108   _printf_pad.o
         0          0          0          0          0          0   _printf_percent.o
         4          0          0          0          0          0   _printf_percent_end.o
         6          0          0          0          0          0   _printf_s.o
        82          0          0          0          0         80   _printf_str.o
        36          0          0          0          0         84   _printf_truncate.o
         6          0          0          0          0          0   _printf_u.o
        44          0          0          0          0        108   _printf_wchar.o
       188          6          8          0          0         92   _printf_wctomb.o
         6          0          0          0          0          0   _printf_x.o
        22          0          0          0          0        100   _rserrno.o
        10          0          0          0          0         68   _sputc.o
        64          0          0          0          0         92   _wcrtomb.o
        16          0          0          0          0         68   aeabi_memset.o
       220          4        148          0          0         96   bigflt0.o
      1910        128          0          0          0        672   btod.o
        36          4          0          0          0         76   c89vsprintf.o
        12          0          0          0          0         72   exit.o
         8          0          0          0          0         68   ferror.o
         6          0          0          0          0        152   heapauxi.o
        44         10        272          0          0         76   lc_ctype_c.o
        44         10         28          0          0         76   lc_numeric_c.o
         2          0          0          0          0          0   libinit.o
        30          0          0          0          0          0   libinit2.o
         2          0          0          0          0          0   libshutdown.o
         2          0          0          0          0          0   libshutdown2.o
         8          4          0          0         96         68   libspace.o
        72          0          0          0          0         76   llsdiv.o
       138          0          0          0          0         80   lludiv10.o
       238          0          0          0          0        100   lludivv7m.o
        88          0          0          0          0         76   memcmp.o
        16          4          0          0          0         76   rt_ctype_table.o
         8          4          0          0          0         68   rt_errno_addr_intlibspace.o
         8          4          0          0          0         68   rt_locale_intlibspace.o
        68          0          0          0          0         68   rt_memclr.o
        78          0          0          0          0         80   rt_memclr_w.o
         2          0          0          0          0          0   rtexit.o
        10          0          0          0          0          0   rtexit2.o
        24          0          0          0          0         68   strcat.o
       128          0          0          0          0         68   strcmpv7m.o
        72          0          0          0          0         80   strcpy.o
        62          0          0          0          0         76   strlen.o
        36          0          0          0          0         80   strstr.o
        74          0          0          0          0         80   sys_stackheap_outer.o
         2          0          0          0          0         68   use_no_semi.o
         2          0          0          0          0         68   use_no_semi_2.o
        98          4          0          0          0         92   d2f.o
       826         16          0          0          0        348   daddsub_clz.o
        16          4          0          0          0         68   dcheck1.o
       688        140          0          0          0        208   ddiv.o
        94          4          0          0          0         92   dfix.o
        84          0          0          0          0        136   dflt_clz.o
       340         12          0          0          0        104   dmul.o
       156          4          0          0          0         92   dnaninf.o
        12          0          0          0          0         68   dretinf.o
       460         56          0          0          0        120   dsqrt_noumaal.o
        86          4          0          0          0         84   f2d.o
       430          8          0          0          0        168   faddsub_clz.o
        12          4          0          0          0         68   fcheck1.o
       388         76          0          0          0         96   fdiv.o
        54          4          0          0          0         84   ffix.o
        62          4          0          0          0         84   ffixu.o
        86          0          0          0          0        136   fflt_clz.o
       258          4          0          0          0         84   fmul.o
       140          4          0          0          0         84   fnaninf.o
        10          0          0          0          0         68   fretinf.o
         4          0          0          0          0         68   printf1.o
       100          0          0          0          0         68   retnan.o
        92          0          0          0          0         68   scalbn.o
        76          0          0          0          0         68   scalbnf.o
        48          0          0          0          0         68   trapv.o
         0          0          0          0          0          0   usenofp.o
       624         52         80          0          0        168   asin.o
       544         70        152          0          0        124   atan.o
       384         38          0          0          0        144   atan2.o
       156          8          0          0          0        104   cos.o
       252         22         48          0          0        124   cos_i.o
        38          6          0          0          0        272   dunder.o
        40          0          0          0          0         68   fpclassify.o
       170          0          0          0          0         96   poly.o
         0          0          8          0          0          0   qnan.o
       904         76        200          0          0        140   rred.o
       160         10          0          0          0        108   sin.o
       236         12         40          0          0        128   sin_i.o
        76          0          0          0          0         84   sqrt.o

    ----------------------------------------------------------------------
     15070        912       1044          0        100       9224   Library Totals
        34          0          3          0          4          0   (incl. Padding)

    ----------------------------------------------------------------------

      Code (inc. data)   RO Data    RW Data    ZI Data      Debug   Library Name

      6832        270        513          0         96       5040   c_w.l
      4620        348          0          0          0       2624   fz_ws.l
      3584        294        528          0          0       1560   m_ws.l

    ----------------------------------------------------------------------
     15070        912       1044          0        100       9224   Library Totals

    ----------------------------------------------------------------------

==============================================================================


      Code (inc. data)   RO Data    RW Data    ZI Data      Debug   

     76114       4500     180390        764      39468     682709   Grand Totals
     76114       4500     180390        152      39468     682709   ELF Image Totals (compressed)
     76114       4500     180390        152          0          0   ROM Totals

==============================================================================

    Total RO  Size (Code + RO Data)               256504 ( 250.49kB)
    Total RW  Size (RW Data + ZI Data)             40232 (  39.29kB)
    Total ROM Size (Code + RO Data + RW Data)     256656 ( 250.64kB)

==============================================================================

